../X-CUBE-AI/App/aiTestUtility.h:147:20:_mon_alloc_reset	8	static
../X-CUBE-AI/App/aiTestUtility.h:361:26:cyclesCounterEnd	16	static
../X-CUBE-AI/App/aiSystemPerformance.c:257:15:user_observer_cb	32	static
../X-CUBE-AI/App/aiSystemPerformance.c:218:13:aiDeInit	8	static
../X-CUBE-AI/App/aiSystemPerformance.c:595:12:aiTestConsole	16	static
../X-CUBE-AI/App/aiSystemPerformance.c:281:6:aiObserverInit	80	static
../X-CUBE-AI/App/aiSystemPerformance.c:320:6:aiObserverDone	168	static
../X-CUBE-AI/App/aiSystemPerformance.c:629:5:aiSystemPerformanceInit	56	static
../X-CUBE-AI/App/aiSystemPerformance.c:648:5:aiSystemPerformanceProcess	152	static,ignoring_inline_asm
../X-CUBE-AI/App/aiSystemPerformance.c:725:6:aiSystemPerformanceDeInit	8	static
