../X-CUBE-AI/App/aiTestUtility.c:366:13:_put_c_buffer_cb	0	static
../X-CUBE-AI/App/aiTestUtility.c:337:13:_put_c_driver	16	static
../X-CUBE-AI/App/aiTestUtility.c:142:6:ioRawGetUint8	8	static
../X-CUBE-AI/App/aiTestUtility.c:199:6:ioRawWriteBuffer	8	static
../X-CUBE-AI/App/aiTestUtility.c:204:6:ioRawReadBuffer	8	static
../X-CUBE-AI/App/aiTestUtility.c:209:6:ioRawDisableLLWrite	0	static
../X-CUBE-AI/App/aiTestUtility.c:222:5:_write	8	static
../X-CUBE-AI/App/aiTestUtility.c:320:7:uint64ToDecimal	8	static
../X-CUBE-AI/App/aiTestUtility.c:352:6:lc_print	16	static
../X-CUBE-AI/App/aiTestUtility.c:376:8:lc_vsnprint	24	static
../X-CUBE-AI/App/aiTestUtility.c:400:7:__wrap_malloc	16	static
../X-CUBE-AI/App/aiTestUtility.c:440:6:__wrap_free	8	static
../X-CUBE-AI/App/aiTestUtility.c:493:6:stackMonInit	16	static
../X-CUBE-AI/App/aiTestUtility.c:538:5:dwtCyclesToTime	48	static
../X-CUBE-AI/App/aiTestUtility.c:555:7:dwtCyclesToFloatMs	24	static
../X-CUBE-AI/App/aiTestUtility.c:719:10:getFlashCacheConf	8	static
../X-CUBE-AI/App/aiTestUtility.c:664:6:getSysConf.part.0	8	static
../X-CUBE-AI/App/aiTestUtility.c:664:6:getSysConf	0	static
../X-CUBE-AI/App/aiTestUtility.c:821:6:systemSettingLog	48	static
