../X-CUBE-AI/App/app_x-cube-ai.c:116:26:ai_mnetwork_handle	0	static
../X-CUBE-AI/App/app_x-cube-ai.c:106:9:ai_mnetwork_is_valid.constprop	8	static
../X-CUBE-AI/App/app_x-cube-ai.c:61:6:MX_X_CUBE_AI_Init	8	static
../X-CUBE-AI/App/app_x-cube-ai.c:69:6:MX_X_CUBE_AI_Process	0	static
../X-CUBE-AI/App/app_x-cube-ai.c:139:13:ai_mnetwork_find	8	static
../X-CUBE-AI/App/app_x-cube-ai.c:156:10:ai_mnetwork_create	24	static
../X-CUBE-AI/App/app_x-cube-ai.c:198:11:ai_mnetwork_destroy	16	static
../X-CUBE-AI/App/app_x-cube-ai.c:213:9:ai_mnetwork_get_report	8	static
../X-CUBE-AI/App/app_x-cube-ai.c:224:10:ai_mnetwork_get_error	8	static
../X-CUBE-AI/App/app_x-cube-ai.c:239:9:ai_mnetwork_init	72	static
../X-CUBE-AI/App/app_x-cube-ai.c:256:8:ai_mnetwork_run	16	static
../X-CUBE-AI/App/app_x-cube-ai.c:268:8:ai_mnetwork_forward	8	static
../X-CUBE-AI/App/app_x-cube-ai.c:279:6:ai_mnetwork_get_private_handle	16	static
