Archive member included to satisfy reference by file (symbol)

../Middlewares/ST/AI/Lib\NetworkRuntime900_CM4_GCC.a(ai_platform.o)
                              ./X-CUBE-AI/App/aiSystemPerformance.o (ai_buffer_get_size)
../Middlewares/ST/AI/Lib\NetworkRuntime900_CM4_GCC.a(ai_platform_interface.o)
                              ./X-CUBE-AI/App/network.o (ai_platform_get_weights_map)
../Middlewares/ST/AI/Lib\NetworkRuntime900_CM4_GCC.a(core_common.o)
                              ../Middlewares/ST/AI/Lib\NetworkRuntime900_CM4_GCC.a(ai_platform_interface.o) (core_init)
../Middlewares/ST/AI/Lib\NetworkRuntime900_CM4_GCC.a(core_mem_manager.o)
                              ../Middlewares/ST/AI/Lib\NetworkRuntime900_CM4_GCC.a(ai_platform_interface.o) (core_mem_alloc)
../Middlewares/ST/AI/Lib\NetworkRuntime900_CM4_GCC.a(layers.o)
                              ../Middlewares/ST/AI/Lib\NetworkRuntime900_CM4_GCC.a(ai_platform_interface.o) (ai_check_custom_types)
../Middlewares/ST/AI/Lib\NetworkRuntime900_CM4_GCC.a(layers_conv2d_generic_float.o)
                              ./X-CUBE-AI/App/network.o (forward_dense)
../Middlewares/ST/AI/Lib\NetworkRuntime900_CM4_GCC.a(layers_generic_float.o)
                              ./X-CUBE-AI/App/network.o (forward_concat)
../Middlewares/ST/AI/Lib\NetworkRuntime900_CM4_GCC.a(layers_nl_generic_float.o)
                              ./X-CUBE-AI/App/network.o (nl_func_sigmoid_array_f32)
../Middlewares/ST/AI/Lib\NetworkRuntime900_CM4_GCC.a(layers_pad_generic.o)
                              ../Middlewares/ST/AI/Lib\NetworkRuntime900_CM4_GCC.a(layers_generic_float.o) (forward_pad_8bit_ch1st_3x3_constant)
../Middlewares/ST/AI/Lib\NetworkRuntime900_CM4_GCC.a(layers_pool_generic_float.o)
                              ./X-CUBE-AI/App/network.o (forward_mp)
../Middlewares/ST/AI/Lib\NetworkRuntime900_CM4_GCC.a(layers_resize.o)
                              ../Middlewares/ST/AI/Lib\NetworkRuntime900_CM4_GCC.a(layers_generic_float.o) (forward_resize_nearest_if32of32)
../Middlewares/ST/AI/Lib\NetworkRuntime900_CM4_GCC.a(layers_rnn_generic_float.o)
                              ./X-CUBE-AI/App/network.o (forward_lstm)
../Middlewares/ST/AI/Lib\NetworkRuntime900_CM4_GCC.a(layers_conv2d_integer_scratch.o)
                              ../Middlewares/ST/AI/Lib\NetworkRuntime900_CM4_GCC.a(layers.o) (get_conv2d_scratch_size)
../Middlewares/ST/AI/Lib\NetworkRuntime900_CM4_GCC.a(forward_lite_argminmax.o)
                              ../Middlewares/ST/AI/Lib\NetworkRuntime900_CM4_GCC.a(layers_generic_float.o) (forward_lite_argmax_if32)
../Middlewares/ST/AI/Lib\NetworkRuntime900_CM4_GCC.a(forward_lite_conv2d_if32of32wf32.o)
                              ../Middlewares/ST/AI/Lib\NetworkRuntime900_CM4_GCC.a(layers_conv2d_generic_float.o) (forward_lite_conv2d_if32of32wf32)
../Middlewares/ST/AI/Lib\NetworkRuntime900_CM4_GCC.a(lite_nl_softmax_if32of32.o)
                              ../Middlewares/ST/AI/Lib\NetworkRuntime900_CM4_GCC.a(layers_nl_generic_float.o) (forward_lite_nl_softmax_if32of32_kernel)
../Middlewares/ST/AI/Lib\NetworkRuntime900_CM4_GCC.a(lite_nl_relu_if32of32.o)
                              ../Middlewares/ST/AI/Lib\NetworkRuntime900_CM4_GCC.a(layers_nl_generic_float.o) (forward_lite_nl_prelu_if32of32_kernel)
../Middlewares/ST/AI/Lib\NetworkRuntime900_CM4_GCC.a(lite_argminmax_if32_kernel.o)
                              ../Middlewares/ST/AI/Lib\NetworkRuntime900_CM4_GCC.a(forward_lite_argminmax.o) (forward_lite_argmax_f32_kernel_ch)
../Middlewares/ST/AI/Lib\NetworkRuntime900_CM4_GCC.a(lite_argminmax_is8_kernel.o)
                              ../Middlewares/ST/AI/Lib\NetworkRuntime900_CM4_GCC.a(forward_lite_argminmax.o) (forward_lite_argmax_s8_kernel)
../Middlewares/ST/AI/Lib\NetworkRuntime900_CM4_GCC.a(forward_lite_resize.o)
                              ../Middlewares/ST/AI/Lib\NetworkRuntime900_CM4_GCC.a(layers_resize.o) (forward_lite_resize_bilinear_if32of32)
../Middlewares/ST/AI/Lib\NetworkRuntime900_CM4_GCC.a(forward_lite_upsample.o)
                              ../Middlewares/ST/AI/Lib\NetworkRuntime900_CM4_GCC.a(layers_generic_float.o) (forward_lite_upsample_bilinear_if32of32)
../Middlewares/ST/AI/Lib\NetworkRuntime900_CM4_GCC.a(forward_lite_upsample_generic.o)
                              ../Middlewares/ST/AI/Lib\NetworkRuntime900_CM4_GCC.a(layers_generic_float.o) (forward_lite_upsample_nearest)
../Middlewares/ST/AI/Lib\NetworkRuntime900_CM4_GCC.a(lite_dense_if32.o)
                              ../Middlewares/ST/AI/Lib\NetworkRuntime900_CM4_GCC.a(layers_conv2d_generic_float.o) (forward_lite_dense_if32of32wf32)
../Middlewares/ST/AI/Lib\NetworkRuntime900_CM4_GCC.a(lite_generic_float.o)
                              ../Middlewares/ST/AI/Lib\NetworkRuntime900_CM4_GCC.a(layers_generic_float.o) (forward_lite_func_reduce_l1_if32of32)
../Middlewares/ST/AI/Lib\NetworkRuntime900_CM4_GCC.a(forward_lite_pad_generic.o)
[...]
Memory Configuration

Name             Origin             Length             Attributes
RAM              0x20000000         0x00018000         xrw
RAM2             0x10000000         0x00008000         xrw
FLASH            0x08000000         0x40000000         xr
*default*        0x00000000         0xffffffff

Linker script and memory map

LOAD C:/ST/STM32CubeIDE_1.15.1/STM32CubeIDE/plugins/com.st.stm32cube.ide.mcu.externaltools.gnu-tools-for-stm32.12.3.rel1.win32_1.0.200.202406191623/tools/bin/../lib/gcc/arm-none-eabi/12.3.1/thumb/v7e-m+fp/hard/crti.o
LOAD C:/ST/STM32CubeIDE_1.15.1/STM32CubeIDE/plugins/com.st.stm32cube.ide.mcu.externaltools.gnu-tools-for-stm32.12.3.rel1.win32_1.0.200.202406191623/tools/bin/../lib/gcc/arm-none-eabi/12.3.1/thumb/v7e-m+fp/hard/crtbegin.o
LOAD C:/ST/STM32CubeIDE_1.15.1/STM32CubeIDE/plugins/com.st.stm32cube.ide.mcu.externaltools.gnu-tools-for-stm32.12.3.rel1.win32_1.0.200.202406191623/tools/bin/../lib/gcc/arm-none-eabi/12.3.1/../../../../arm-none-eabi/lib/thumb/v7e-m+fp/hard/crt0.o
LOAD ./Core/Src/main.o
LOAD ./Core/Src/stm32l4xx_hal_msp.o
LOAD ./Core/Src/stm32l4xx_it.o
LOAD ./Core/Src/syscalls.o
LOAD ./Core/Src/sysmem.o
LOAD ./Core/Src/system_stm32l4xx.o
LOAD ./Core/Startup/startup_stm32l475vgtx.o
LOAD ./Drivers/STM32L4xx_HAL_Driver/Src/stm32l4xx_hal.o
LOAD ./Drivers/STM32L4xx_HAL_Driver/Src/stm32l4xx_hal_cortex.o
LOAD ./Drivers/STM32L4xx_HAL_Driver/Src/stm32l4xx_hal_dma.o
LOAD ./Drivers/STM32L4xx_HAL_Driver/Src/stm32l4xx_hal_dma_ex.o
LOAD ./Drivers/STM32L4xx_HAL_Driver/Src/stm32l4xx_hal_exti.o
LOAD ./Drivers/STM32L4xx_HAL_Driver/Src/stm32l4xx_hal_flash.o
LOAD ./Drivers/STM32L4xx_HAL_Driver/Src/stm32l4xx_hal_flash_ex.o
LOAD ./Drivers/STM32L4xx_HAL_Driver/Src/stm32l4xx_hal_flash_ramfunc.o
LOAD ./Drivers/STM32L4xx_HAL_Driver/Src/stm32l4xx_hal_gpio.o
LOAD ./Drivers/STM32L4xx_HAL_Driver/Src/stm32l4xx_hal_i2c.o
LOAD ./Drivers/STM32L4xx_HAL_Driver/Src/stm32l4xx_hal_i2c_ex.o
LOAD ./Drivers/STM32L4xx_HAL_Driver/Src/stm32l4xx_hal_pwr.o
LOAD ./Drivers/STM32L4xx_HAL_Driver/Src/stm32l4xx_hal_pwr_ex.o
LOAD ./Drivers/STM32L4xx_HAL_Driver/Src/stm32l4xx_hal_rcc.o
LOAD ./Drivers/STM32L4xx_HAL_Driver/Src/stm32l4xx_hal_rcc_ex.o
LOAD ./Drivers/STM32L4xx_HAL_Driver/Src/stm32l4xx_hal_tim.o
LOAD ./Drivers/STM32L4xx_HAL_Driver/Src/stm32l4xx_hal_tim_ex.o
LOAD ./Drivers/STM32L4xx_HAL_Driver/Src/stm32l4xx_hal_uart.o
LOAD ./Drivers/STM32L4xx_HAL_Driver/Src/stm32l4xx_hal_uart_ex.o
LOAD ./X-CUBE-AI/App/aiSystemPerformance.o
LOAD ./X-CUBE-AI/App/aiTestHelper.o
LOAD ./X-CUBE-AI/App/aiTestUtility.o
LOAD ./X-CUBE-AI/App/ai_device_adaptor.o
LOAD ./X-CUBE-AI/App/app_x-cube-ai.o
LOAD ./X-CUBE-AI/App/lc_print.o
LOAD ./X-CUBE-AI/App/network.o
LOAD ./X-CUBE-AI/App/network_data.o
LOAD ./X-CUBE-AI/App/network_data_params.o
LOAD ./X-CUBE-AI/App/syscalls.o
LOAD ../Middlewares/ST/AI/Lib\NetworkRuntime900_CM4_GCC.a
START GROUP
LOAD C:/ST/STM32CubeIDE_1.15.1/STM32CubeIDE/plugins/com.st.stm32cube.ide.mcu.externaltools.gnu-tools-for-stm32.12.3.rel1.win32_1.0.200.202406191623/tools/bin/../lib/gcc/arm-none-eabi/12.3.1/../../../../arm-none-eabi/lib/thumb/v7e-m+fp/hard\libc_nano.a
LOAD C:/ST/STM32CubeIDE_1.15.1/STM32CubeIDE/plugins/com.st.stm32cube.ide.mcu.externaltools.gnu-tools-for-stm32.12.3.rel1.win32_1.0.200.202406191623/tools/bin/../lib/gcc/arm-none-eabi/12.3.1/../../../../arm-none-eabi/lib/thumb/v7e-m+fp/hard\libm.a
END GROUP
START GROUP
LOAD C:/ST/STM32CubeIDE_1.15.1/STM32CubeIDE/plugins/com.st.stm32cube.ide.mcu.externaltools.gnu-tools-for-stm32.12.3.rel1.win32_1.0.200.202406191623/tools/bin/../lib/gcc/arm-none-eabi/12.3.1/thumb/v7e-m+fp/hard\libgcc.a
LOAD C:/ST/STM32CubeIDE_1.15.1/STM32CubeIDE/plugins/com.st.stm32cube.ide.mcu.externaltools.gnu-tools-for-stm32.12.3.rel1.win32_1.0.200.202406191623/tools/bin/../lib/gcc/arm-none-eabi/12.3.1/../../../../arm-none-eabi/lib/thumb/v7e-m+fp/hard\libc_nano.a
END GROUP
START GROUP
LOAD C:/ST/STM32CubeIDE_1.15.1/STM32CubeIDE/plugins/com.st.stm32cube.ide.mcu.externaltools.gnu-tools-for-stm32.12.3.rel1.win32_1.0.200.202406191623/tools/bin/../lib/gcc/arm-none-eabi/12.3.1/thumb/v7e-m+fp/hard\libgcc.a
LOAD C:/ST/STM32CubeIDE_1.15.1/STM32CubeIDE/plugins/com.st.stm32cube.ide.mcu.externaltools.gnu-tools-for-stm32.12.3.rel1.win32_1.0.200.202406191623/tools/bin/../lib/gcc/arm-none-eabi/12.3.1/../../../../arm-none-eabi/lib/thumb/v7e-m+fp/hard\libc_nano.a
LOAD C:/ST/STM32CubeIDE_1.15.1/STM32CubeIDE/plugins/com.st.stm32cube.ide.mcu.externaltools.gnu-tools-for-stm32.12.3.rel1.win32_1.0.200.202406191623/tools/bin/../lib/gcc/arm-none-eabi/12.3.1/../../../../arm-none-eabi/lib/thumb/v7e-m+fp/hard\libnosys.a
END GROUP
START GROUP
LOAD C:/ST/STM32CubeIDE_1.15.1/STM32CubeIDE/plugins/com.st.stm32cube.ide.mcu.externaltools.gnu-tools-for-stm32.12.3.rel1.win32_1.0.200.202406191623/tools/bin/../lib/gcc/arm-none-eabi/12.3.1/thumb/v7e-m+fp/hard\libgcc.a
LOAD C:/ST/STM32CubeIDE_1.15.1/STM32CubeIDE/plugins/com.st.stm32cube.ide.mcu.externaltools.gnu-tools-for-stm32.12.3.rel1.win32_1.0.200.202406191623/tools/bin/../lib/gcc/arm-none-eabi/12.3.1/../../../../arm-none-eabi/lib/thumb/v7e-m+fp/hard\libc_nano.a
LOAD C:/ST/STM32CubeIDE_1.15.1/STM32CubeIDE/plugins/com.st.stm32cube.ide.mcu.externaltools.gnu-tools-for-stm32.12.3.rel1.win32_1.0.200.202406191623/tools/bin/../lib/gcc/arm-none-eabi/12.3.1/../../../../arm-none-eabi/lib/thumb/v7e-m+fp/hard\libnosys.a
END GROUP
LOAD C:/ST/STM32CubeIDE_1.15.1/STM32CubeIDE/plugins/com.st.stm32cube.ide.mcu.externaltools.gnu-tools-for-stm32.12.3.rel1.win32_1.0.200.202406191623/tools/bin/../lib/gcc/arm-none-eabi/12.3.1/thumb/v7e-m+fp/hard/crtend.o
LOAD C:/ST/STM32CubeIDE_1.15.1/STM32CubeIDE/plugins/com.st.stm32cube.ide.mcu.externaltools.gnu-tools-for-stm32.12.3.rel1.win32_1.0.200.202406191623/tools/bin/../lib/gcc/arm-none-eabi/12.3.1/thumb/v7e-m+fp/hard/crtn.o
                0x20018000                        _estack = (ORIGIN (RAM) + LENGTH (RAM))
                0x00000800                        _Min_Heap_Size = 0x800
                0x00000800                        _Min_Stack_Size = 0x800

.AI_RAM         0x20000000     0x3430
                0x20000000                        . = ALIGN (0x4)
 *(.AI_RAM)
 .AI_RAM        0x20000000     0x3430 ./X-CUBE-AI/App/app_x-cube-ai.o

.AI_RAM2        0x10000000        0x0
                0x10000000                        . = ALIGN (0x4)
 *(.AI_RAM2)

.isr_vector     0x08000000      0x188
                0x08000000                        . = ALIGN (0x4)
 *(.isr_vector)
 .isr_vector    0x08000000      0x188 ./Core/Startup/startup_stm32l475vgtx.o
                0x08000000                g_pfnVectors
                0x08000188                        . = ALIGN (0x4)

.text           0x08000190     0xb738
                0x08000190                        . = ALIGN (0x4)
 *(.text)
 .text          0x08000190       0x40 C:/ST/STM32CubeIDE_1.15.1/STM32CubeIDE/plugins/com.st.stm32cube.ide.mcu.externaltools.gnu-tools-for-stm32.12.3.rel1.win32_1.0.200.202406191623/tools/bin/../lib/gcc/arm-none-eabi/12.3.1/thumb/v7e-m+fp/hard/crtbegin.o
 .text          0x080001d0       0xa0 C:/ST/STM32CubeIDE_1.15.1/STM32CubeIDE/plugins/com.st.stm32cube.ide.mcu.externaltools.gnu-tools-for-stm32.12.3.rel1.win32_1.0.200.202406191623/tools/bin/../lib/gcc/arm-none-eabi/12.3.1/../../../../arm-none-eabi/lib/thumb/v7e-m+fp/hard\libc_nano.a(libc_a-memchr.o)
                0x080001d0                memchr
 .text          0x08000270       0x10 C:/ST/STM32CubeIDE_1.15.1/STM32CubeIDE/plugins/com.st.stm32cube.ide.mcu.externaltools.gnu-tools-for-stm32.12.3.rel1.win32_1.0.200.202406191623/tools/bin/../lib/gcc/arm-none-eabi/12.3.1/../../../../arm-none-eabi/lib/thumb/v7e-m+fp/hard\libc_nano.a(libc_a-strlen.o)
                0x08000270                strlen
 .text          0x08000280      0x378 C:/ST/STM32CubeIDE_1.15.1/STM32CubeIDE/plugins/com.st.stm32cube.ide.mcu.externaltools.gnu-tools-for-stm32.12.3.rel1.win32_1.0.200.202406191623/tools/bin/../lib/gcc/arm-none-eabi/12.3.1/thumb/v7e-m+fp/hard\libgcc.a(_arm_addsubdf3.o)
                0x08000280                __aeabi_drsub
                0x08000288                __aeabi_dsub
                0x08000288                __subdf3
                0x0800028c                __aeabi_dadd
                0x0800028c                __adddf3
                0x08000504                __floatunsidf
                0x08000504                __aeabi_ui2d
                0x08000524                __floatsidf
                0x08000524                __aeabi_i2d
                0x08000548                __aeabi_f2d
                0x08000548                __extendsfdf2
                0x0800058c                __floatundidf
                0x0800058c                __aeabi_ul2d
                0x0800059c                __floatdidf
                0x0800059c                __aeabi_l2d
 .text          0x080005f8      0x424 C:/ST/STM32CubeIDE_1.15.1/STM32CubeIDE/plugins/com.st.stm32cube.ide.mcu.externaltools.gnu-tools-for-stm32.12.3.rel1.win32_1.0.200.202406191623/tools/bin/../lib/gcc/arm-none-eabi/12.3.1/thumb/v7e-m+fp/hard\libgcc.a(_arm_muldivdf3.o)
                0x080005f8                __aeabi_dmul
                0x080005f8                __muldf3
                0x0800084c                __divdf3
                0x0800084c                __aeabi_ddiv
 .text          0x08000a1c      0x110 C:/ST/STM32CubeIDE_1.15.1/STM32CubeIDE/plugins/com.st.stm32cube.ide.mcu.externaltools.gnu-tools-for-stm32.12.3.rel1.win32_1.0.200.202406191623/tools/bin/../lib/gcc/arm-none-eabi/12.3.1/thumb/v7e-m+fp/hard\libgcc.a(_arm_cmpdf2.o)
                0x08000a1c                __gtdf2
                0x08000a1c                __gedf2
                0x08000a24                __ltdf2
                0x08000a24                __ledf2
                0x08000a2c                __nedf2
                0x08000a2c                __eqdf2
                0x08000a2c                __cmpdf2
                0x08000aa8                __aeabi_cdrcmple
                0x08000ab8                __aeabi_cdcmpeq
                0x08000ab8                __aeabi_cdcmple
                0x08000ac8                __aeabi_dcmpeq
                0x08000adc                __aeabi_dcmplt
                0x08000af0                __aeabi_dcmple
                0x08000b04                __aeabi_dcmpge
                0x08000b18                __aeabi_dcmpgt
 .text          0x08000b2c       0x2c C:/ST/STM32CubeIDE_1.15.1/STM32CubeIDE/plugins/com.st.stm32cube.ide.mcu.externaltools.gnu-tools-for-stm32.12.3.rel1.win32_1.0.200.202406191623/tools/bin/../lib/gcc/arm-none-eabi/12.3.1/thumb/v7e-m+fp/hard\libgcc.a(_arm_unorddf2.o)
                0x08000b2c                __unorddf2
                0x08000b2c                __aeabi_dcmpun
 .text          0x08000b58       0x50 C:/ST/STM32CubeIDE_1.15.1/STM32CubeIDE/plugins/com.st.stm32cube.ide.mcu.externaltools.gnu-tools-for-stm32.12.3.rel1.win32_1.0.200.202406191623/tools/bin/../lib/gcc/arm-none-eabi/12.3.1/thumb/v7e-m+fp/hard\libgcc.a(_arm_fixdfsi.o)
                0x08000b58                __aeabi_d2iz
                0x08000b58                __fixdfsi
 .text          0x08000ba8       0x30 C:/ST/STM32CubeIDE_1.15.1/STM32CubeIDE/plugins/com.st.stm32cube.ide.mcu.externaltools.gnu-tools-for-stm32.12.3.rel1.win32_1.0.200.202406191623/tools/bin/../lib/gcc/arm-none-eabi/12.3.1/thumb/v7e-m+fp/hard\libgcc.a(_aeabi_uldivmod.o)
                0x08000ba8                __aeabi_uldivmod
 .text          0x08000bd8       0x3c C:/ST/STM32CubeIDE_1.15.1/STM32CubeIDE/plugins/com.st.stm32cube.ide.mcu.externaltools.gnu-tools-for-stm32.12.3.rel1.win32_1.0.200.202406191623/tools/bin/../lib/gcc/arm-none-eabi/12.3.1/thumb/v7e-m+fp/hard\libgcc.a(_fixunsdfdi.o)
                0x08000bd8                __fixunsdfdi
                0x08000bd8                __aeabi_d2ulz
 .text          0x08000c14      0x2bc C:/ST/STM32CubeIDE_1.15.1/STM32CubeIDE/plugins/com.st.stm32cube.ide.mcu.externaltools.gnu-tools-for-stm32.12.3.rel1.win32_1.0.200.202406191623/tools/bin/../lib/gcc/arm-none-eabi/12.3.1/thumb/v7e-m+fp/hard\libgcc.a(_udivmoddi4.o)
                0x08000c14                __udivmoddi4
 .text          0x08000ed0        0x4 C:/ST/STM32CubeIDE_1.15.1/STM32CubeIDE/plugins/com.st.stm32cube.ide.mcu.externaltools.gnu-tools-for-stm32.12.3.rel1.win32_1.0.200.202406191623/tools/bin/../lib/gcc/arm-none-eabi/12.3.1/thumb/v7e-m+fp/hard\libgcc.a(_dvmd_tls.o)
                0x08000ed0                __aeabi_idiv0
                0x08000ed0                __aeabi_ldiv0
 .text          0x08000ed4       0x40 C:/ST/STM32CubeIDE_1.15.1/STM32CubeIDE/plugins/com.st.stm32cube.ide.mcu.externaltools.gnu-tools-for-stm32.12.3.rel1.win32_1.0.200.202406191623/tools/bin/../lib/gcc/arm-none-eabi/12.3.1/thumb/v7e-m+fp/hard\libgcc.a(_arm_fixunsdfsi.o)
                0x08000ed4                __aeabi_d2uiz
                0x08000ed4                __fixunsdfsi
 *(.text*)
 .text.SystemClock_Config
                0x08000f14       0x76 ./Core/Src/main.o
                0x08000f14                SystemClock_Config
 *fill*         0x08000f8a        0x2 
 .text.MX_USART1_UART_Init
                0x08000f8c       0x38 ./Core/Src/main.o
                0x08000f8c                MX_USART1_UART_Init
 .text.startup.main
                0x08000fc4       0x94 ./Core/Src/main.o
                0x08000fc4                main
 .text.Error_Handler
                0x08001058        0x4 ./Core/Src/main.o
                0x08001058                Error_Handler
 .text.HAL_MspInit
                0x0800105c       0x30 ./Core/Src/stm32l4xx_hal_msp.o
                0x0800105c                HAL_MspInit
 .text.HAL_UART_MspInit
                0x0800108c       0x9c ./Core/Src/stm32l4xx_hal_msp.o
                0x0800108c                HAL_UART_MspInit
 .text.NMI_Handler
                0x08001128        0x2 ./Core/Src/stm32l4xx_it.o
                0x08001128                NMI_Handler
 .text.HardFault_Handler
                0x0800112a        0x2 ./Core/Src/stm32l4xx_it.o
                0x0800112a                HardFault_Handler
 .text.MemManage_Handler
                0x0800112c        0x2 ./Core/Src/stm32l4xx_it.o
                0x0800112c                MemManage_Handler
 .text.BusFault_Handler
                0x0800112e        0x2 ./Core/Src/stm32l4xx_it.o
                0x0800112e                BusFault_Handler
 .text.UsageFault_Handler
                0x08001130        0x2 ./Core/Src/stm32l4xx_it.o
                0x08001130                UsageFault_Handler
 .text.SVC_Handler
                0x08001132        0x2 ./Core/Src/stm32l4xx_it.o
                0x08001132                SVC_Handler
 .text.DebugMon_Handler
                0x08001134        0x2 ./Core/Src/stm32l4xx_it.o
                0x08001134                DebugMon_Handler
 .text.PendSV_Handler
                0x08001136        0x2 ./Core/Src/stm32l4xx_it.o
                0x08001136                PendSV_Handler
 .text.SysTick_Handler
                0x08001138        0x4 ./Core/Src/stm32l4xx_it.o
                0x08001138                SysTick_Handler
 .text.EXTI9_5_IRQHandler
                0x0800113c       0x20 ./Core/Src/stm32l4xx_it.o
                0x0800113c                EXTI9_5_IRQHandler
 .text.EXTI15_10_IRQHandler
                0x0800115c       0x2e ./Core/Src/stm32l4xx_it.o
                0x0800115c                EXTI15_10_IRQHandler
 .text._getpid  0x0800118a        0x4 ./Core/Src/syscalls.o
                0x0800118a                _getpid
 .text._kill    0x0800118e       0x10 ./Core/Src/syscalls.o
                0x0800118e                _kill
 .text._exit    0x0800119e        0xc ./Core/Src/syscalls.o
                0x0800119e                _exit
 .text._read    0x080011aa       0x1c ./Core/Src/syscalls.o
                0x080011aa                _read
 .text._close   0x080011c6        0x6 ./Core/Src/syscalls.o
                0x080011c6                _close
 .text._fstat   0x080011cc        0xa ./Core/Src/syscalls.o
                0x080011cc                _fstat
 .text._isatty  0x080011d6        0x4 ./Core/Src/syscalls.o
                0x080011d6                _isatty
 .text._lseek   0x080011da        0x4 ./Core/Src/syscalls.o
                0x080011da                _lseek
 *fill*         0x080011de        0x2 
 .text._sbrk    0x080011e0       0x40 ./Core/Src/sysmem.o
                0x080011e0                _sbrk
 .text.SystemInit
                0x08001220       0x14 ./Core/Src/system_stm32l4xx.o
                0x08001220                SystemInit
 .text.Reset_Handler
                0x08001234       0x50 ./Core/Startup/startup_stm32l475vgtx.o
                0x08001234                Reset_Handler
 .text.Default_Handler
                0x08001284        0x2 ./Core/Startup/startup_stm32l475vgtx.o
                0x08001284                RTC_Alarm_IRQHandler
                0x08001284                EXTI2_IRQHandler
                0x08001284                TIM8_TRG_COM_IRQHandler
                0x08001284                TIM8_CC_IRQHandler
                0x08001284                TIM1_CC_IRQHandler
                0x08001284                TSC_IRQHandler
                0x08001284                TAMP_STAMP_IRQHandler
                0x08001284                EXTI3_IRQHandler
                0x08001284                LPTIM2_IRQHandler
                0x08001284                DFSDM1_FLT1_IRQHandler
                0x08001284                I2C3_ER_IRQHandler
                0x08001284                DFSDM1_FLT2_IRQHandler
                0x08001284                EXTI0_IRQHandler
                0x08001284                I2C2_EV_IRQHandler
                0x08001284                CAN1_RX0_IRQHandler
                0x08001284                FPU_IRQHandler
                0x08001284                TIM1_UP_TIM16_IRQHandler
                0x08001284                ADC1_2_IRQHandler
                0x08001284                SPI1_IRQHandler
                0x08001284                TIM6_DAC_IRQHandler
                0x08001284                TIM8_UP_IRQHandler
                0x08001284                DMA2_Channel2_IRQHandler
                0x08001284                DMA1_Channel4_IRQHandler
                0x08001284                SAI2_IRQHandler
                0x08001284                DFSDM1_FLT3_IRQHandler
                0x08001284                USART3_IRQHandler
                0x08001284                DMA1_Channel7_IRQHandler
                0x08001284                CAN1_RX1_IRQHandler
                0x08001284                UART5_IRQHandler
                0x08001284                ADC3_IRQHandler
                0x08001284                TIM4_IRQHandler
                0x08001284                DMA2_Channel1_IRQHandler
                0x08001284                QUADSPI_IRQHandler
                0x08001284                I2C1_EV_IRQHandler
                0x08001284                DMA1_Channel6_IRQHandler
                0x08001284                UART4_IRQHandler
                0x08001284                DMA2_Channel4_IRQHandler
                0x08001284                TIM3_IRQHandler
                0x08001284                RCC_IRQHandler
                0x08001284                DMA1_Channel1_IRQHandler
                0x08001284                Default_Handler
                0x08001284                DMA2_Channel7_IRQHandler
                0x08001284                TIM7_IRQHandler
                0x08001284                SDMMC1_IRQHandler
                0x08001284                TIM5_IRQHandler
                0x08001284                I2C3_EV_IRQHandler
                0x08001284                RTC_WKUP_IRQHandler
                0x08001284                PVD_PVM_IRQHandler
                0x08001284                SPI2_IRQHandler
                0x08001284                CAN1_TX_IRQHandler
                0x08001284                DMA2_Channel5_IRQHandler
                0x08001284                DMA1_Channel5_IRQHandler
                0x08001284                EXTI4_IRQHandler
                0x08001284                RNG_IRQHandler
                0x08001284                TIM1_TRG_COM_TIM17_IRQHandler
                0x08001284                DMA1_Channel3_IRQHandler
                0x08001284                COMP_IRQHandler
                0x08001284                WWDG_IRQHandler
                0x08001284                LPUART1_IRQHandler
                0x08001284                DMA2_Channel6_IRQHandler
                0x08001284                TIM2_IRQHandler
                0x08001284                EXTI1_IRQHandler
                0x08001284                USART2_IRQHandler
                0x08001284                DFSDM1_FLT0_IRQHandler
                0x08001284                I2C2_ER_IRQHandler
                0x08001284                DMA1_Channel2_IRQHandler
                0x08001284                TIM8_BRK_IRQHandler
                0x08001284                CAN1_SCE_IRQHandler
                0x08001284                FLASH_IRQHandler
                0x08001284                USART1_IRQHandler
                0x08001284                OTG_FS_IRQHandler
                0x08001284                SPI3_IRQHandler
                0x08001284                I2C1_ER_IRQHandler
                0x08001284                FMC_IRQHandler
                0x08001284                SWPMI1_IRQHandler
                0x08001284                LPTIM1_IRQHandler
                0x08001284                SAI1_IRQHandler
                0x08001284                DMA2_Channel3_IRQHandler
                0x08001284                TIM1_BRK_TIM15_IRQHandler
 *fill*         0x08001286        0x2 
 .text.HAL_InitTick
                0x08001288       0x4c ./Drivers/STM32L4xx_HAL_Driver/Src/stm32l4xx_hal.o
                0x08001288                HAL_InitTick
 .text.HAL_Init
                0x080012d4       0x1e ./Drivers/STM32L4xx_HAL_Driver/Src/stm32l4xx_hal.o
                0x080012d4                HAL_Init
 *fill*         0x080012f2        0x2 
 .text.HAL_IncTick
                0x080012f4       0x18 ./Drivers/STM32L4xx_HAL_Driver/Src/stm32l4xx_hal.o
                0x080012f4                HAL_IncTick
 .text.HAL_GetTick
                0x0800130c        0xc ./Drivers/STM32L4xx_HAL_Driver/Src/stm32l4xx_hal.o
                0x0800130c                HAL_GetTick
 .text.HAL_Delay
                0x08001318       0x28 ./Drivers/STM32L4xx_HAL_Driver/Src/stm32l4xx_hal.o
                0x08001318                HAL_Delay
 .text.HAL_GetHalVersion
                0x08001340        0x8 ./Drivers/STM32L4xx_HAL_Driver/Src/stm32l4xx_hal.o
                0x08001340                HAL_GetHalVersion
 .text.HAL_GetREVID
                0x08001348        0xc ./Drivers/STM32L4xx_HAL_Driver/Src/stm32l4xx_hal.o
                0x08001348                HAL_GetREVID
 .text.HAL_GetDEVID
                0x08001354       0x10 ./Drivers/STM32L4xx_HAL_Driver/Src/stm32l4xx_hal.o
                0x08001354                HAL_GetDEVID
 .text.HAL_NVIC_SetPriorityGrouping
                0x08001364       0x24 ./Drivers/STM32L4xx_HAL_Driver/Src/stm32l4xx_hal_cortex.o
                0x08001364                HAL_NVIC_SetPriorityGrouping
 .text.HAL_NVIC_SetPriority
                0x08001388       0x64 ./Drivers/STM32L4xx_HAL_Driver/Src/stm32l4xx_hal_cortex.o
                0x08001388                HAL_NVIC_SetPriority
 .text.HAL_SYSTICK_Config
                0x080013ec       0x28 ./Drivers/STM32L4xx_HAL_Driver/Src/stm32l4xx_hal_cortex.o
                0x080013ec                HAL_SYSTICK_Config
 .text.HAL_GPIO_Init
                0x08001414      0x1b4 ./Drivers/STM32L4xx_HAL_Driver/Src/stm32l4xx_hal_gpio.o
                0x08001414                HAL_GPIO_Init
 .text.HAL_GPIO_EXTI_Callback
                0x080015c8        0x2 ./Drivers/STM32L4xx_HAL_Driver/Src/stm32l4xx_hal_gpio.o
                0x080015c8                HAL_GPIO_EXTI_Callback
 *fill*         0x080015ca        0x2 
 .text.HAL_GPIO_EXTI_IRQHandler
                0x080015cc       0x18 ./Drivers/STM32L4xx_HAL_Driver/Src/stm32l4xx_hal_gpio.o
                0x080015cc                HAL_GPIO_EXTI_IRQHandler
 .text.HAL_PWREx_GetVoltageRange
                0x080015e4       0x10 ./Drivers/STM32L4xx_HAL_Driver/Src/stm32l4xx_hal_pwr_ex.o
                0x080015e4                HAL_PWREx_GetVoltageRange
 .text.HAL_PWREx_ControlVoltageScaling
                0x080015f4       0x6c ./Drivers/STM32L4xx_HAL_Driver/Src/stm32l4xx_hal_pwr_ex.o
                0x080015f4                HAL_PWREx_ControlVoltageScaling
 .text.RCC_SetFlashLatencyFromMSIRange
                0x08001660       0x84 ./Drivers/STM32L4xx_HAL_Driver/Src/stm32l4xx_hal_rcc.o
 .text.HAL_RCC_GetSysClockFreq
                0x080016e4       0x9c ./Drivers/STM32L4xx_HAL_Driver/Src/stm32l4xx_hal_rcc.o
                0x080016e4                HAL_RCC_GetSysClockFreq
 .text.HAL_RCC_OscConfig
                0x08001780      0x4fc ./Drivers/STM32L4xx_HAL_Driver/Src/stm32l4xx_hal_rcc.o
                0x08001780                HAL_RCC_OscConfig
 .text.HAL_RCC_ClockConfig
                0x08001c7c      0x154 ./Drivers/STM32L4xx_HAL_Driver/Src/stm32l4xx_hal_rcc.o
                0x08001c7c                HAL_RCC_ClockConfig
 .text.HAL_RCC_GetHCLKFreq
                0x08001dd0        0xc ./Drivers/STM32L4xx_HAL_Driver/Src/stm32l4xx_hal_rcc.o
                0x08001dd0                HAL_RCC_GetHCLKFreq
 .text.HAL_RCC_GetPCLK1Freq
                0x08001ddc       0x24 ./Drivers/STM32L4xx_HAL_Driver/Src/stm32l4xx_hal_rcc.o
                0x08001ddc                HAL_RCC_GetPCLK1Freq
 .text.HAL_RCC_GetPCLK2Freq
                0x08001e00       0x24 ./Drivers/STM32L4xx_HAL_Driver/Src/stm32l4xx_hal_rcc.o
                0x08001e00                HAL_RCC_GetPCLK2Freq
 .text.RCCEx_PLLSAI1_Config
                0x08001e24      0x10c ./Drivers/STM32L4xx_HAL_Driver/Src/stm32l4xx_hal_rcc_ex.o
 .text.RCCEx_PLLSAI2_Config
                0x08001f30       0xf4 ./Drivers/STM32L4xx_HAL_Driver/Src/stm32l4xx_hal_rcc_ex.o
 .text.HAL_RCCEx_PeriphCLKConfig
                0x08002024      0x3ec ./Drivers/STM32L4xx_HAL_Driver/Src/stm32l4xx_hal_rcc_ex.o
                0x08002024                HAL_RCCEx_PeriphCLKConfig
 .text.UART_EndRxTransfer
                0x08002410       0x50 ./Drivers/STM32L4xx_HAL_Driver/Src/stm32l4xx_hal_uart.o
 .text.UART_SetConfig
                0x08002460      0x238 ./Drivers/STM32L4xx_HAL_Driver/Src/stm32l4xx_hal_uart.o
                0x08002460                UART_SetConfig
 .text.UART_AdvFeatureConfig
                0x08002698       0xa8 ./Drivers/STM32L4xx_HAL_Driver/Src/stm32l4xx_hal_uart.o
                0x08002698                UART_AdvFeatureConfig
 .text.UART_WaitOnFlagUntilTimeout
                0x08002740       0x88 ./Drivers/STM32L4xx_HAL_Driver/Src/stm32l4xx_hal_uart.o
                0x08002740                UART_WaitOnFlagUntilTimeout
 .text.HAL_UART_Transmit
                0x080027c8       0xa2 ./Drivers/STM32L4xx_HAL_Driver/Src/stm32l4xx_hal_uart.o
                0x080027c8                HAL_UART_Transmit
 .text.HAL_UART_Receive
                0x0800286a       0xd8 ./Drivers/STM32L4xx_HAL_Driver/Src/stm32l4xx_hal_uart.o
                0x0800286a                HAL_UART_Receive
 .text.UART_CheckIdleState
                0x08002942       0xb2 ./Drivers/STM32L4xx_HAL_Driver/Src/stm32l4xx_hal_uart.o
                0x08002942                UART_CheckIdleState
 .text.HAL_UART_Init
                0x080029f4       0x5c ./Drivers/STM32L4xx_HAL_Driver/Src/stm32l4xx_hal_uart.o
                0x080029f4                HAL_UART_Init
 .text._mon_alloc_reset
                0x08002a50       0x24 ./X-CUBE-AI/App/aiSystemPerformance.o
 .text.cyclesCounterEnd
                0x08002a74       0x48 ./X-CUBE-AI/App/aiSystemPerformance.o
 .text.user_observer_cb
                0x08002abc       0x8e ./X-CUBE-AI/App/aiSystemPerformance.o
 *fill*         0x08002b4a        0x2 
 .text.aiDeInit
                0x08002b4c       0x34 ./X-CUBE-AI/App/aiSystemPerformance.o
 .text.aiTestConsole
                0x08002b80       0x8a ./X-CUBE-AI/App/aiSystemPerformance.o
 *fill*         0x08002c0a        0x2 
 .text.aiObserverInit
                0x08002c0c       0x7c ./X-CUBE-AI/App/aiSystemPerformance.o
                0x08002c0c                aiObserverInit
 .text.aiObserverDone
                0x08002c88      0x1f0 ./X-CUBE-AI/App/aiSystemPerformance.o
                0x08002c88                aiObserverDone
 .text.aiSystemPerformanceInit
                0x08002e78      0x170 ./X-CUBE-AI/App/aiSystemPerformance.o
                0x08002e78                aiSystemPerformanceInit
 .text.aiSystemPerformanceProcess
                0x08002fe8      0x680 ./X-CUBE-AI/App/aiSystemPerformance.o
                0x08002fe8                aiSystemPerformanceProcess
 .text._aiPrintDataInfo
                0x08003668       0x2c ./X-CUBE-AI/App/aiTestHelper.o
 .text.aiPlatformVersion
                0x08003694       0x2c ./X-CUBE-AI/App/aiTestHelper.o
                0x08003694                aiPlatformVersion
 .text.aiLogErr
                0x080036c0       0x2c ./X-CUBE-AI/App/aiTestHelper.o
                0x080036c0                aiLogErr
 .text.aiPrintBufferInfo
                0x080036ec      0x1e4 ./X-CUBE-AI/App/aiTestHelper.o
                0x080036ec                aiPrintBufferInfo
 .text.aiPrintNetworkInfo
                0x080038d0      0x148 ./X-CUBE-AI/App/aiTestHelper.o
                0x080038d0                aiPrintNetworkInfo
 .text._put_c_driver
                0x08003a18       0x2c ./X-CUBE-AI/App/aiTestUtility.o
 .text.ioRawGetUint8
                0x08003a44       0x20 ./X-CUBE-AI/App/aiTestUtility.o
                0x08003a44                ioRawGetUint8
 .text._write   0x08003a64       0x40 ./X-CUBE-AI/App/aiTestUtility.o
                0x08003a64                _write
 .text.uint64ToDecimal
                0x08003aa4       0x30 ./X-CUBE-AI/App/aiTestUtility.o
                0x08003aa4                uint64ToDecimal
 .text.lc_print
                0x08003ad4       0x24 ./X-CUBE-AI/App/aiTestUtility.o
                0x08003ad4                lc_print
 .text.__wrap_malloc
                0x08003af8       0x50 ./X-CUBE-AI/App/aiTestUtility.o
                0x08003af8                __wrap_malloc
 .text.__wrap_free
                0x08003b48       0x50 ./X-CUBE-AI/App/aiTestUtility.o
                0x08003b48                __wrap_free
 .text.stackMonInit
                0x08003b98       0x5c ./X-CUBE-AI/App/aiTestUtility.o
                0x08003b98                stackMonInit
 .text.dwtCyclesToTime
                0x08003bf4       0x7c ./X-CUBE-AI/App/aiTestUtility.o
                0x08003bf4                dwtCyclesToTime
 .text.getFlashCacheConf
                0x08003c70       0x3c ./X-CUBE-AI/App/aiTestUtility.o
                0x08003c70                getFlashCacheConf
 .text.getSysConf.part.0
                0x08003cac       0x24 ./X-CUBE-AI/App/aiTestUtility.o
 .text.systemSettingLog
                0x08003cd0      0x130 ./X-CUBE-AI/App/aiTestUtility.o
                0x08003cd0                systemSettingLog
 .text.port_hal_crc_ip_init_imp
                0x08003e00       0x20 ./X-CUBE-AI/App/ai_device_adaptor.o
                0x08003e00                port_hal_crc_ip_init_imp
 .text.port_dwt_init_imp
                0x08003e20       0x28 ./X-CUBE-AI/App/ai_device_adaptor.o
                0x08003e20                port_dwt_init_imp
 .text.ai_mnetwork_handle
                0x08003e48       0x1c ./X-CUBE-AI/App/app_x-cube-ai.o
 .text.ai_mnetwork_is_valid.constprop.0
                0x08003e64       0x28 ./X-CUBE-AI/App/app_x-cube-ai.o
 .text.MX_X_CUBE_AI_Init
                0x08003e8c        0xe ./X-CUBE-AI/App/app_x-cube-ai.o
                0x08003e8c                MX_X_CUBE_AI_Init
 .text.MX_X_CUBE_AI_Process
                0x08003e9a        0x4 ./X-CUBE-AI/App/app_x-cube-ai.o
                0x08003e9a                MX_X_CUBE_AI_Process
 *fill*         0x08003e9e        0x2 
 .text.ai_mnetwork_find
                0x08003ea0       0x1c ./X-CUBE-AI/App/app_x-cube-ai.o
                0x08003ea0                ai_mnetwork_find
 .text.ai_mnetwork_create
                0x08003ebc       0x4c ./X-CUBE-AI/App/app_x-cube-ai.o
                0x08003ebc                ai_mnetwork_create
 .text.ai_mnetwork_destroy
                0x08003f08       0x30 ./X-CUBE-AI/App/app_x-cube-ai.o
                0x08003f08                ai_mnetwork_destroy
 .text.ai_mnetwork_get_report
                0x08003f38       0x16 ./X-CUBE-AI/App/app_x-cube-ai.o
                0x08003f38                ai_mnetwork_get_report
 .text.ai_mnetwork_get_error
                0x08003f4e       0x1a ./X-CUBE-AI/App/app_x-cube-ai.o
                0x08003f4e                ai_mnetwork_get_error
 .text.ai_mnetwork_init
                0x08003f68       0x3e ./X-CUBE-AI/App/app_x-cube-ai.o
                0x08003f68                ai_mnetwork_init
 .text.ai_mnetwork_run
                0x08003fa6       0x1c ./X-CUBE-AI/App/app_x-cube-ai.o
                0x08003fa6                ai_mnetwork_run
 .text.ai_mnetwork_get_private_handle
                0x08003fc2       0x34 ./X-CUBE-AI/App/app_x-cube-ai.o
                0x08003fc2                ai_mnetwork_get_private_handle
 .text._write_number
                0x08003ff6      0x128 ./X-CUBE-AI/App/lc_print.o
 *fill*         0x0800411e        0x2 
 .text.vlc_print
                0x08004120      0x424 ./X-CUBE-AI/App/lc_print.o
                0x08004120                vlc_print
 .text.ai_network_get_report
                0x08004544       0xa4 ./X-CUBE-AI/App/network.o
                0x08004544                ai_network_get_report
 .text.ai_network_get_error
                0x080045e8        0x4 ./X-CUBE-AI/App/network.o
                0x080045e8                ai_network_get_error
 .text.ai_network_create
                0x080045ec       0x1c ./X-CUBE-AI/App/network.o
                0x080045ec                ai_network_create
 .text.ai_network_destroy
                0x08004608        0x4 ./X-CUBE-AI/App/network.o
                0x08004608                ai_network_destroy
 .text.ai_network_init
                0x0800460c      0x200 ./X-CUBE-AI/App/network.o
                0x0800460c                ai_network_init
 .text.ai_network_run
                0x0800480c        0x4 ./X-CUBE-AI/App/network.o
                0x0800480c                ai_network_run
 .text.ai_network_forward
                0x08004810        0x6 ./X-CUBE-AI/App/network.o
                0x08004810                ai_network_forward
 *fill*         0x08004816        0x2 
 .text.ai_network_data_params_get
                0x08004818       0x30 ./X-CUBE-AI/App/network_data.o
                0x08004818                ai_network_data_params_get
 .text.ai_buffer_get_size
                0x08004848       0x68 ../Middlewares/ST/AI/Lib\NetworkRuntime900_CM4_GCC.a(ai_platform.o)
                0x08004848                ai_buffer_get_size
 .text.ai_buffer_get_byte_size
                0x080048b0       0x10 ../Middlewares/ST/AI/Lib\NetworkRuntime900_CM4_GCC.a(ai_platform.o)
                0x080048b0                ai_buffer_get_byte_size
 .text.ai_buffer_array_sane
                0x080048c0       0x14 ../Middlewares/ST/AI/Lib\NetworkRuntime900_CM4_GCC.a(ai_platform.o)
                0x080048c0                ai_buffer_array_sane
 .text.ai_buffer_array_item_set_address
                0x080048d4       0x20 ../Middlewares/ST/AI/Lib\NetworkRuntime900_CM4_GCC.a(ai_platform.o)
                0x080048d4                ai_buffer_array_item_set_address
 .text._platform_observer_node_exec_cb
                0x080048f4       0xdc ../Middlewares/ST/AI/Lib\NetworkRuntime900_CM4_GCC.a(ai_platform_interface.o)
 .text.ai_platform_get_weights_map
                0x080049d0       0xa8 ../Middlewares/ST/AI/Lib\NetworkRuntime900_CM4_GCC.a(ai_platform_interface.o)
                0x080049d0                ai_platform_get_weights_map
 .text.ai_platform_get_activations_map
                0x08004a78       0xa8 ../Middlewares/ST/AI/Lib\NetworkRuntime900_CM4_GCC.a(ai_platform_interface.o)
                0x08004a78                ai_platform_get_activations_map
 .text.ai_platform_bind_network_params
                0x08004b20       0x44 ../Middlewares/ST/AI/Lib\NetworkRuntime900_CM4_GCC.a(ai_platform_interface.o)
                0x08004b20                ai_platform_bind_network_params
 .text.ai_platform_runtime_get_revision
                0x08004b64        0x8 ../Middlewares/ST/AI/Lib\NetworkRuntime900_CM4_GCC.a(ai_platform_interface.o)
                0x08004b64                ai_platform_runtime_get_revision
 .text.ai_platform_runtime_get_version
                0x08004b6c        0x8 ../Middlewares/ST/AI/Lib\NetworkRuntime900_CM4_GCC.a(ai_platform_interface.o)
                0x08004b6c                ai_platform_runtime_get_version
 .text.ai_platform_api_get_version
                0x08004b74       0x2c ../Middlewares/ST/AI/Lib\NetworkRuntime900_CM4_GCC.a(ai_platform_interface.o)
                0x08004b74                ai_platform_api_get_version
 .text.ai_platform_interface_api_get_version
                0x08004ba0       0x2c ../Middlewares/ST/AI/Lib\NetworkRuntime900_CM4_GCC.a(ai_platform_interface.o)
                0x08004ba0                ai_platform_interface_api_get_version
 .text.ai_platform_context_acquire
                0x08004bcc       0x10 ../Middlewares/ST/AI/Lib\NetworkRuntime900_CM4_GCC.a(ai_platform_interface.o)
                0x08004bcc                ai_platform_context_acquire
 .text.ai_platform_network_get_error
                0x08004bdc       0x18 ../Middlewares/ST/AI/Lib\NetworkRuntime900_CM4_GCC.a(ai_platform_interface.o)
                0x08004bdc                ai_platform_network_get_error
 .text.ai_platform_network_set_error
                0x08004bf4        0xc ../Middlewares/ST/AI/Lib\NetworkRuntime900_CM4_GCC.a(ai_platform_interface.o)
                0x08004bf4                ai_platform_network_set_error
 .text.ai_platform_api_get_network_report
                0x08004c00      0x35c ../Middlewares/ST/AI/Lib\NetworkRuntime900_CM4_GCC.a(ai_platform_interface.o)
                0x08004c00                ai_platform_api_get_network_report
 .text.ai_platform_network_create
                0x08004f5c       0x84 ../Middlewares/ST/AI/Lib\NetworkRuntime900_CM4_GCC.a(ai_platform_interface.o)
                0x08004f5c                ai_platform_network_create
 .text.ai_platform_network_destroy
                0x08004fe0       0x24 ../Middlewares/ST/AI/Lib\NetworkRuntime900_CM4_GCC.a(ai_platform_interface.o)
                0x08004fe0                ai_platform_network_destroy
 .text.ai_platform_network_init
                0x08005004      0x19c ../Middlewares/ST/AI/Lib\NetworkRuntime900_CM4_GCC.a(ai_platform_interface.o)
                0x08005004                ai_platform_network_init
 .text.ai_platform_network_post_init
                0x080051a0       0x60 ../Middlewares/ST/AI/Lib\NetworkRuntime900_CM4_GCC.a(ai_platform_interface.o)
                0x080051a0                ai_platform_network_post_init
 .text.ai_platform_network_process
                0x08005200      0x480 ../Middlewares/ST/AI/Lib\NetworkRuntime900_CM4_GCC.a(ai_platform_interface.o)
                0x08005200                ai_platform_network_process
 .text.ai_platform_observer_node_info
                0x08005680       0xa4 ../Middlewares/ST/AI/Lib\NetworkRuntime900_CM4_GCC.a(ai_platform_interface.o)
                0x08005680                ai_platform_observer_node_info
 .text.ai_platform_observer_register
                0x08005724       0x98 ../Middlewares/ST/AI/Lib\NetworkRuntime900_CM4_GCC.a(ai_platform_interface.o)
                0x08005724                ai_platform_observer_register
 .text.ai_platform_observer_unregister
                0x080057bc       0x28 ../Middlewares/ST/AI/Lib\NetworkRuntime900_CM4_GCC.a(ai_platform_interface.o)
                0x080057bc                ai_platform_observer_unregister
 .text.core_init
                0x080057e4        0x4 ../Middlewares/ST/AI/Lib\NetworkRuntime900_CM4_GCC.a(core_common.o)
                0x080057e4                core_init
 .text.core_get_error
                0x080057e8        0xc ../Middlewares/ST/AI/Lib\NetworkRuntime900_CM4_GCC.a(core_common.o)
                0x080057e8                core_get_error
 .text.core_set_error
                0x080057f4       0x18 ../Middlewares/ST/AI/Lib\NetworkRuntime900_CM4_GCC.a(core_common.o)
                0x080057f4                core_set_error
 .text.core_mem_alloc
                0x0800580c       0x1c ../Middlewares/ST/AI/Lib\NetworkRuntime900_CM4_GCC.a(core_mem_manager.o)
                0x0800580c                core_mem_alloc
 .text.core_mem_free
                0x08005828       0x20 ../Middlewares/ST/AI/Lib\NetworkRuntime900_CM4_GCC.a(core_mem_manager.o)
                0x08005828                core_mem_free
 .text.ai_check_custom_types
                0x08005848       0x54 ../Middlewares/ST/AI/Lib\NetworkRuntime900_CM4_GCC.a(layers.o)
                0x08005848                ai_check_custom_types
 .text.ai_layer_type_name
                0x0800589c       0x5c ../Middlewares/ST/AI/Lib\NetworkRuntime900_CM4_GCC.a(layers.o)
                0x0800589c                ai_layer_type_name
 .text.ai_layers_init_all
                0x080058f8       0x1c ../Middlewares/ST/AI/Lib\NetworkRuntime900_CM4_GCC.a(layers.o)
                0x080058f8                ai_layers_init_all
 .text.ai_layers_post_init_all
                0x08005914       0x28 ../Middlewares/ST/AI/Lib\NetworkRuntime900_CM4_GCC.a(layers.o)
                0x08005914                ai_layers_post_init_all
 .text.ai_layers_forward_all
                0x0800593c       0x94 ../Middlewares/ST/AI/Lib\NetworkRuntime900_CM4_GCC.a(layers.o)
                0x0800593c                ai_layers_forward_all
 .text.ai_layers_destroy_all
                0x080059d0       0x28 ../Middlewares/ST/AI/Lib\NetworkRuntime900_CM4_GCC.a(layers.o)
                0x080059d0                ai_layers_destroy_all
 .text.forward_dense
                0x080059f8      0x3e0 ../Middlewares/ST/AI/Lib\NetworkRuntime900_CM4_GCC.a(layers_conv2d_generic_float.o)
                0x080059f8                forward_dense
 .text.forward_concat
                0x08005dd8      0x560 ../Middlewares/ST/AI/Lib\NetworkRuntime900_CM4_GCC.a(layers_generic_float.o)
                0x08005dd8                forward_concat
 .text.nl_func_sigmoid_array_f32
                0x08006338       0x50 ../Middlewares/ST/AI/Lib\NetworkRuntime900_CM4_GCC.a(layers_nl_generic_float.o)
                0x08006338                nl_func_sigmoid_array_f32
 .text.forward_sigmoid
                0x08006388       0x94 ../Middlewares/ST/AI/Lib\NetworkRuntime900_CM4_GCC.a(layers_nl_generic_float.o)
                0x08006388                forward_sigmoid
 .text.nl_func_tanh_array_f32
                0x0800641c       0x38 ../Middlewares/ST/AI/Lib\NetworkRuntime900_CM4_GCC.a(layers_nl_generic_float.o)
                0x0800641c                nl_func_tanh_array_f32
 .text.forward_relu
                0x08006454      0x138 ../Middlewares/ST/AI/Lib\NetworkRuntime900_CM4_GCC.a(layers_nl_generic_float.o)
                0x08006454                forward_relu
 .text.forward_mp
                0x0800658c      0x1a4 ../Middlewares/ST/AI/Lib\NetworkRuntime900_CM4_GCC.a(layers_pool_generic_float.o)
                0x0800658c                forward_mp
 .text.array_f32_identity
                0x08006730       0x14 ../Middlewares/ST/AI/Lib\NetworkRuntime900_CM4_GCC.a(layers_rnn_generic_float.o)
 .text.forward_lstm
                0x08006744     0x1930 ../Middlewares/ST/AI/Lib\NetworkRuntime900_CM4_GCC.a(layers_rnn_generic_float.o)
                0x08006744                forward_lstm
 .text.forward_lite_nl_relu_generic_if32of32_kernel
                0x08008074       0xfc ../Middlewares/ST/AI/Lib\NetworkRuntime900_CM4_GCC.a(lite_nl_relu_if32of32.o)
                0x08008074                forward_lite_nl_relu_generic_if32of32_kernel
 .text.forward_lite_dense_if32of32wf32
                0x08008170      0x2b4 ../Middlewares/ST/AI/Lib\NetworkRuntime900_CM4_GCC.a(lite_dense_if32.o)
                0x08008170                forward_lite_dense_if32of32wf32
 .text.st_int8_fill
                0x08008424       0xb8 ../Middlewares/ST/AI/Lib\NetworkRuntime900_CM4_GCC.a(st_int8_fill.o)
                0x08008424                st_int8_fill
 .text.st_int8_copy
                0x080084dc      0x10c ../Middlewares/ST/AI/Lib\NetworkRuntime900_CM4_GCC.a(st_int8_fill.o)
                0x080084dc                st_int8_copy
 .text.ai_array_to_buffer_fmt
                0x080085e8       0xe0 ../Middlewares/ST/AI/Lib\NetworkRuntime900_CM4_GCC.a(ai_datatypes_format.o)
                0x080085e8                ai_array_to_buffer_fmt
 .text.ai_array_get_byte_size
                0x080086c8       0x50 ../Middlewares/ST/AI/Lib\NetworkRuntime900_CM4_GCC.a(ai_datatypes_format.o)
                0x080086c8                ai_array_get_byte_size
 .text.ai_array_get_data_byte_size
                0x08008718       0x24 ../Middlewares/ST/AI/Lib\NetworkRuntime900_CM4_GCC.a(ai_datatypes_format.o)
                0x08008718                ai_array_get_data_byte_size
 .text.ai_version_get
                0x0800873c        0xc ../Middlewares/ST/AI/Lib\NetworkRuntime900_CM4_GCC.a(ai_datatypes_internal.o)
                0x0800873c                ai_version_get
 .text.ai_platform_version_get
                0x08008748       0x24 ../Middlewares/ST/AI/Lib\NetworkRuntime900_CM4_GCC.a(ai_datatypes_internal.o)
                0x08008748                ai_platform_version_get
 .text.get_tensor_byte_size
                0x0800876c       0x30 ../Middlewares/ST/AI/Lib\NetworkRuntime900_CM4_GCC.a(ai_datatypes_internal.o)
                0x0800876c                get_tensor_byte_size
 .text.malloc   0x0800879c       0x10 C:/ST/STM32CubeIDE_1.15.1/STM32CubeIDE/plugins/com.st.stm32cube.ide.mcu.externaltools.gnu-tools-for-stm32.12.3.rel1.win32_1.0.200.202406191623/tools/bin/../lib/gcc/arm-none-eabi/12.3.1/../../../../arm-none-eabi/lib/thumb/v7e-m+fp/hard\libc_nano.a(libc_a-malloc.o)
                0x0800879c                malloc
 .text.free     0x080087ac       0x10 C:/ST/STM32CubeIDE_1.15.1/STM32CubeIDE/plugins/com.st.stm32cube.ide.mcu.externaltools.gnu-tools-for-stm32.12.3.rel1.win32_1.0.200.202406191623/tools/bin/../lib/gcc/arm-none-eabi/12.3.1/../../../../arm-none-eabi/lib/thumb/v7e-m+fp/hard\libc_nano.a(libc_a-malloc.o)
                0x080087ac                free
 .text.sbrk_aligned
                0x080087bc       0x44 C:/ST/STM32CubeIDE_1.15.1/STM32CubeIDE/plugins/com.st.stm32cube.ide.mcu.externaltools.gnu-tools-for-stm32.12.3.rel1.win32_1.0.200.202406191623/tools/bin/../lib/gcc/arm-none-eabi/12.3.1/../../../../arm-none-eabi/lib/thumb/v7e-m+fp/hard\libc_nano.a(libc_a-mallocr.o)
 .text._malloc_r
                0x08008800      0x100 C:/ST/STM32CubeIDE_1.15.1/STM32CubeIDE/plugins/com.st.stm32cube.ide.mcu.externaltools.gnu-tools-for-stm32.12.3.rel1.win32_1.0.200.202406191623/tools/bin/../lib/gcc/arm-none-eabi/12.3.1/../../../../arm-none-eabi/lib/thumb/v7e-m+fp/hard\libc_nano.a(libc_a-mallocr.o)
                0x08008800                _malloc_r
 .text.__malloc_lock
                0x08008900        0xc C:/ST/STM32CubeIDE_1.15.1/STM32CubeIDE/plugins/com.st.stm32cube.ide.mcu.externaltools.gnu-tools-for-stm32.12.3.rel1.win32_1.0.200.202406191623/tools/bin/../lib/gcc/arm-none-eabi/12.3.1/../../../../arm-none-eabi/lib/thumb/v7e-m+fp/hard\libc_nano.a(libc_a-mlock.o)
                0x08008900                __malloc_lock
 .text.__malloc_unlock
                0x0800890c        0xc C:/ST/STM32CubeIDE_1.15.1/STM32CubeIDE/plugins/com.st.stm32cube.ide.mcu.externaltools.gnu-tools-for-stm32.12.3.rel1.win32_1.0.200.202406191623/tools/bin/../lib/gcc/arm-none-eabi/12.3.1/../../../../arm-none-eabi/lib/thumb/v7e-m+fp/hard\libc_nano.a(libc_a-mlock.o)
                0x0800890c                __malloc_unlock
 .text.srand    0x08008918       0x5c C:/ST/STM32CubeIDE_1.15.1/STM32CubeIDE/plugins/com.st.stm32cube.ide.mcu.externaltools.gnu-tools-for-stm32.12.3.rel1.win32_1.0.200.202406191623/tools/bin/../lib/gcc/arm-none-eabi/12.3.1/../../../../arm-none-eabi/lib/thumb/v7e-m+fp/hard\libc_nano.a(libc_a-rand.o)
                0x08008918                srand
 .text._strtol_l.constprop.0
                0x08008974       0xf4 C:/ST/STM32CubeIDE_1.15.1/STM32CubeIDE/plugins/com.st.stm32cube.ide.mcu.externaltools.gnu-tools-for-stm32.12.3.rel1.win32_1.0.200.202406191623/tools/bin/../lib/gcc/arm-none-eabi/12.3.1/../../../../arm-none-eabi/lib/thumb/v7e-m+fp/hard\libc_nano.a(libc_a-strtol.o)
 .text.strtol   0x08008a68       0x14 C:/ST/STM32CubeIDE_1.15.1/STM32CubeIDE/plugins/com.st.stm32cube.ide.mcu.externaltools.gnu-tools-for-stm32.12.3.rel1.win32_1.0.200.202406191623/tools/bin/../lib/gcc/arm-none-eabi/12.3.1/../../../../arm-none-eabi/lib/thumb/v7e-m+fp/hard\libc_nano.a(libc_a-strtol.o)
                0x08008a68                strtol
 .text.__cvt    0x08008a7c       0xca C:/ST/STM32CubeIDE_1.15.1/STM32CubeIDE/plugins/com.st.stm32cube.ide.mcu.externaltools.gnu-tools-for-stm32.12.3.rel1.win32_1.0.200.202406191623/tools/bin/../lib/gcc/arm-none-eabi/12.3.1/../../../../arm-none-eabi/lib/thumb/v7e-m+fp/hard\libc_nano.a(libc_a-nano-vfprintf_float.o)
                0x08008a7c                __cvt
 .text.__exponent
                0x08008b46       0x74 C:/ST/STM32CubeIDE_1.15.1/STM32CubeIDE/plugins/com.st.stm32cube.ide.mcu.externaltools.gnu-tools-for-stm32.12.3.rel1.win32_1.0.200.202406191623/tools/bin/../lib/gcc/arm-none-eabi/12.3.1/../../../../arm-none-eabi/lib/thumb/v7e-m+fp/hard\libc_nano.a(libc_a-nano-vfprintf_float.o)
                0x08008b46                __exponent
 *fill*         0x08008bba        0x2 
 .text._printf_float
                0x08008bbc      0x454 C:/ST/STM32CubeIDE_1.15.1/STM32CubeIDE/plugins/com.st.stm32cube.ide.mcu.externaltools.gnu-tools-for-stm32.12.3.rel1.win32_1.0.200.202406191623/tools/bin/../lib/gcc/arm-none-eabi/12.3.1/../../../../arm-none-eabi/lib/thumb/v7e-m+fp/hard\libc_nano.a(libc_a-nano-vfprintf_float.o)
                0x08008bbc                _printf_float
 .text._printf_common
                0x08009010       0xda C:/ST/STM32CubeIDE_1.15.1/STM32CubeIDE/plugins/com.st.stm32cube.ide.mcu.externaltools.gnu-tools-for-stm32.12.3.rel1.win32_1.0.200.202406191623/tools/bin/../lib/gcc/arm-none-eabi/12.3.1/../../../../arm-none-eabi/lib/thumb/v7e-m+fp/hard\libc_nano.a(libc_a-nano-vfprintf_i.o)
                0x08009010                _printf_common
 *fill*         0x080090ea        0x2 
 .text._printf_i
                0x080090ec      0x240 C:/ST/STM32CubeIDE_1.15.1/STM32CubeIDE/plugins/com.st.stm32cube.ide.mcu.externaltools.gnu-tools-for-stm32.12.3.rel1.win32_1.0.200.202406191623/tools/bin/../lib/gcc/arm-none-eabi/12.3.1/../../../../arm-none-eabi/lib/thumb/v7e-m+fp/hard\libc_nano.a(libc_a-nano-vfprintf_i.o)
                0x080090ec                _printf_i
 .text.__sflush_r
                0x0800932c      0x108 C:/ST/STM32CubeIDE_1.15.1/STM32CubeIDE/plugins/com.st.stm32cube.ide.mcu.externaltools.gnu-tools-for-stm32.12.3.rel1.win32_1.0.200.202406191623/tools/bin/../lib/gcc/arm-none-eabi/12.3.1/../../../../arm-none-eabi/lib/thumb/v7e-m+fp/hard\libc_nano.a(libc_a-fflush.o)
                0x0800932c                __sflush_r
 .text._fflush_r
                0x08009434       0x50 C:/ST/STM32CubeIDE_1.15.1/STM32CubeIDE/plugins/com.st.stm32cube.ide.mcu.externaltools.gnu-tools-for-stm32.12.3.rel1.win32_1.0.200.202406191623/tools/bin/../lib/gcc/arm-none-eabi/12.3.1/../../../../arm-none-eabi/lib/thumb/v7e-m+fp/hard\libc_nano.a(libc_a-fflush.o)
                0x08009434                _fflush_r
 .text.fflush   0x08009484       0x28 C:/ST/STM32CubeIDE_1.15.1/STM32CubeIDE/plugins/com.st.stm32cube.ide.mcu.externaltools.gnu-tools-for-stm32.12.3.rel1.win32_1.0.200.202406191623/tools/bin/../lib/gcc/arm-none-eabi/12.3.1/../../../../arm-none-eabi/lib/thumb/v7e-m+fp/hard\libc_nano.a(libc_a-fflush.o)
                0x08009484                fflush
 .text.std      0x080094ac       0x6c C:/ST/STM32CubeIDE_1.15.1/STM32CubeIDE/plugins/com.st.stm32cube.ide.mcu.externaltools.gnu-tools-for-stm32.12.3.rel1.win32_1.0.200.202406191623/tools/bin/../lib/gcc/arm-none-eabi/12.3.1/../../../../arm-none-eabi/lib/thumb/v7e-m+fp/hard\libc_nano.a(libc_a-findfp.o)
 .text.stdio_exit_handler
                0x08009518       0x18 C:/ST/STM32CubeIDE_1.15.1/STM32CubeIDE/plugins/com.st.stm32cube.ide.mcu.externaltools.gnu-tools-for-stm32.12.3.rel1.win32_1.0.200.202406191623/tools/bin/../lib/gcc/arm-none-eabi/12.3.1/../../../../arm-none-eabi/lib/thumb/v7e-m+fp/hard\libc_nano.a(libc_a-findfp.o)
 .text.cleanup_stdio
                0x08009530       0x40 C:/ST/STM32CubeIDE_1.15.1/STM32CubeIDE/plugins/com.st.stm32cube.ide.mcu.externaltools.gnu-tools-for-stm32.12.3.rel1.win32_1.0.200.202406191623/tools/bin/../lib/gcc/arm-none-eabi/12.3.1/../../../../arm-none-eabi/lib/thumb/v7e-m+fp/hard\libc_nano.a(libc_a-findfp.o)
 .text.global_stdio_init.part.0
                0x08009570       0x3c C:/ST/STM32CubeIDE_1.15.1/STM32CubeIDE/plugins/com.st.stm32cube.ide.mcu.externaltools.gnu-tools-for-stm32.12.3.rel1.win32_1.0.200.202406191623/tools/bin/../lib/gcc/arm-none-eabi/12.3.1/../../../../arm-none-eabi/lib/thumb/v7e-m+fp/hard\libc_nano.a(libc_a-findfp.o)
 .text.__sfp_lock_acquire
                0x080095ac        0xc C:/ST/STM32CubeIDE_1.15.1/STM32CubeIDE/plugins/com.st.stm32cube.ide.mcu.externaltools.gnu-tools-for-stm32.12.3.rel1.win32_1.0.200.202406191623/tools/bin/../lib/gcc/arm-none-eabi/12.3.1/../../../../arm-none-eabi/lib/thumb/v7e-m+fp/hard\libc_nano.a(libc_a-findfp.o)
                0x080095ac                __sfp_lock_acquire
 .text.__sfp_lock_release
                0x080095b8        0xc C:/ST/STM32CubeIDE_1.15.1/STM32CubeIDE/plugins/com.st.stm32cube.ide.mcu.externaltools.gnu-tools-for-stm32.12.3.rel1.win32_1.0.200.202406191623/tools/bin/../lib/gcc/arm-none-eabi/12.3.1/../../../../arm-none-eabi/lib/thumb/v7e-m+fp/hard\libc_nano.a(libc_a-findfp.o)
                0x080095b8                __sfp_lock_release
 .text.__sinit  0x080095c4       0x30 C:/ST/STM32CubeIDE_1.15.1/STM32CubeIDE/plugins/com.st.stm32cube.ide.mcu.externaltools.gnu-tools-for-stm32.12.3.rel1.win32_1.0.200.202406191623/tools/bin/../lib/gcc/arm-none-eabi/12.3.1/../../../../arm-none-eabi/lib/thumb/v7e-m+fp/hard\libc_nano.a(libc_a-findfp.o)
                0x080095c4                __sinit
 .text._fwalk_sglue
                0x080095f4       0x3c C:/ST/STM32CubeIDE_1.15.1/STM32CubeIDE/plugins/com.st.stm32cube.ide.mcu.externaltools.gnu-tools-for-stm32.12.3.rel1.win32_1.0.200.202406191623/tools/bin/../lib/gcc/arm-none-eabi/12.3.1/../../../../arm-none-eabi/lib/thumb/v7e-m+fp/hard\libc_nano.a(libc_a-fwalk.o)
                0x080095f4                _fwalk_sglue
 .text.__sread  0x08009630       0x22 C:/ST/STM32CubeIDE_1.15.1/STM32CubeIDE/plugins/com.st.stm32cube.ide.mcu.externaltools.gnu-tools-for-stm32.12.3.rel1.win32_1.0.200.202406191623/tools/bin/../lib/gcc/arm-none-eabi/12.3.1/../../../../arm-none-eabi/lib/thumb/v7e-m+fp/hard\libc_nano.a(libc_a-stdio.o)
                0x08009630                __sread
 .text.__swrite
                0x08009652       0x38 C:/ST/STM32CubeIDE_1.15.1/STM32CubeIDE/plugins/com.st.stm32cube.ide.mcu.externaltools.gnu-tools-for-stm32.12.3.rel1.win32_1.0.200.202406191623/tools/bin/../lib/gcc/arm-none-eabi/12.3.1/../../../../arm-none-eabi/lib/thumb/v7e-m+fp/hard\libc_nano.a(libc_a-stdio.o)
                0x08009652                __swrite
 .text.__sseek  0x0800968a       0x24 C:/ST/STM32CubeIDE_1.15.1/STM32CubeIDE/plugins/com.st.stm32cube.ide.mcu.externaltools.gnu-tools-for-stm32.12.3.rel1.win32_1.0.200.202406191623/tools/bin/../lib/gcc/arm-none-eabi/12.3.1/../../../../arm-none-eabi/lib/thumb/v7e-m+fp/hard\libc_nano.a(libc_a-stdio.o)
                0x0800968a                __sseek
 .text.__sclose
                0x080096ae        0x8 C:/ST/STM32CubeIDE_1.15.1/STM32CubeIDE/plugins/com.st.stm32cube.ide.mcu.externaltools.gnu-tools-for-stm32.12.3.rel1.win32_1.0.200.202406191623/tools/bin/../lib/gcc/arm-none-eabi/12.3.1/../../../../arm-none-eabi/lib/thumb/v7e-m+fp/hard\libc_nano.a(libc_a-stdio.o)
                0x080096ae                __sclose
 .text.memset   0x080096b6       0x10 C:/ST/STM32CubeIDE_1.15.1/STM32CubeIDE/plugins/com.st.stm32cube.ide.mcu.externaltools.gnu-tools-for-stm32.12.3.rel1.win32_1.0.200.202406191623/tools/bin/../lib/gcc/arm-none-eabi/12.3.1/../../../../arm-none-eabi/lib/thumb/v7e-m+fp/hard\libc_nano.a(libc_a-memset.o)
                0x080096b6                memset
 .text.strncmp  0x080096c6       0x24 C:/ST/STM32CubeIDE_1.15.1/STM32CubeIDE/plugins/com.st.stm32cube.ide.mcu.externaltools.gnu-tools-for-stm32.12.3.rel1.win32_1.0.200.202406191623/tools/bin/../lib/gcc/arm-none-eabi/12.3.1/../../../../arm-none-eabi/lib/thumb/v7e-m+fp/hard\libc_nano.a(libc_a-strncmp.o)
                0x080096c6                strncmp
 *fill*         0x080096ea        0x2 
 .text.strtok   0x080096ec       0x68 C:/ST/STM32CubeIDE_1.15.1/STM32CubeIDE/plugins/com.st.stm32cube.ide.mcu.externaltools.gnu-tools-for-stm32.12.3.rel1.win32_1.0.200.202406191623/tools/bin/../lib/gcc/arm-none-eabi/12.3.1/../../../../arm-none-eabi/lib/thumb/v7e-m+fp/hard\libc_nano.a(libc_a-strtok.o)
                0x080096ec                strtok
 .text.__strtok_r
                0x08009754       0x50 C:/ST/STM32CubeIDE_1.15.1/STM32CubeIDE/plugins/com.st.stm32cube.ide.mcu.externaltools.gnu-tools-for-stm32.12.3.rel1.win32_1.0.200.202406191623/tools/bin/../lib/gcc/arm-none-eabi/12.3.1/../../../../arm-none-eabi/lib/thumb/v7e-m+fp/hard\libc_nano.a(libc_a-strtok_r.o)
                0x08009754                __strtok_r
 .text._localeconv_r
                0x080097a4        0x8 C:/ST/STM32CubeIDE_1.15.1/STM32CubeIDE/plugins/com.st.stm32cube.ide.mcu.externaltools.gnu-tools-for-stm32.12.3.rel1.win32_1.0.200.202406191623/tools/bin/../lib/gcc/arm-none-eabi/12.3.1/../../../../arm-none-eabi/lib/thumb/v7e-m+fp/hard\libc_nano.a(libc_a-localeconv.o)
                0x080097a4                _localeconv_r
 .text._close_r
                0x080097ac       0x20 C:/ST/STM32CubeIDE_1.15.1/STM32CubeIDE/plugins/com.st.stm32cube.ide.mcu.externaltools.gnu-tools-for-stm32.12.3.rel1.win32_1.0.200.202406191623/tools/bin/../lib/gcc/arm-none-eabi/12.3.1/../../../../arm-none-eabi/lib/thumb/v7e-m+fp/hard\libc_nano.a(libc_a-closer.o)
                0x080097ac                _close_r
 .text._lseek_r
                0x080097cc       0x24 C:/ST/STM32CubeIDE_1.15.1/STM32CubeIDE/plugins/com.st.stm32cube.ide.mcu.externaltools.gnu-tools-for-stm32.12.3.rel1.win32_1.0.200.202406191623/tools/bin/../lib/gcc/arm-none-eabi/12.3.1/../../../../arm-none-eabi/lib/thumb/v7e-m+fp/hard\libc_nano.a(libc_a-lseekr.o)
                0x080097cc                _lseek_r
 .text._read_r  0x080097f0       0x24 C:/ST/STM32CubeIDE_1.15.1/STM32CubeIDE/plugins/com.st.stm32cube.ide.mcu.externaltools.gnu-tools-for-stm32.12.3.rel1.win32_1.0.200.202406191623/tools/bin/../lib/gcc/arm-none-eabi/12.3.1/../../../../arm-none-eabi/lib/thumb/v7e-m+fp/hard\libc_nano.a(libc_a-readr.o)
                0x080097f0                _read_r
 .text._sbrk_r  0x08009814       0x20 C:/ST/STM32CubeIDE_1.15.1/STM32CubeIDE/plugins/com.st.stm32cube.ide.mcu.externaltools.gnu-tools-for-stm32.12.3.rel1.win32_1.0.200.202406191623/tools/bin/../lib/gcc/arm-none-eabi/12.3.1/../../../../arm-none-eabi/lib/thumb/v7e-m+fp/hard\libc_nano.a(libc_a-sbrkr.o)
                0x08009814                _sbrk_r
 .text._write_r
                0x08009834       0x24 C:/ST/STM32CubeIDE_1.15.1/STM32CubeIDE/plugins/com.st.stm32cube.ide.mcu.externaltools.gnu-tools-for-stm32.12.3.rel1.win32_1.0.200.202406191623/tools/bin/../lib/gcc/arm-none-eabi/12.3.1/../../../../arm-none-eabi/lib/thumb/v7e-m+fp/hard\libc_nano.a(libc_a-writer.o)
                0x08009834                _write_r
 .text.__errno  0x08009858        0xc C:/ST/STM32CubeIDE_1.15.1/STM32CubeIDE/plugins/com.st.stm32cube.ide.mcu.externaltools.gnu-tools-for-stm32.12.3.rel1.win32_1.0.200.202406191623/tools/bin/../lib/gcc/arm-none-eabi/12.3.1/../../../../arm-none-eabi/lib/thumb/v7e-m+fp/hard\libc_nano.a(libc_a-errno.o)
                0x08009858                __errno
 .text.__libc_init_array
                0x08009864       0x48 C:/ST/STM32CubeIDE_1.15.1/STM32CubeIDE/plugins/com.st.stm32cube.ide.mcu.externaltools.gnu-tools-for-stm32.12.3.rel1.win32_1.0.200.202406191623/tools/bin/../lib/gcc/arm-none-eabi/12.3.1/../../../../arm-none-eabi/lib/thumb/v7e-m+fp/hard\libc_nano.a(libc_a-init.o)
                0x08009864                __libc_init_array
 .text.__retarget_lock_init_recursive
                0x080098ac        0x2 C:/ST/STM32CubeIDE_1.15.1/STM32CubeIDE/plugins/com.st.stm32cube.ide.mcu.externaltools.gnu-tools-for-stm32.12.3.rel1.win32_1.0.200.202406191623/tools/bin/../lib/gcc/arm-none-eabi/12.3.1/../../../../arm-none-eabi/lib/thumb/v7e-m+fp/hard\libc_nano.a(libc_a-lock.o)
                0x080098ac                __retarget_lock_init_recursive
 .text.__retarget_lock_acquire_recursive
                0x080098ae        0x2 C:/ST/STM32CubeIDE_1.15.1/STM32CubeIDE/plugins/com.st.stm32cube.ide.mcu.externaltools.gnu-tools-for-stm32.12.3.rel1.win32_1.0.200.202406191623/tools/bin/../lib/gcc/arm-none-eabi/12.3.1/../../../../arm-none-eabi/lib/thumb/v7e-m+fp/hard\libc_nano.a(libc_a-lock.o)
                0x080098ae                __retarget_lock_acquire_recursive
 .text.__retarget_lock_release_recursive
                0x080098b0        0x2 C:/ST/STM32CubeIDE_1.15.1/STM32CubeIDE/plugins/com.st.stm32cube.ide.mcu.externaltools.gnu-tools-for-stm32.12.3.rel1.win32_1.0.200.202406191623/tools/bin/../lib/gcc/arm-none-eabi/12.3.1/../../../../arm-none-eabi/lib/thumb/v7e-m+fp/hard\libc_nano.a(libc_a-lock.o)
                0x080098b0                __retarget_lock_release_recursive
 .text.memcpy   0x080098b2       0x1c C:/ST/STM32CubeIDE_1.15.1/STM32CubeIDE/plugins/com.st.stm32cube.ide.mcu.externaltools.gnu-tools-for-stm32.12.3.rel1.win32_1.0.200.202406191623/tools/bin/../lib/gcc/arm-none-eabi/12.3.1/../../../../arm-none-eabi/lib/thumb/v7e-m+fp/hard\libc_nano.a(libc_a-memcpy-stub.o)
                0x080098b2                memcpy
 *fill*         0x080098ce        0x2 
 .text.__assert_func
                0x080098d0       0x3c C:/ST/STM32CubeIDE_1.15.1/STM32CubeIDE/plugins/com.st.stm32cube.ide.mcu.externaltools.gnu-tools-for-stm32.12.3.rel1.win32_1.0.200.202406191623/tools/bin/../lib/gcc/arm-none-eabi/12.3.1/../../../../arm-none-eabi/lib/thumb/v7e-m+fp/hard\libc_nano.a(libc_a-assert.o)
                0x080098d0                __assert_func
 .text.quorem   0x0800990c      0x110 C:/ST/STM32CubeIDE_1.15.1/STM32CubeIDE/plugins/com.st.stm32cube.ide.mcu.externaltools.gnu-tools-for-stm32.12.3.rel1.win32_1.0.200.202406191623/tools/bin/../lib/gcc/arm-none-eabi/12.3.1/../../../../arm-none-eabi/lib/thumb/v7e-m+fp/hard\libc_nano.a(libc_a-dtoa.o)
 *fill*         0x08009a1c        0x4 
 .text._dtoa_r  0x08009a20      0xb88 C:/ST/STM32CubeIDE_1.15.1/STM32CubeIDE/plugins/com.st.stm32cube.ide.mcu.externaltools.gnu-tools-for-stm32.12.3.rel1.win32_1.0.200.202406191623/tools/bin/../lib/gcc/arm-none-eabi/12.3.1/../../../../arm-none-eabi/lib/thumb/v7e-m+fp/hard\libc_nano.a(libc_a-dtoa.o)
                0x08009a20                _dtoa_r
 .text._free_r  0x0800a5a8       0x94 C:/ST/STM32CubeIDE_1.15.1/STM32CubeIDE/plugins/com.st.stm32cube.ide.mcu.externaltools.gnu-tools-for-stm32.12.3.rel1.win32_1.0.200.202406191623/tools/bin/../lib/gcc/arm-none-eabi/12.3.1/../../../../arm-none-eabi/lib/thumb/v7e-m+fp/hard\libc_nano.a(libc_a-freer.o)
                0x0800a5a8                _free_r
 .text._Balloc  0x0800a63c       0x80 C:/ST/STM32CubeIDE_1.15.1/STM32CubeIDE/plugins/com.st.stm32cube.ide.mcu.externaltools.gnu-tools-for-stm32.12.3.rel1.win32_1.0.200.202406191623/tools/bin/../lib/gcc/arm-none-eabi/12.3.1/../../../../arm-none-eabi/lib/thumb/v7e-m+fp/hard\libc_nano.a(libc_a-mprec.o)
                0x0800a63c                _Balloc
 .text._Bfree   0x0800a6bc       0x44 C:/ST/STM32CubeIDE_1.15.1/STM32CubeIDE/plugins/com.st.stm32cube.ide.mcu.externaltools.gnu-tools-for-stm32.12.3.rel1.win32_1.0.200.202406191623/tools/bin/../lib/gcc/arm-none-eabi/12.3.1/../../../../arm-none-eabi/lib/thumb/v7e-m+fp/hard\libc_nano.a(libc_a-mprec.o)
                0x0800a6bc                _Bfree
 .text.__multadd
                0x0800a700       0x8c C:/ST/STM32CubeIDE_1.15.1/STM32CubeIDE/plugins/com.st.stm32cube.ide.mcu.externaltools.gnu-tools-for-stm32.12.3.rel1.win32_1.0.200.202406191623/tools/bin/../lib/gcc/arm-none-eabi/12.3.1/../../../../arm-none-eabi/lib/thumb/v7e-m+fp/hard\libc_nano.a(libc_a-mprec.o)
                0x0800a700                __multadd
 .text.__hi0bits
                0x0800a78c       0x3e C:/ST/STM32CubeIDE_1.15.1/STM32CubeIDE/plugins/com.st.stm32cube.ide.mcu.externaltools.gnu-tools-for-stm32.12.3.rel1.win32_1.0.200.202406191623/tools/bin/../lib/gcc/arm-none-eabi/12.3.1/../../../../arm-none-eabi/lib/thumb/v7e-m+fp/hard\libc_nano.a(libc_a-mprec.o)
                0x0800a78c                __hi0bits
 .text.__lo0bits
                0x0800a7ca       0x5a C:/ST/STM32CubeIDE_1.15.1/STM32CubeIDE/plugins/com.st.stm32cube.ide.mcu.externaltools.gnu-tools-for-stm32.12.3.rel1.win32_1.0.200.202406191623/tools/bin/../lib/gcc/arm-none-eabi/12.3.1/../../../../arm-none-eabi/lib/thumb/v7e-m+fp/hard\libc_nano.a(libc_a-mprec.o)
                0x0800a7ca                __lo0bits
 .text.__i2b    0x0800a824       0x2c C:/ST/STM32CubeIDE_1.15.1/STM32CubeIDE/plugins/com.st.stm32cube.ide.mcu.externaltools.gnu-tools-for-stm32.12.3.rel1.win32_1.0.200.202406191623/tools/bin/../lib/gcc/arm-none-eabi/12.3.1/../../../../arm-none-eabi/lib/thumb/v7e-m+fp/hard\libc_nano.a(libc_a-mprec.o)
                0x0800a824                __i2b
 .text.__multiply
                0x0800a850      0x154 C:/ST/STM32CubeIDE_1.15.1/STM32CubeIDE/plugins/com.st.stm32cube.ide.mcu.externaltools.gnu-tools-for-stm32.12.3.rel1.win32_1.0.200.202406191623/tools/bin/../lib/gcc/arm-none-eabi/12.3.1/../../../../arm-none-eabi/lib/thumb/v7e-m+fp/hard\libc_nano.a(libc_a-mprec.o)
                0x0800a850                __multiply
 .text.__pow5mult
                0x0800a9a4       0xb4 C:/ST/STM32CubeIDE_1.15.1/STM32CubeIDE/plugins/com.st.stm32cube.ide.mcu.externaltools.gnu-tools-for-stm32.12.3.rel1.win32_1.0.200.202406191623/tools/bin/../lib/gcc/arm-none-eabi/12.3.1/../../../../arm-none-eabi/lib/thumb/v7e-m+fp/hard\libc_nano.a(libc_a-mprec.o)
                0x0800a9a4                __pow5mult
 .text.__lshift
                0x0800aa58       0xd8 C:/ST/STM32CubeIDE_1.15.1/STM32CubeIDE/plugins/com.st.stm32cube.ide.mcu.externaltools.gnu-tools-for-stm32.12.3.rel1.win32_1.0.200.202406191623/tools/bin/../lib/gcc/arm-none-eabi/12.3.1/../../../../arm-none-eabi/lib/thumb/v7e-m+fp/hard\libc_nano.a(libc_a-mprec.o)
                0x0800aa58                __lshift
 .text.__mcmp   0x0800ab30       0x36 C:/ST/STM32CubeIDE_1.15.1/STM32CubeIDE/plugins/com.st.stm32cube.ide.mcu.externaltools.gnu-tools-for-stm32.12.3.rel1.win32_1.0.200.202406191623/tools/bin/../lib/gcc/arm-none-eabi/12.3.1/../../../../arm-none-eabi/lib/thumb/v7e-m+fp/hard\libc_nano.a(libc_a-mprec.o)
                0x0800ab30                __mcmp
 *fill*         0x0800ab66        0x2 
 .text.__mdiff  0x0800ab68      0x128 C:/ST/STM32CubeIDE_1.15.1/STM32CubeIDE/plugins/com.st.stm32cube.ide.mcu.externaltools.gnu-tools-for-stm32.12.3.rel1.win32_1.0.200.202406191623/tools/bin/../lib/gcc/arm-none-eabi/12.3.1/../../../../arm-none-eabi/lib/thumb/v7e-m+fp/hard\libc_nano.a(libc_a-mprec.o)
                0x0800ab68                __mdiff
 .text.__d2b    0x0800ac90       0xb0 C:/ST/STM32CubeIDE_1.15.1/STM32CubeIDE/plugins/com.st.stm32cube.ide.mcu.externaltools.gnu-tools-for-stm32.12.3.rel1.win32_1.0.200.202406191623/tools/bin/../lib/gcc/arm-none-eabi/12.3.1/../../../../arm-none-eabi/lib/thumb/v7e-m+fp/hard\libc_nano.a(libc_a-mprec.o)
                0x0800ac90                __d2b
 .text.fprintf  0x0800ad40       0x24 C:/ST/STM32CubeIDE_1.15.1/STM32CubeIDE/plugins/com.st.stm32cube.ide.mcu.externaltools.gnu-tools-for-stm32.12.3.rel1.win32_1.0.200.202406191623/tools/bin/../lib/gcc/arm-none-eabi/12.3.1/../../../../arm-none-eabi/lib/thumb/v7e-m+fp/hard\libc_nano.a(libc_a-fprintf.o)
                0x0800ad40                fiprintf
                0x0800ad40                fprintf
 .text.abort    0x0800ad64        0xe C:/ST/STM32CubeIDE_1.15.1/STM32CubeIDE/plugins/com.st.stm32cube.ide.mcu.externaltools.gnu-tools-for-stm32.12.3.rel1.win32_1.0.200.202406191623/tools/bin/../lib/gcc/arm-none-eabi/12.3.1/../../../../arm-none-eabi/lib/thumb/v7e-m+fp/hard\libc_nano.a(libc_a-abort.o)
                0x0800ad64                abort
 .text._calloc_r
                0x0800ad72       0x28 C:/ST/STM32CubeIDE_1.15.1/STM32CubeIDE/plugins/com.st.stm32cube.ide.mcu.externaltools.gnu-tools-for-stm32.12.3.rel1.win32_1.0.200.202406191623/tools/bin/../lib/gcc/arm-none-eabi/12.3.1/../../../../arm-none-eabi/lib/thumb/v7e-m+fp/hard\libc_nano.a(libc_a-callocr.o)
                0x0800ad72                _calloc_r
 .text.__ascii_mbtowc
                0x0800ad9a       0x24 C:/ST/STM32CubeIDE_1.15.1/STM32CubeIDE/plugins/com.st.stm32cube.ide.mcu.externaltools.gnu-tools-for-stm32.12.3.rel1.win32_1.0.200.202406191623/tools/bin/../lib/gcc/arm-none-eabi/12.3.1/../../../../arm-none-eabi/lib/thumb/v7e-m+fp/hard\libc_nano.a(libc_a-mbtowc_r.o)
                0x0800ad9a                __ascii_mbtowc
 .text.__ascii_wctomb
                0x0800adbe       0x1a C:/ST/STM32CubeIDE_1.15.1/STM32CubeIDE/plugins/com.st.stm32cube.ide.mcu.externaltools.gnu-tools-for-stm32.12.3.rel1.win32_1.0.200.202406191623/tools/bin/../lib/gcc/arm-none-eabi/12.3.1/../../../../arm-none-eabi/lib/thumb/v7e-m+fp/hard\libc_nano.a(libc_a-wctomb_r.o)
                0x0800adbe                __ascii_wctomb
 .text.__sfputc_r
                0x0800add8       0x2e C:/ST/STM32CubeIDE_1.15.1/STM32CubeIDE/plugins/com.st.stm32cube.ide.mcu.externaltools.gnu-tools-for-stm32.12.3.rel1.win32_1.0.200.202406191623/tools/bin/../lib/gcc/arm-none-eabi/12.3.1/../../../../arm-none-eabi/lib/thumb/v7e-m+fp/hard\libc_nano.a(libc_a-nano-vfprintf.o)
 .text.__sfputs_r
                0x0800ae06       0x24 C:/ST/STM32CubeIDE_1.15.1/STM32CubeIDE/plugins/com.st.stm32cube.ide.mcu.externaltools.gnu-tools-for-stm32.12.3.rel1.win32_1.0.200.202406191623/tools/bin/../lib/gcc/arm-none-eabi/12.3.1/../../../../arm-none-eabi/lib/thumb/v7e-m+fp/hard\libc_nano.a(libc_a-nano-vfprintf.o)
                0x0800ae06                __sfputs_r
 *fill*         0x0800ae2a        0x2 
 .text._vfprintf_r
                0x0800ae2c      0x230 C:/ST/STM32CubeIDE_1.15.1/STM32CubeIDE/plugins/com.st.stm32cube.ide.mcu.externaltools.gnu-tools-for-stm32.12.3.rel1.win32_1.0.200.202406191623/tools/bin/../lib/gcc/arm-none-eabi/12.3.1/../../../../arm-none-eabi/lib/thumb/v7e-m+fp/hard\libc_nano.a(libc_a-nano-vfprintf.o)
                0x0800ae2c                _vfprintf_r
                0x0800ae2c                _vfiprintf_r
 .text.__swbuf_r
                0x0800b05c       0x7c C:/ST/STM32CubeIDE_1.15.1/STM32CubeIDE/plugins/com.st.stm32cube.ide.mcu.externaltools.gnu-tools-for-stm32.12.3.rel1.win32_1.0.200.202406191623/tools/bin/../lib/gcc/arm-none-eabi/12.3.1/../../../../arm-none-eabi/lib/thumb/v7e-m+fp/hard\libc_nano.a(libc_a-wbuf.o)
                0x0800b05c                __swbuf_r
 .text.__swsetup_r
                0x0800b0d8       0xac C:/ST/STM32CubeIDE_1.15.1/STM32CubeIDE/plugins/com.st.stm32cube.ide.mcu.externaltools.gnu-tools-for-stm32.12.3.rel1.win32_1.0.200.202406191623/tools/bin/../lib/gcc/arm-none-eabi/12.3.1/../../../../arm-none-eabi/lib/thumb/v7e-m+fp/hard\libc_nano.a(libc_a-wsetup.o)
                0x0800b0d8                __swsetup_r
 .text._raise_r
                0x0800b184       0x50 C:/ST/STM32CubeIDE_1.15.1/STM32CubeIDE/plugins/com.st.stm32cube.ide.mcu.externaltools.gnu-tools-for-stm32.12.3.rel1.win32_1.0.200.202406191623/tools/bin/../lib/gcc/arm-none-eabi/12.3.1/../../../../arm-none-eabi/lib/thumb/v7e-m+fp/hard\libc_nano.a(libc_a-signal.o)
                0x0800b184                _raise_r
 .text.raise    0x0800b1d4       0x10 C:/ST/STM32CubeIDE_1.15.1/STM32CubeIDE/plugins/com.st.stm32cube.ide.mcu.externaltools.gnu-tools-for-stm32.12.3.rel1.win32_1.0.200.202406191623/tools/bin/../lib/gcc/arm-none-eabi/12.3.1/../../../../arm-none-eabi/lib/thumb/v7e-m+fp/hard\libc_nano.a(libc_a-signal.o)
                0x0800b1d4                raise
 .text._kill_r  0x0800b1e4       0x24 C:/ST/STM32CubeIDE_1.15.1/STM32CubeIDE/plugins/com.st.stm32cube.ide.mcu.externaltools.gnu-tools-for-stm32.12.3.rel1.win32_1.0.200.202406191623/tools/bin/../lib/gcc/arm-none-eabi/12.3.1/../../../../arm-none-eabi/lib/thumb/v7e-m+fp/hard\libc_nano.a(libc_a-signalr.o)
                0x0800b1e4                _kill_r
 .text._getpid_r
                0x0800b208        0x4 C:/ST/STM32CubeIDE_1.15.1/STM32CubeIDE/plugins/com.st.stm32cube.ide.mcu.externaltools.gnu-tools-for-stm32.12.3.rel1.win32_1.0.200.202406191623/tools/bin/../lib/gcc/arm-none-eabi/12.3.1/../../../../arm-none-eabi/lib/thumb/v7e-m+fp/hard\libc_nano.a(libc_a-signalr.o)
                0x0800b208                _getpid_r
 .text.__swhatbuf_r
                0x0800b20c       0x4c C:/ST/STM32CubeIDE_1.15.1/STM32CubeIDE/plugins/com.st.stm32cube.ide.mcu.externaltools.gnu-tools-for-stm32.12.3.rel1.win32_1.0.200.202406191623/tools/bin/../lib/gcc/arm-none-eabi/12.3.1/../../../../arm-none-eabi/lib/thumb/v7e-m+fp/hard\libc_nano.a(libc_a-makebuf.o)
                0x0800b20c                __swhatbuf_r
 .text.__smakebuf_r
                0x0800b258       0x78 C:/ST/STM32CubeIDE_1.15.1/STM32CubeIDE/plugins/com.st.stm32cube.ide.mcu.externaltools.gnu-tools-for-stm32.12.3.rel1.win32_1.0.200.202406191623/tools/bin/../lib/gcc/arm-none-eabi/12.3.1/../../../../arm-none-eabi/lib/thumb/v7e-m+fp/hard\libc_nano.a(libc_a-makebuf.o)
                0x0800b258                __smakebuf_r
 .text._fstat_r
                0x0800b2d0       0x24 C:/ST/STM32CubeIDE_1.15.1/STM32CubeIDE/plugins/com.st.stm32cube.ide.mcu.externaltools.gnu-tools-for-stm32.12.3.rel1.win32_1.0.200.202406191623/tools/bin/../lib/gcc/arm-none-eabi/12.3.1/../../../../arm-none-eabi/lib/thumb/v7e-m+fp/hard\libc_nano.a(libc_a-fstatr.o)
                0x0800b2d0                _fstat_r
 .text._isatty_r
                0x0800b2f4       0x20 C:/ST/STM32CubeIDE_1.15.1/STM32CubeIDE/plugins/com.st.stm32cube.ide.mcu.externaltools.gnu-tools-for-stm32.12.3.rel1.win32_1.0.200.202406191623/tools/bin/../lib/gcc/arm-none-eabi/12.3.1/../../../../arm-none-eabi/lib/thumb/v7e-m+fp/hard\libc_nano.a(libc_a-isattyr.o)
                0x0800b2f4                _isatty_r
 .text.expf     0x0800b314       0x6c C:/ST/STM32CubeIDE_1.15.1/STM32CubeIDE/plugins/com.st.stm32cube.ide.mcu.externaltools.gnu-tools-for-stm32.12.3.rel1.win32_1.0.200.202406191623/tools/bin/../lib/gcc/arm-none-eabi/12.3.1/../../../../arm-none-eabi/lib/thumb/v7e-m+fp/hard\libm.a(libm_a-wf_exp.o)
                0x0800b314                expf
 .text.fabsf    0x0800b380        0xe C:/ST/STM32CubeIDE_1.15.1/STM32CubeIDE/plugins/com.st.stm32cube.ide.mcu.externaltools.gnu-tools-for-stm32.12.3.rel1.win32_1.0.200.202406191623/tools/bin/../lib/gcc/arm-none-eabi/12.3.1/../../../../arm-none-eabi/lib/thumb/v7e-m+fp/hard\libm.a(libm_a-sf_fabs.o)
                0x0800b380                fabsf
 *fill*         0x0800b38e        0x2 
 .text.tanhf    0x0800b390       0xd4 C:/ST/STM32CubeIDE_1.15.1/STM32CubeIDE/plugins/com.st.stm32cube.ide.mcu.externaltools.gnu-tools-for-stm32.12.3.rel1.win32_1.0.200.202406191623/tools/bin/../lib/gcc/arm-none-eabi/12.3.1/../../../../arm-none-eabi/lib/thumb/v7e-m+fp/hard\libm.a(libm_a-sf_tanh.o)
                0x0800b390                tanhf
 .text.finitef  0x0800b464       0x14 C:/ST/STM32CubeIDE_1.15.1/STM32CubeIDE/plugins/com.st.stm32cube.ide.mcu.externaltools.gnu-tools-for-stm32.12.3.rel1.win32_1.0.200.202406191623/tools/bin/../lib/gcc/arm-none-eabi/12.3.1/../../../../arm-none-eabi/lib/thumb/v7e-m+fp/hard\libm.a(libm_a-sf_finite.o)
                0x0800b464                finitef
 .text.expm1f   0x0800b478      0x250 C:/ST/STM32CubeIDE_1.15.1/STM32CubeIDE/plugins/com.st.stm32cube.ide.mcu.externaltools.gnu-tools-for-stm32.12.3.rel1.win32_1.0.200.202406191623/tools/bin/../lib/gcc/arm-none-eabi/12.3.1/../../../../arm-none-eabi/lib/thumb/v7e-m+fp/hard\libm.a(libm_a-sf_expm1.o)
                0x0800b478                expm1f
 .text.with_errnof
                0x0800b6c8       0x1c C:/ST/STM32CubeIDE_1.15.1/STM32CubeIDE/plugins/com.st.stm32cube.ide.mcu.externaltools.gnu-tools-for-stm32.12.3.rel1.win32_1.0.200.202406191623/tools/bin/../lib/gcc/arm-none-eabi/12.3.1/../../../../arm-none-eabi/lib/thumb/v7e-m+fp/hard\libm.a(libm_a-math_errf.o)
 .text.xflowf   0x0800b6e4       0x16 C:/ST/STM32CubeIDE_1.15.1/STM32CubeIDE/plugins/com.st.stm32cube.ide.mcu.externaltools.gnu-tools-for-stm32.12.3.rel1.win32_1.0.200.202406191623/tools/bin/../lib/gcc/arm-none-eabi/12.3.1/../../../../arm-none-eabi/lib/thumb/v7e-m+fp/hard\libm.a(libm_a-math_errf.o)
 *fill*         0x0800b6fa        0x2 
 .text.__math_uflowf
                0x0800b6fc        0xc C:/ST/STM32CubeIDE_1.15.1/STM32CubeIDE/plugins/com.st.stm32cube.ide.mcu.externaltools.gnu-tools-for-stm32.12.3.rel1.win32_1.0.200.202406191623/tools/bin/../lib/gcc/arm-none-eabi/12.3.1/../../../../arm-none-eabi/lib/thumb/v7e-m+fp/hard\libm.a(libm_a-math_errf.o)
                0x0800b6fc                __math_uflowf
 .text.__math_oflowf
                0x0800b708        0xc C:/ST/STM32CubeIDE_1.15.1/STM32CubeIDE/plugins/com.st.stm32cube.ide.mcu.externaltools.gnu-tools-for-stm32.12.3.rel1.win32_1.0.200.202406191623/tools/bin/../lib/gcc/arm-none-eabi/12.3.1/../../../../arm-none-eabi/lib/thumb/v7e-m+fp/hard\libm.a(libm_a-math_errf.o)
                0x0800b708                __math_oflowf
 .text.__ieee754_expf
                0x0800b714      0x19c C:/ST/STM32CubeIDE_1.15.1/STM32CubeIDE/plugins/com.st.stm32cube.ide.mcu.externaltools.gnu-tools-for-stm32.12.3.rel1.win32_1.0.200.202406191623/tools/bin/../lib/gcc/arm-none-eabi/12.3.1/../../../../arm-none-eabi/lib/thumb/v7e-m+fp/hard\libm.a(libm_a-ef_exp.o)
                0x0800b714                __ieee754_expf
 *(.glue_7)
 .glue_7        0x0800b8b0        0x0 linker stubs
 *(.glue_7t)
 .glue_7t       0x0800b8b0        0x0 linker stubs
 *(.eh_frame)
 .eh_frame      0x0800b8b0        0x0 C:/ST/STM32CubeIDE_1.15.1/STM32CubeIDE/plugins/com.st.stm32cube.ide.mcu.externaltools.gnu-tools-for-stm32.12.3.rel1.win32_1.0.200.202406191623/tools/bin/../lib/gcc/arm-none-eabi/12.3.1/thumb/v7e-m+fp/hard/crtbegin.o
 *(.init)
 .init          0x0800b8b0        0x4 C:/ST/STM32CubeIDE_1.15.1/STM32CubeIDE/plugins/com.st.stm32cube.ide.mcu.externaltools.gnu-tools-for-stm32.12.3.rel1.win32_1.0.200.202406191623/tools/bin/../lib/gcc/arm-none-eabi/12.3.1/thumb/v7e-m+fp/hard/crti.o
                0x0800b8b0                _init
 .init          0x0800b8b4        0x8 C:/ST/STM32CubeIDE_1.15.1/STM32CubeIDE/plugins/com.st.stm32cube.ide.mcu.externaltools.gnu-tools-for-stm32.12.3.rel1.win32_1.0.200.202406191623/tools/bin/../lib/gcc/arm-none-eabi/12.3.1/thumb/v7e-m+fp/hard/crtn.o
 *(.fini)
 .fini          0x0800b8bc        0x4 C:/ST/STM32CubeIDE_1.15.1/STM32CubeIDE/plugins/com.st.stm32cube.ide.mcu.externaltools.gnu-tools-for-stm32.12.3.rel1.win32_1.0.200.202406191623/tools/bin/../lib/gcc/arm-none-eabi/12.3.1/thumb/v7e-m+fp/hard/crti.o
                0x0800b8bc                _fini
 .fini          0x0800b8c0        0x8 C:/ST/STM32CubeIDE_1.15.1/STM32CubeIDE/plugins/com.st.stm32cube.ide.mcu.externaltools.gnu-tools-for-stm32.12.3.rel1.win32_1.0.200.202406191623/tools/bin/../lib/gcc/arm-none-eabi/12.3.1/thumb/v7e-m+fp/hard/crtn.o
                0x0800b8c8                        . = ALIGN (0x4)
                0x0800b8c8                        _etext = .

.vfp11_veneer   0x0800b8c8        0x0
 .vfp11_veneer  0x0800b8c8        0x0 linker stubs

.v4_bx          0x0800b8c8        0x0
 .v4_bx         0x0800b8c8        0x0 linker stubs

.iplt           0x0800b8c8        0x0
 .iplt          0x0800b8c8        0x0 C:/ST/STM32CubeIDE_1.15.1/STM32CubeIDE/plugins/com.st.stm32cube.ide.mcu.externaltools.gnu-tools-for-stm32.12.3.rel1.win32_1.0.200.202406191623/tools/bin/../lib/gcc/arm-none-eabi/12.3.1/thumb/v7e-m+fp/hard/crtbegin.o

.rodata         0x0800b8e0     0x6f0c
                0x0800b8e0                        . = ALIGN (0x4)
 *(.rodata)
 .rodata        0x0800b8e0      0x7f0 ./X-CUBE-AI/App/aiSystemPerformance.o
 .rodata        0x0800c0d0      0x27d ./X-CUBE-AI/App/aiTestHelper.o
 .rodata        0x0800c34d      0x1ee ./X-CUBE-AI/App/aiTestUtility.o
 *fill*         0x0800c53b        0x1 
 .rodata        0x0800c53c       0x10 ./X-CUBE-AI/App/network_data.o
 .rodata        0x0800c54c       0x10 ../Middlewares/ST/AI/Lib\NetworkRuntime900_CM4_GCC.a(ai_platform_interface.o)
 *(.rodata*)
 .rodata.main.str1.1
                0x0800c55c       0x1e ./Core/Src/main.o
                                 0x21 (size before relaxing)
 *fill*         0x0800c57a        0x2 
 .rodata.MSIRangeTable
                0x0800c57c       0x30 ./Core/Src/system_stm32l4xx.o
                0x0800c57c                MSIRangeTable
 .rodata.APBPrescTable
                0x0800c5ac        0x8 ./Core/Src/system_stm32l4xx.o
                0x0800c5ac                APBPrescTable
 .rodata.AHBPrescTable
                0x0800c5b4       0x10 ./Core/Src/system_stm32l4xx.o
                0x0800c5b4                AHBPrescTable
 .rodata.ai_mnetwork_is_valid.constprop.0.str1.1
                0x0800c5c4        0x8 ./X-CUBE-AI/App/app_x-cube-ai.o
 .rodata.networks
                0x0800c5cc       0x2c ./X-CUBE-AI/App/app_x-cube-ai.o
 .rodata.vlc_print.str1.1
                0x0800c5f8        0x7 ./X-CUBE-AI/App/lc_print.o
 .rodata.ai_network_get_info.str1.1
                0x0800c5ff       0x51 ./X-CUBE-AI/App/network.o
                                 0x5a (size before relaxing)
 .rodata.backward_lstm_chain
                0x0800c650        0x8 ./X-CUBE-AI/App/network.o
 .rodata.forward_lstm_chain
                0x0800c658        0x8 ./X-CUBE-AI/App/network.o
 .rodata.bidirectional_chain
                0x0800c660        0x8 ./X-CUBE-AI/App/network.o
 .rodata.global_max_pooling1d_pool_chain
                0x0800c668        0x8 ./X-CUBE-AI/App/network.o
 .rodata.dense_dense_chain
                0x0800c670        0x8 ./X-CUBE-AI/App/network.o
 .rodata.dense_chain
                0x0800c678        0x8 ./X-CUBE-AI/App/network.o
 .rodata.dense_1_dense_chain
                0x0800c680        0x8 ./X-CUBE-AI/App/network.o
 .rodata.dense_1_chain
                0x0800c688        0x8 ./X-CUBE-AI/App/network.o
 *fill*         0x0800c690       0x10 
 .rodata.s_network_weights_array_u64
                0x0800c6a0     0x58c8 ./X-CUBE-AI/App/network_data_params.o
                0x0800c6a0                s_network_weights_array_u64
 .rodata.ai_platform_runtime_get_revision.str1.4
                0x08011f68        0x0 ../Middlewares/ST/AI/Lib\NetworkRuntime900_CM4_GCC.a(ai_platform_interface.o)
                                  0x1 (size before relaxing)
 .rodata.v.0    0x08011f68        0x4 ../Middlewares/ST/AI/Lib\NetworkRuntime900_CM4_GCC.a(ai_platform_interface.o)
 .rodata.v.1    0x08011f6c        0x4 ../Middlewares/ST/AI/Lib\NetworkRuntime900_CM4_GCC.a(ai_platform_interface.o)
 .rodata.ai_layer_type_name.str1.4
                0x08011f70        0x1 ../Middlewares/ST/AI/Lib\NetworkRuntime900_CM4_GCC.a(layers.o)
 .rodata.str1.4
                0x08011f70      0x22c ../Middlewares/ST/AI/Lib\NetworkRuntime900_CM4_GCC.a(layers.o)
 .rodata.CSWTCH.11
                0x0801219c      0x210 ../Middlewares/ST/AI/Lib\NetworkRuntime900_CM4_GCC.a(layers.o)
 .rodata.srand.str1.1
                0x080123ac       0x6f C:/ST/STM32CubeIDE_1.15.1/STM32CubeIDE/plugins/com.st.stm32cube.ide.mcu.externaltools.gnu-tools-for-stm32.12.3.rel1.win32_1.0.200.202406191623/tools/bin/../lib/gcc/arm-none-eabi/12.3.1/../../../../arm-none-eabi/lib/thumb/v7e-m+fp/hard\libc_nano.a(libc_a-rand.o)
 .rodata._ctype_
                0x0801241b      0x101 C:/ST/STM32CubeIDE_1.15.1/STM32CubeIDE/plugins/com.st.stm32cube.ide.mcu.externaltools.gnu-tools-for-stm32.12.3.rel1.win32_1.0.200.202406191623/tools/bin/../lib/gcc/arm-none-eabi/12.3.1/../../../../arm-none-eabi/lib/thumb/v7e-m+fp/hard\libc_nano.a(libc_a-ctype_.o)
                0x0801241b                _ctype_
 .rodata._printf_float.str1.1
                0x0801251c       0x12 C:/ST/STM32CubeIDE_1.15.1/STM32CubeIDE/plugins/com.st.stm32cube.ide.mcu.externaltools.gnu-tools-for-stm32.12.3.rel1.win32_1.0.200.202406191623/tools/bin/../lib/gcc/arm-none-eabi/12.3.1/../../../../arm-none-eabi/lib/thumb/v7e-m+fp/hard\libc_nano.a(libc_a-nano-vfprintf_float.o)
 .rodata._printf_i.str1.1
                0x0801252e       0x22 C:/ST/STM32CubeIDE_1.15.1/STM32CubeIDE/plugins/com.st.stm32cube.ide.mcu.externaltools.gnu-tools-for-stm32.12.3.rel1.win32_1.0.200.202406191623/tools/bin/../lib/gcc/arm-none-eabi/12.3.1/../../../../arm-none-eabi/lib/thumb/v7e-m+fp/hard\libc_nano.a(libc_a-nano-vfprintf_i.o)
 .rodata.strtok.str1.1
                0x08012550       0x5a C:/ST/STM32CubeIDE_1.15.1/STM32CubeIDE/plugins/com.st.stm32cube.ide.mcu.externaltools.gnu-tools-for-stm32.12.3.rel1.win32_1.0.200.202406191623/tools/bin/../lib/gcc/arm-none-eabi/12.3.1/../../../../arm-none-eabi/lib/thumb/v7e-m+fp/hard\libc_nano.a(libc_a-strtok.o)
                                 0x71 (size before relaxing)
 .rodata.__assert_func.str1.1
                0x080125aa       0x3c C:/ST/STM32CubeIDE_1.15.1/STM32CubeIDE/plugins/com.st.stm32cube.ide.mcu.externaltools.gnu-tools-for-stm32.12.3.rel1.win32_1.0.200.202406191623/tools/bin/../lib/gcc/arm-none-eabi/12.3.1/../../../../arm-none-eabi/lib/thumb/v7e-m+fp/hard\libc_nano.a(libc_a-assert.o)
                                 0x3d (size before relaxing)
 .rodata._dtoa_r.str1.1
                0x080125e6       0x76 C:/ST/STM32CubeIDE_1.15.1/STM32CubeIDE/plugins/com.st.stm32cube.ide.mcu.externaltools.gnu-tools-for-stm32.12.3.rel1.win32_1.0.200.202406191623/tools/bin/../lib/gcc/arm-none-eabi/12.3.1/../../../../arm-none-eabi/lib/thumb/v7e-m+fp/hard\libc_nano.a(libc_a-dtoa.o)
                                 0x8f (size before relaxing)
 .rodata._Balloc.str1.1
                0x0801265c       0x59 C:/ST/STM32CubeIDE_1.15.1/STM32CubeIDE/plugins/com.st.stm32cube.ide.mcu.externaltools.gnu-tools-for-stm32.12.3.rel1.win32_1.0.200.202406191623/tools/bin/../lib/gcc/arm-none-eabi/12.3.1/../../../../arm-none-eabi/lib/thumb/v7e-m+fp/hard\libc_nano.a(libc_a-mprec.o)
                                 0x70 (size before relaxing)
 .rodata.__multadd.str1.1
                0x080126b5       0x11 C:/ST/STM32CubeIDE_1.15.1/STM32CubeIDE/plugins/com.st.stm32cube.ide.mcu.externaltools.gnu-tools-for-stm32.12.3.rel1.win32_1.0.200.202406191623/tools/bin/../lib/gcc/arm-none-eabi/12.3.1/../../../../arm-none-eabi/lib/thumb/v7e-m+fp/hard\libc_nano.a(libc_a-mprec.o)
 *fill*         0x080126b5        0x3 
 .rodata.p05.0  0x080126b8        0xc C:/ST/STM32CubeIDE_1.15.1/STM32CubeIDE/plugins/com.st.stm32cube.ide.mcu.externaltools.gnu-tools-for-stm32.12.3.rel1.win32_1.0.200.202406191623/tools/bin/../lib/gcc/arm-none-eabi/12.3.1/../../../../arm-none-eabi/lib/thumb/v7e-m+fp/hard\libc_nano.a(libc_a-mprec.o)
 *fill*         0x080126c4        0x4 
 .rodata.__mprec_bigtens
                0x080126c8       0x28 C:/ST/STM32CubeIDE_1.15.1/STM32CubeIDE/plugins/com.st.stm32cube.ide.mcu.externaltools.gnu-tools-for-stm32.12.3.rel1.win32_1.0.200.202406191623/tools/bin/../lib/gcc/arm-none-eabi/12.3.1/../../../../arm-none-eabi/lib/thumb/v7e-m+fp/hard\libc_nano.a(libc_a-mprec.o)
                0x080126c8                __mprec_bigtens
 .rodata.__mprec_tens
                0x080126f0       0xc8 C:/ST/STM32CubeIDE_1.15.1/STM32CubeIDE/plugins/com.st.stm32cube.ide.mcu.externaltools.gnu-tools-for-stm32.12.3.rel1.win32_1.0.200.202406191623/tools/bin/../lib/gcc/arm-none-eabi/12.3.1/../../../../arm-none-eabi/lib/thumb/v7e-m+fp/hard\libc_nano.a(libc_a-mprec.o)
                0x080126f0                __mprec_tens
 .rodata._setlocale_r.str1.1
                0x080127b8        0x8 C:/ST/STM32CubeIDE_1.15.1/STM32CubeIDE/plugins/com.st.stm32cube.ide.mcu.externaltools.gnu-tools-for-stm32.12.3.rel1.win32_1.0.200.202406191623/tools/bin/../lib/gcc/arm-none-eabi/12.3.1/../../../../arm-none-eabi/lib/thumb/v7e-m+fp/hard\libc_nano.a(libc_a-locale.o)
                                  0x9 (size before relaxing)
 .rodata.str1.1
                0x080127c0        0x2 C:/ST/STM32CubeIDE_1.15.1/STM32CubeIDE/plugins/com.st.stm32cube.ide.mcu.externaltools.gnu-tools-for-stm32.12.3.rel1.win32_1.0.200.202406191623/tools/bin/../lib/gcc/arm-none-eabi/12.3.1/../../../../arm-none-eabi/lib/thumb/v7e-m+fp/hard\libc_nano.a(libc_a-locale.o)
 .rodata._vfprintf_r.str1.1
                0x080127c2       0x11 C:/ST/STM32CubeIDE_1.15.1/STM32CubeIDE/plugins/com.st.stm32cube.ide.mcu.externaltools.gnu-tools-for-stm32.12.3.rel1.win32_1.0.200.202406191623/tools/bin/../lib/gcc/arm-none-eabi/12.3.1/../../../../arm-none-eabi/lib/thumb/v7e-m+fp/hard\libc_nano.a(libc_a-nano-vfprintf.o)
 *fill*         0x080127d3        0x1 
 .rodata.ln2LO  0x080127d4        0x8 C:/ST/STM32CubeIDE_1.15.1/STM32CubeIDE/plugins/com.st.stm32cube.ide.mcu.externaltools.gnu-tools-for-stm32.12.3.rel1.win32_1.0.200.202406191623/tools/bin/../lib/gcc/arm-none-eabi/12.3.1/../../../../arm-none-eabi/lib/thumb/v7e-m+fp/hard\libm.a(libm_a-ef_exp.o)
 .rodata.ln2HI  0x080127dc        0x8 C:/ST/STM32CubeIDE_1.15.1/STM32CubeIDE/plugins/com.st.stm32cube.ide.mcu.externaltools.gnu-tools-for-stm32.12.3.rel1.win32_1.0.200.202406191623/tools/bin/../lib/gcc/arm-none-eabi/12.3.1/../../../../arm-none-eabi/lib/thumb/v7e-m+fp/hard\libm.a(libm_a-ef_exp.o)
 .rodata.halF   0x080127e4        0x8 C:/ST/STM32CubeIDE_1.15.1/STM32CubeIDE/plugins/com.st.stm32cube.ide.mcu.externaltools.gnu-tools-for-stm32.12.3.rel1.win32_1.0.200.202406191623/tools/bin/../lib/gcc/arm-none-eabi/12.3.1/../../../../arm-none-eabi/lib/thumb/v7e-m+fp/hard\libm.a(libm_a-ef_exp.o)
                0x080127ec                        . = ALIGN (0x4)

.ARM.extab      0x080127ec        0x0
                0x080127ec                        . = ALIGN (0x4)
 *(.ARM.extab* .gnu.linkonce.armextab.*)
                0x080127ec                        . = ALIGN (0x4)

.ARM            0x080127ec        0x8
                0x080127ec                        . = ALIGN (0x4)
                0x080127ec                        __exidx_start = .
 *(.ARM.exidx*)
 .ARM.exidx     0x080127ec        0x8 C:/ST/STM32CubeIDE_1.15.1/STM32CubeIDE/plugins/com.st.stm32cube.ide.mcu.externaltools.gnu-tools-for-stm32.12.3.rel1.win32_1.0.200.202406191623/tools/bin/../lib/gcc/arm-none-eabi/12.3.1/../../../../arm-none-eabi/lib/thumb/v7e-m+fp/hard\libc_nano.a(libc_a-memchr.o)
 .ARM.exidx     0x080127f4        0x0 C:/ST/STM32CubeIDE_1.15.1/STM32CubeIDE/plugins/com.st.stm32cube.ide.mcu.externaltools.gnu-tools-for-stm32.12.3.rel1.win32_1.0.200.202406191623/tools/bin/../lib/gcc/arm-none-eabi/12.3.1/../../../../arm-none-eabi/lib/thumb/v7e-m+fp/hard\libc_nano.a(libc_a-strlen.o)
                                  0x8 (size before relaxing)
 .ARM.exidx     0x080127f4        0x0 C:/ST/STM32CubeIDE_1.15.1/STM32CubeIDE/plugins/com.st.stm32cube.ide.mcu.externaltools.gnu-tools-for-stm32.12.3.rel1.win32_1.0.200.202406191623/tools/bin/../lib/gcc/arm-none-eabi/12.3.1/thumb/v7e-m+fp/hard\libgcc.a(_udivmoddi4.o)
                                  0x8 (size before relaxing)
                0x080127f4                        __exidx_end = .
                0x080127f4                        . = ALIGN (0x4)

.preinit_array  0x080127f4        0x0
                0x080127f4                        . = ALIGN (0x4)
                0x080127f4                        PROVIDE (__preinit_array_start = .)
 *(.preinit_array*)
                0x080127f4                        PROVIDE (__preinit_array_end = .)
                0x080127f4                        . = ALIGN (0x4)

.init_array     0x080127f4        0x4
                0x080127f4                        . = ALIGN (0x4)
                0x080127f4                        PROVIDE (__init_array_start = .)
 *(SORT_BY_NAME(.init_array.*))
 *(.init_array*)
 .init_array    0x080127f4        0x4 C:/ST/STM32CubeIDE_1.15.1/STM32CubeIDE/plugins/com.st.stm32cube.ide.mcu.externaltools.gnu-tools-for-stm32.12.3.rel1.win32_1.0.200.202406191623/tools/bin/../lib/gcc/arm-none-eabi/12.3.1/thumb/v7e-m+fp/hard/crtbegin.o
                0x080127f8                        PROVIDE (__init_array_end = .)
                0x080127f8                        . = ALIGN (0x4)

.fini_array     0x080127f8        0x4
                0x080127f8                        . = ALIGN (0x4)
                [!provide]                        PROVIDE (__fini_array_start = .)
 *(SORT_BY_NAME(.fini_array.*))
 *(.fini_array*)
 .fini_array    0x080127f8        0x4 C:/ST/STM32CubeIDE_1.15.1/STM32CubeIDE/plugins/com.st.stm32cube.ide.mcu.externaltools.gnu-tools-for-stm32.12.3.rel1.win32_1.0.200.202406191623/tools/bin/../lib/gcc/arm-none-eabi/12.3.1/thumb/v7e-m+fp/hard/crtbegin.o
                [!provide]                        PROVIDE (__fini_array_end = .)
                0x080127fc                        . = ALIGN (0x4)
                0x080127fc                        _sidata = LOADADDR (.data)

.rel.dyn        0x080127fc        0x0
 .rel.iplt      0x080127fc        0x0 C:/ST/STM32CubeIDE_1.15.1/STM32CubeIDE/plugins/com.st.stm32cube.ide.mcu.externaltools.gnu-tools-for-stm32.12.3.rel1.win32_1.0.200.202406191623/tools/bin/../lib/gcc/arm-none-eabi/12.3.1/thumb/v7e-m+fp/hard/crtbegin.o

.data           0x20003430      0xd2c load address 0x080127fc
                0x20003430                        . = ALIGN (0x4)
                0x20003430                        _sdata = .
 *(.data)
 *(.data*)
 .data.SystemCoreClock
                0x20003430        0x4 ./Core/Src/system_stm32l4xx.o
                0x20003430                SystemCoreClock
 .data.uwTickFreq
                0x20003434        0x1 ./Drivers/STM32L4xx_HAL_Driver/Src/stm32l4xx_hal.o
                0x20003434                uwTickFreq
 *fill*         0x20003435        0x3 
 .data.uwTickPrio
                0x20003438        0x4 ./Drivers/STM32L4xx_HAL_Driver/Src/stm32l4xx_hal.o