Archive member included to satisfy reference by file (symbol)

/home/docker/STM32Cube/Repository/Packs/STMicroelectronics/X-CUBE-AI/9.0.0/Middlewares/ST/AI/Lib/GCC/ARMCortexM4/NetworkRuntime900_CM4_GCC.a(ai_platform.o)
                              network.o (ai_buffer_array_item_set_address)
/home/docker/STM32Cube/Repository/Packs/STMicroelectronics/X-CUBE-AI/9.0.0/Middlewares/ST/AI/Lib/GCC/ARMCortexM4/NetworkRuntime900_CM4_GCC.a(ai_platform_interface.o)
                              network.o (ai_platform_get_weights_map)
/home/docker/STM32Cube/Repository/Packs/STMicroelectronics/X-CUBE-AI/9.0.0/Middlewares/ST/AI/Lib/GCC/ARMCortexM4/NetworkRuntime900_CM4_GCC.a(core_common.o)
                              /home/docker/STM32Cube/Repository/Packs/STMicroelectronics/X-CUBE-AI/9.0.0/Middlewares/ST/AI/Lib/GCC/ARMCortexM4/NetworkRuntime900_CM4_GCC.a(ai_platform_interface.o) (core_init)
/home/docker/STM32Cube/Repository/Packs/STMicroelectronics/X-CUBE-AI/9.0.0/Middlewares/ST/AI/Lib/GCC/ARMCortexM4/NetworkRuntime900_CM4_GCC.a(core_mem_manager.o)
                              /home/docker/STM32Cube/Repository/Packs/STMicroelectronics/X-CUBE-AI/9.0.0/Middlewares/ST/AI/Lib/GCC/ARMCortexM4/NetworkRuntime900_CM4_GCC.a(ai_platform_interface.o) (core_mem_alloc)
/home/docker/STM32Cube/Repository/Packs/STMicroelectronics/X-CUBE-AI/9.0.0/Middlewares/ST/AI/Lib/GCC/ARMCortexM4/NetworkRuntime900_CM4_GCC.a(layers.o)
                              /home/docker/STM32Cube/Repository/Packs/STMicroelectronics/X-CUBE-AI/9.0.0/Middlewares/ST/AI/Lib/GCC/ARMCortexM4/NetworkRuntime900_CM4_GCC.a(ai_platform_interface.o) (ai_check_custom_types)
/home/docker/STM32Cube/Repository/Packs/STMicroelectronics/X-CUBE-AI/9.0.0/Middlewares/ST/AI/Lib/GCC/ARMCortexM4/NetworkRuntime900_CM4_GCC.a(layers_conv2d_generic_float.o)
                              network.o (forward_dense)
/home/docker/STM32Cube/Repository/Packs/STMicroelectronics/X-CUBE-AI/9.0.0/Middlewares/ST/AI/Lib/GCC/ARMCortexM4/NetworkRuntime900_CM4_GCC.a(layers_generic_float.o)
                              network.o (forward_concat)
/home/docker/STM32Cube/Repository/Packs/STMicroelectronics/X-CUBE-AI/9.0.0/Middlewares/ST/AI/Lib/GCC/ARMCortexM4/NetworkRuntime900_CM4_GCC.a(layers_nl_generic_float.o)
                              network.o (nl_func_sigmoid_array_f32)
/home/docker/STM32Cube/Repository/Packs/STMicroelectronics/X-CUBE-AI/9.0.0/Middlewares/ST/AI/Lib/GCC/ARMCortexM4/NetworkRuntime900_CM4_GCC.a(layers_pad_generic.o)
                              /home/docker/STM32Cube/Repository/Packs/STMicroelectronics/X-CUBE-AI/9.0.0/Middlewares/ST/AI/Lib/GCC/ARMCortexM4/NetworkRuntime900_CM4_GCC.a(layers_generic_float.o) (forward_pad_8bit_ch1st_3x3_constant)
/home/docker/STM32Cube/Repository/Packs/STMicroelectronics/X-CUBE-AI/9.0.0/Middlewares/ST/AI/Lib/GCC/ARMCortexM4/NetworkRuntime900_CM4_GCC.a(layers_pool_generic_float.o)
                              network.o (forward_mp)
/home/docker/STM32Cube/Repository/Packs/STMicroelectronics/X-CUBE-AI/9.0.0/Middlewares/ST/AI/Lib/GCC/ARMCortexM4/NetworkRuntime900_CM4_GCC.a(layers_resize.o)
                              /home/docker/STM32Cube/Repository/Packs/STMicroelectronics/X-CUBE-AI/9.0.0/Middlewares/ST/AI/Lib/GCC/ARMCortexM4/NetworkRuntime900_CM4_GCC.a(layers_generic_float.o) (forward_resize_nearest_if32of32)
/home/docker/STM32Cube/Repository/Packs/STMicroelectronics/X-CUBE-AI/9.0.0/Middlewares/ST/AI/Lib/GCC/ARMCortexM4/NetworkRuntime900_CM4_GCC.a(layers_rnn_generic_float.o)
                              network.o (forward_lstm)
/home/docker/STM32Cube/Repository/Packs/STMicroelectronics/X-CUBE-AI/9.0.0/Middlewares/ST/AI/Lib/GCC/ARMCortexM4/NetworkRuntime900_CM4_GCC.a(layers_conv2d_integer_scratch.o)
                              /home/docker/STM32Cube/Repository/Packs/STMicroelectronics/X-CUBE-AI/9.0.0/Middlewares/ST/AI/Lib/GCC/ARMCortexM4/NetworkRuntime900_CM4_GCC.a(layers.o) (get_conv2d_scratch_size)
/home/docker/STM32Cube/Repository/Packs/STMicroelectronics/X-CUBE-AI/9.0.0/Middlewares/ST/AI/Lib/GCC/ARMCortexM4/NetworkRuntime900_CM4_GCC.a(forward_lite_argminmax.o)
                              /home/docker/STM32Cube/Repository/Packs/STMicroelectronics/X-CUBE-AI/9.0.0/Middlewares/ST/AI/Lib/GCC/ARMCortexM4/NetworkRuntime900_CM4_GCC.a(layers_generic_float.o) (forward_lite_argmax_if32)
/home/docker/STM32Cube/Repository/Packs/STMicroelectronics/X-CUBE-AI/9.0.0/Middlewares/ST/AI/Lib/GCC/ARMCortexM4/NetworkRuntime900_CM4_GCC.a(forward_lite_conv2d_if32of32wf32.o)
                              /home/docker/STM32Cube/Repository/Packs/STMicroelectronics/X-CUBE-AI/9.0.0/Middlewares/ST/AI/Lib/GCC/ARMCortexM4/NetworkRuntime900_CM4_GCC.a(layers_conv2d_generic_float.o) (forward_lite_conv2d_if32of32wf32)
/home/docker/STM32Cube/Repository/Packs/STMicroelectronics/X-CUBE-AI/9.0.0/Middlewares/ST/AI/Lib/GCC/ARMCortexM4/NetworkRuntime900_CM4_GCC.a(lite_nl_softmax_if32of32.o)
[...]
Memory Configuration

Name             Origin             Length             Attributes
RAM              0x20000000         0x02000000         xrw
FLASH            0x08000000         0x02000000         xr
*default*        0x00000000         0xffffffff

Linker script and memory map

LOAD /opt/st/stm32cubeide_1.15.0/plugins/com.st.stm32cube.ide.mcu.externaltools.gnu-tools-for-stm32.12.3.rel1.linux64_1.0.100.202403111256/tools/bin/../lib/gcc/arm-none-eabi/12.3.1/thumb/v7e-m+fp/hard/crti.o
LOAD /opt/st/stm32cubeide_1.15.0/plugins/com.st.stm32cube.ide.mcu.externaltools.gnu-tools-for-stm32.12.3.rel1.linux64_1.0.100.202403111256/tools/bin/../lib/gcc/arm-none-eabi/12.3.1/thumb/v7e-m+fp/hard/crtbegin.o
LOAD /opt/st/stm32cubeide_1.15.0/plugins/com.st.stm32cube.ide.mcu.externaltools.gnu-tools-for-stm32.12.3.rel1.linux64_1.0.100.202403111256/tools/bin/../lib/gcc/arm-none-eabi/12.3.1/../../../../arm-none-eabi/lib/thumb/v7e-m+fp/hard/crt0.o
START GROUP
LOAD /opt/st/stm32cubeide_1.15.0/plugins/com.st.stm32cube.ide.mcu.externaltools.gnu-tools-for-stm32.12.3.rel1.linux64_1.0.100.202403111256/tools/bin/../lib/gcc/arm-none-eabi/12.3.1/../../../../arm-none-eabi/lib/thumb/v7e-m+fp/hard/libm.a
END GROUP
LOAD network_data_params.o
LOAD stm32_app_main.o
LOAD sysmem.o
LOAD network_data.o
LOAD startup_stm32xx.o
LOAD network.o
LOAD /home/docker/STM32Cube/Repository/Packs/STMicroelectronics/X-CUBE-AI/9.0.0/Middlewares/ST/AI/Lib/GCC/ARMCortexM4/NetworkRuntime900_CM4_GCC.a
START GROUP
LOAD /opt/st/stm32cubeide_1.15.0/plugins/com.st.stm32cube.ide.mcu.externaltools.gnu-tools-for-stm32.12.3.rel1.linux64_1.0.100.202403111256/tools/bin/../lib/gcc/arm-none-eabi/12.3.1/thumb/v7e-m+fp/hard/libgcc.a
LOAD /opt/st/stm32cubeide_1.15.0/plugins/com.st.stm32cube.ide.mcu.externaltools.gnu-tools-for-stm32.12.3.rel1.linux64_1.0.100.202403111256/tools/bin/../lib/gcc/arm-none-eabi/12.3.1/../../../../arm-none-eabi/lib/thumb/v7e-m+fp/hard/libc_nano.a
END GROUP
START GROUP
LOAD /opt/st/stm32cubeide_1.15.0/plugins/com.st.stm32cube.ide.mcu.externaltools.gnu-tools-for-stm32.12.3.rel1.linux64_1.0.100.202403111256/tools/bin/../lib/gcc/arm-none-eabi/12.3.1/thumb/v7e-m+fp/hard/libgcc.a
LOAD /opt/st/stm32cubeide_1.15.0/plugins/com.st.stm32cube.ide.mcu.externaltools.gnu-tools-for-stm32.12.3.rel1.linux64_1.0.100.202403111256/tools/bin/../lib/gcc/arm-none-eabi/12.3.1/../../../../arm-none-eabi/lib/thumb/v7e-m+fp/hard/libc_nano.a
LOAD /opt/st/stm32cubeide_1.15.0/plugins/com.st.stm32cube.ide.mcu.externaltools.gnu-tools-for-stm32.12.3.rel1.linux64_1.0.100.202403111256/tools/bin/../lib/gcc/arm-none-eabi/12.3.1/../../../../arm-none-eabi/lib/thumb/v7e-m+fp/hard/libnosys.a
END GROUP
START GROUP
LOAD /opt/st/stm32cubeide_1.15.0/plugins/com.st.stm32cube.ide.mcu.externaltools.gnu-tools-for-stm32.12.3.rel1.linux64_1.0.100.202403111256/tools/bin/../lib/gcc/arm-none-eabi/12.3.1/thumb/v7e-m+fp/hard/libgcc.a
LOAD /opt/st/stm32cubeide_1.15.0/plugins/com.st.stm32cube.ide.mcu.externaltools.gnu-tools-for-stm32.12.3.rel1.linux64_1.0.100.202403111256/tools/bin/../lib/gcc/arm-none-eabi/12.3.1/../../../../arm-none-eabi/lib/thumb/v7e-m+fp/hard/libc_nano.a
LOAD /opt/st/stm32cubeide_1.15.0/plugins/com.st.stm32cube.ide.mcu.externaltools.gnu-tools-for-stm32.12.3.rel1.linux64_1.0.100.202403111256/tools/bin/../lib/gcc/arm-none-eabi/12.3.1/../../../../arm-none-eabi/lib/thumb/v7e-m+fp/hard/libnosys.a
END GROUP
LOAD /opt/st/stm32cubeide_1.15.0/plugins/com.st.stm32cube.ide.mcu.externaltools.gnu-tools-for-stm32.12.3.rel1.linux64_1.0.100.202403111256/tools/bin/../lib/gcc/arm-none-eabi/12.3.1/thumb/v7e-m+fp/hard/crtend.o
LOAD /opt/st/stm32cubeide_1.15.0/plugins/com.st.stm32cube.ide.mcu.externaltools.gnu-tools-for-stm32.12.3.rel1.linux64_1.0.100.202403111256/tools/bin/../lib/gcc/arm-none-eabi/12.3.1/thumb/v7e-m+fp/hard/crtn.o
                0x21000000                        _estack = 0x21000000
                0x00002000                        _Min_Heap_Size = 0x2000
                0x00001000                        _Min_Stack_Size = 0x1000

.isr_vector     0x08000000       0x40
                0x08000000                        . = ALIGN (0x4)
 *(.isr_vector)
 .isr_vector    0x08000000       0x40 startup_stm32xx.o
                0x08000000                g_pfnVectors
                0x08000040                        . = ALIGN (0x4)

.text           0x08000040     0x44c8
                0x08000040                        . = ALIGN (0x4)
 *(.text)
 .text          0x08000040       0x40 /opt/st/stm32cubeide_1.15.0/plugins/com.st.stm32cube.ide.mcu.externaltools.gnu-tools-for-stm32.12.3.rel1.linux64_1.0.100.202403111256/tools/bin/../lib/gcc/arm-none-eabi/12.3.1/thumb/v7e-m+fp/hard/crtbegin.o
 *(.text*)
 .text.aiInit   0x08000080       0x48 stm32_app_main.o
                0x08000080                aiInit
 *fill*         0x080000c8        0x8 
 .text.main_loop
                0x080000d0       0x24 stm32_app_main.o
                0x080000d0                main_loop
 *fill*         0x080000f4        0xc 
 .text.startup.main
                0x08000100        0x8 stm32_app_main.o
                0x08000100                main
 *fill*         0x08000108        0x8 
 .text.SystemInit
                0x08000110        0x4 stm32_app_main.o
                0x08000110                SystemInit
 *fill*         0x08000114        0xc 
 .text.ai_network_data_params_get
                0x08000120       0x34 network_data.o
                0x08000120                ai_network_data_params_get
 .text.Reset_Handler
                0x08000154       0x50 startup_stm32xx.o
                0x08000154                Reset_Handler
 .text.Default_Handler
                0x080001a4        0x2 startup_stm32xx.o
                0x080001a4                DebugMon_Handler
                0x080001a4                HardFault_Handler
                0x080001a4                SysTick_Handler
                0x080001a4                PendSV_Handler
                0x080001a4                NMI_Handler
                0x080001a4                UsageFault_Handler
                0x080001a4                Default_Handler
                0x080001a4                MemManage_Handler
                0x080001a4                SVC_Handler
                0x080001a4                BusFault_Handler
 *fill*         0x080001a6        0xa 
 .text.ai_network_inputs_get
                0x080001b0       0x18 network.o
                0x080001b0                ai_network_inputs_get
 *fill*         0x080001c8        0x8 
 .text.ai_network_outputs_get
                0x080001d0       0x18 network.o
                0x080001d0                ai_network_outputs_get
 *fill*         0x080001e8        0x8 
 .text.ai_network_init
                0x080001f0      0x238 network.o
                0x080001f0                ai_network_init
 *fill*         0x08000428        0x8 
 .text.ai_network_create_and_init
                0x08000430       0xb4 network.o
                0x08000430                ai_network_create_and_init
 *fill*         0x080004e4        0xc 
 .text.ai_network_run
                0x080004f0        0x4 network.o
                0x080004f0                ai_network_run
 .text.ai_buffer_get_size
                0x080004f4       0x68 /home/docker/STM32Cube/Repository/Packs/STMicroelectronics/X-CUBE-AI/9.0.0/Middlewares/ST/AI/Lib/GCC/ARMCortexM4/NetworkRuntime900_CM4_GCC.a(ai_platform.o)
                0x080004f4                ai_buffer_get_size
 .text.ai_buffer_array_sane
                0x0800055c       0x14 /home/docker/STM32Cube/Repository/Packs/STMicroelectronics/X-CUBE-AI/9.0.0/Middlewares/ST/AI/Lib/GCC/ARMCortexM4/NetworkRuntime900_CM4_GCC.a(ai_platform.o)
                0x0800055c                ai_buffer_array_sane
 .text.ai_buffer_array_item_set_address
                0x08000570       0x20 /home/docker/STM32Cube/Repository/Packs/STMicroelectronics/X-CUBE-AI/9.0.0/Middlewares/ST/AI/Lib/GCC/ARMCortexM4/NetworkRuntime900_CM4_GCC.a(ai_platform.o)
                0x08000570                ai_buffer_array_item_set_address
 .text.ai_platform_get_weights_map
                0x08000590       0xa8 /home/docker/STM32Cube/Repository/Packs/STMicroelectronics/X-CUBE-AI/9.0.0/Middlewares/ST/AI/Lib/GCC/ARMCortexM4/NetworkRuntime900_CM4_GCC.a(ai_platform_interface.o)
                0x08000590                ai_platform_get_weights_map
 .text.ai_platform_get_activations_map
                0x08000638       0xa8 /home/docker/STM32Cube/Repository/Packs/STMicroelectronics/X-CUBE-AI/9.0.0/Middlewares/ST/AI/Lib/GCC/ARMCortexM4/NetworkRuntime900_CM4_GCC.a(ai_platform_interface.o)
                0x08000638                ai_platform_get_activations_map
 .text.ai_platform_bind_network_params
                0x080006e0       0x44 /home/docker/STM32Cube/Repository/Packs/STMicroelectronics/X-CUBE-AI/9.0.0/Middlewares/ST/AI/Lib/GCC/ARMCortexM4/NetworkRuntime900_CM4_GCC.a(ai_platform_interface.o)
                0x080006e0                ai_platform_bind_network_params
 .text.ai_platform_network_get_error
                0x08000724       0x18 /home/docker/STM32Cube/Repository/Packs/STMicroelectronics/X-CUBE-AI/9.0.0/Middlewares/ST/AI/Lib/GCC/ARMCortexM4/NetworkRuntime900_CM4_GCC.a(ai_platform_interface.o)
                0x08000724                ai_platform_network_get_error
 .text.ai_platform_network_set_error
                0x0800073c        0xc /home/docker/STM32Cube/Repository/Packs/STMicroelectronics/X-CUBE-AI/9.0.0/Middlewares/ST/AI/Lib/GCC/ARMCortexM4/NetworkRuntime900_CM4_GCC.a(ai_platform_interface.o)
                0x0800073c                ai_platform_network_set_error
 .text.ai_platform_inputs_get
                0x08000748       0xec /home/docker/STM32Cube/Repository/Packs/STMicroelectronics/X-CUBE-AI/9.0.0/Middlewares/ST/AI/Lib/GCC/ARMCortexM4/NetworkRuntime900_CM4_GCC.a(ai_platform_interface.o)
                0x08000748                ai_platform_inputs_get
 .text.ai_platform_outputs_get
                0x08000834       0xe8 /home/docker/STM32Cube/Repository/Packs/STMicroelectronics/X-CUBE-AI/9.0.0/Middlewares/ST/AI/Lib/GCC/ARMCortexM4/NetworkRuntime900_CM4_GCC.a(ai_platform_interface.o)
                0x08000834                ai_platform_outputs_get
 .text.ai_platform_network_create
                0x0800091c       0x84 /home/docker/STM32Cube/Repository/Packs/STMicroelectronics/X-CUBE-AI/9.0.0/Middlewares/ST/AI/Lib/GCC/ARMCortexM4/NetworkRuntime900_CM4_GCC.a(ai_platform_interface.o)
                0x0800091c                ai_platform_network_create
 .text.ai_platform_network_init
                0x080009a0      0x19c /home/docker/STM32Cube/Repository/Packs/STMicroelectronics/X-CUBE-AI/9.0.0/Middlewares/ST/AI/Lib/GCC/ARMCortexM4/NetworkRuntime900_CM4_GCC.a(ai_platform_interface.o)
                0x080009a0                ai_platform_network_init
 .text.ai_platform_network_post_init
                0x08000b3c       0x60 /home/docker/STM32Cube/Repository/Packs/STMicroelectronics/X-CUBE-AI/9.0.0/Middlewares/ST/AI/Lib/GCC/ARMCortexM4/NetworkRuntime900_CM4_GCC.a(ai_platform_interface.o)
                0x08000b3c                ai_platform_network_post_init
 .text.ai_platform_network_process
                0x08000b9c      0x480 /home/docker/STM32Cube/Repository/Packs/STMicroelectronics/X-CUBE-AI/9.0.0/Middlewares/ST/AI/Lib/GCC/ARMCortexM4/NetworkRuntime900_CM4_GCC.a(ai_platform_interface.o)
                0x08000b9c                ai_platform_network_process
 .text.core_init
                0x0800101c        0x4 /home/docker/STM32Cube/Repository/Packs/STMicroelectronics/X-CUBE-AI/9.0.0/Middlewares/ST/AI/Lib/GCC/ARMCortexM4/NetworkRuntime900_CM4_GCC.a(core_common.o)
                0x0800101c                core_init
 .text.core_get_error
                0x08001020        0xc /home/docker/STM32Cube/Repository/Packs/STMicroelectronics/X-CUBE-AI/9.0.0/Middlewares/ST/AI/Lib/GCC/ARMCortexM4/NetworkRuntime900_CM4_GCC.a(core_common.o)
                0x08001020                core_get_error
 .text.core_set_error
                0x0800102c       0x18 /home/docker/STM32Cube/Repository/Packs/STMicroelectronics/X-CUBE-AI/9.0.0/Middlewares/ST/AI/Lib/GCC/ARMCortexM4/NetworkRuntime900_CM4_GCC.a(core_common.o)
                0x0800102c                core_set_error
 .text.ai_check_custom_types
                0x08001044       0x54 /home/docker/STM32Cube/Repository/Packs/STMicroelectronics/X-CUBE-AI/9.0.0/Middlewares/ST/AI/Lib/GCC/ARMCortexM4/NetworkRuntime900_CM4_GCC.a(layers.o)
                0x08001044                ai_check_custom_types
 .text.ai_layers_init_all
                0x08001098       0x1c /home/docker/STM32Cube/Repository/Packs/STMicroelectronics/X-CUBE-AI/9.0.0/Middlewares/ST/AI/Lib/GCC/ARMCortexM4/NetworkRuntime900_CM4_GCC.a(layers.o)
                0x08001098                ai_layers_init_all
 .text.ai_layers_post_init_all
                0x080010b4       0x28 /home/docker/STM32Cube/Repository/Packs/STMicroelectronics/X-CUBE-AI/9.0.0/Middlewares/ST/AI/Lib/GCC/ARMCortexM4/NetworkRuntime900_CM4_GCC.a(layers.o)
                0x080010b4                ai_layers_post_init_all
 .text.ai_layers_forward_all
                0x080010dc       0x94 /home/docker/STM32Cube/Repository/Packs/STMicroelectronics/X-CUBE-AI/9.0.0/Middlewares/ST/AI/Lib/GCC/ARMCortexM4/NetworkRuntime900_CM4_GCC.a(layers.o)
                0x080010dc                ai_layers_forward_all
 .text.forward_dense
                0x08001170      0x3e0 /home/docker/STM32Cube/Repository/Packs/STMicroelectronics/X-CUBE-AI/9.0.0/Middlewares/ST/AI/Lib/GCC/ARMCortexM4/NetworkRuntime900_CM4_GCC.a(layers_conv2d_generic_float.o)
                0x08001170                forward_dense
 .text.forward_concat
                0x08001550      0x560 /home/docker/STM32Cube/Repository/Packs/STMicroelectronics/X-CUBE-AI/9.0.0/Middlewares/ST/AI/Lib/GCC/ARMCortexM4/NetworkRuntime900_CM4_GCC.a(layers_generic_float.o)
                0x08001550                forward_concat
 .text.nl_func_sigmoid_array_f32
                0x08001ab0       0x50 /home/docker/STM32Cube/Repository/Packs/STMicroelectronics/X-CUBE-AI/9.0.0/Middlewares/ST/AI/Lib/GCC/ARMCortexM4/NetworkRuntime900_CM4_GCC.a(layers_nl_generic_float.o)
                0x08001ab0                nl_func_sigmoid_array_f32
 .text.forward_sigmoid
                0x08001b00       0x94 /home/docker/STM32Cube/Repository/Packs/STMicroelectronics/X-CUBE-AI/9.0.0/Middlewares/ST/AI/Lib/GCC/ARMCortexM4/NetworkRuntime900_CM4_GCC.a(layers_nl_generic_float.o)
                0x08001b00                forward_sigmoid
 .text.nl_func_tanh_array_f32
                0x08001b94       0x38 /home/docker/STM32Cube/Repository/Packs/STMicroelectronics/X-CUBE-AI/9.0.0/Middlewares/ST/AI/Lib/GCC/ARMCortexM4/NetworkRuntime900_CM4_GCC.a(layers_nl_generic_float.o)
                0x08001b94                nl_func_tanh_array_f32
 .text.forward_relu
                0x08001bcc      0x138 /home/docker/STM32Cube/Repository/Packs/STMicroelectronics/X-CUBE-AI/9.0.0/Middlewares/ST/AI/Lib/GCC/ARMCortexM4/NetworkRuntime900_CM4_GCC.a(layers_nl_generic_float.o)
                0x08001bcc                forward_relu
 .text.forward_mp
                0x08001d04      0x1a4 /home/docker/STM32Cube/Repository/Packs/STMicroelectronics/X-CUBE-AI/9.0.0/Middlewares/ST/AI/Lib/GCC/ARMCortexM4/NetworkRuntime900_CM4_GCC.a(layers_pool_generic_float.o)
                0x08001d04                forward_mp
 .text.array_f32_identity
                0x08001ea8       0x14 /home/docker/STM32Cube/Repository/Packs/STMicroelectronics/X-CUBE-AI/9.0.0/Middlewares/ST/AI/Lib/GCC/ARMCortexM4/NetworkRuntime900_CM4_GCC.a(layers_rnn_generic_float.o)
 .text.forward_lstm
                0x08001ebc     0x1930 /home/docker/STM32Cube/Repository/Packs/STMicroelectronics/X-CUBE-AI/9.0.0/Middlewares/ST/AI/Lib/GCC/ARMCortexM4/NetworkRuntime900_CM4_GCC.a(layers_rnn_generic_float.o)
                0x08001ebc                forward_lstm
 .text.forward_lite_nl_relu_generic_if32of32_kernel
                0x080037ec       0xfc /home/docker/STM32Cube/Repository/Packs/STMicroelectronics/X-CUBE-AI/9.0.0/Middlewares/ST/AI/Lib/GCC/ARMCortexM4/NetworkRuntime900_CM4_GCC.a(lite_nl_relu_if32of32.o)
                0x080037ec                forward_lite_nl_relu_generic_if32of32_kernel
 .text.forward_lite_dense_if32of32wf32
                0x080038e8      0x2b4 /home/docker/STM32Cube/Repository/Packs/STMicroelectronics/X-CUBE-AI/9.0.0/Middlewares/ST/AI/Lib/GCC/ARMCortexM4/NetworkRuntime900_CM4_GCC.a(lite_dense_if32.o)
                0x080038e8                forward_lite_dense_if32of32wf32
 .text.st_int8_fill
                0x08003b9c       0xb8 /home/docker/STM32Cube/Repository/Packs/STMicroelectronics/X-CUBE-AI/9.0.0/Middlewares/ST/AI/Lib/GCC/ARMCortexM4/NetworkRuntime900_CM4_GCC.a(st_int8_fill.o)
                0x08003b9c                st_int8_fill
 .text.st_int8_copy
                0x08003c54      0x10c /home/docker/STM32Cube/Repository/Packs/STMicroelectronics/X-CUBE-AI/9.0.0/Middlewares/ST/AI/Lib/GCC/ARMCortexM4/NetworkRuntime900_CM4_GCC.a(st_int8_fill.o)
                0x08003c54                st_int8_copy
 .text.ai_array_to_buffer_fmt
                0x08003d60       0xe0 /home/docker/STM32Cube/Repository/Packs/STMicroelectronics/X-CUBE-AI/9.0.0/Middlewares/ST/AI/Lib/GCC/ARMCortexM4/NetworkRuntime900_CM4_GCC.a(ai_datatypes_format.o)
                0x08003d60                ai_array_to_buffer_fmt
 .text.ai_array_get_byte_size
                0x08003e40       0x50 /home/docker/STM32Cube/Repository/Packs/STMicroelectronics/X-CUBE-AI/9.0.0/Middlewares/ST/AI/Lib/GCC/ARMCortexM4/NetworkRuntime900_CM4_GCC.a(ai_datatypes_format.o)
                0x08003e40                ai_array_get_byte_size
 .text.ai_array_get_data_byte_size
                0x08003e90       0x24 /home/docker/STM32Cube/Repository/Packs/STMicroelectronics/X-CUBE-AI/9.0.0/Middlewares/ST/AI/Lib/GCC/ARMCortexM4/NetworkRuntime900_CM4_GCC.a(ai_datatypes_format.o)
                0x08003e90                ai_array_get_data_byte_size
 .text.ai_version_get
                0x08003eb4        0xc /home/docker/STM32Cube/Repository/Packs/STMicroelectronics/X-CUBE-AI/9.0.0/Middlewares/ST/AI/Lib/GCC/ARMCortexM4/NetworkRuntime900_CM4_GCC.a(ai_datatypes_internal.o)
                0x08003eb4                ai_version_get
 .text.get_tensor_byte_size
                0x08003ec0       0x30 /home/docker/STM32Cube/Repository/Packs/STMicroelectronics/X-CUBE-AI/9.0.0/Middlewares/ST/AI/Lib/GCC/ARMCortexM4/NetworkRuntime900_CM4_GCC.a(ai_datatypes_internal.o)
                0x08003ec0                get_tensor_byte_size
 .text.memset   0x08003ef0       0x10 /opt/st/stm32cubeide_1.15.0/plugins/com.st.stm32cube.ide.mcu.externaltools.gnu-tools-for-stm32.12.3.rel1.linux64_1.0.100.202403111256/tools/bin/../lib/gcc/arm-none-eabi/12.3.1/../../../../arm-none-eabi/lib/thumb/v7e-m+fp/hard/libc_nano.a(libc_a-memset.o)
                0x08003ef0                memset
 .text.__errno  0x08003f00        0xc /opt/st/stm32cubeide_1.15.0/plugins/com.st.stm32cube.ide.mcu.externaltools.gnu-tools-for-stm32.12.3.rel1.linux64_1.0.100.202403111256/tools/bin/../lib/gcc/arm-none-eabi/12.3.1/../../../../arm-none-eabi/lib/thumb/v7e-m+fp/hard/libc_nano.a(libc_a-errno.o)
                0x08003f00                __errno
 .text.__libc_init_array
                0x08003f0c       0x48 /opt/st/stm32cubeide_1.15.0/plugins/com.st.stm32cube.ide.mcu.externaltools.gnu-tools-for-stm32.12.3.rel1.linux64_1.0.100.202403111256/tools/bin/../lib/gcc/arm-none-eabi/12.3.1/../../../../arm-none-eabi/lib/thumb/v7e-m+fp/hard/libc_nano.a(libc_a-init.o)
                0x08003f0c                __libc_init_array
 .text.expf     0x08003f54       0x6c /opt/st/stm32cubeide_1.15.0/plugins/com.st.stm32cube.ide.mcu.externaltools.gnu-tools-for-stm32.12.3.rel1.linux64_1.0.100.202403111256/tools/bin/../lib/gcc/arm-none-eabi/12.3.1/../../../../arm-none-eabi/lib/thumb/v7e-m+fp/hard/libm.a(libm_a-wf_exp.o)
                0x08003f54                expf
 .text.fabsf    0x08003fc0        0xe /opt/st/stm32cubeide_1.15.0/plugins/com.st.stm32cube.ide.mcu.externaltools.gnu-tools-for-stm32.12.3.rel1.linux64_1.0.100.202403111256/tools/bin/../lib/gcc/arm-none-eabi/12.3.1/../../../../arm-none-eabi/lib/thumb/v7e-m+fp/hard/libm.a(libm_a-sf_fabs.o)
                0x08003fc0                fabsf
 *fill*         0x08003fce        0x2 
 .text.tanhf    0x08003fd0       0xd4 /opt/st/stm32cubeide_1.15.0/plugins/com.st.stm32cube.ide.mcu.externaltools.gnu-tools-for-stm32.12.3.rel1.linux64_1.0.100.202403111256/tools/bin/../lib/gcc/arm-none-eabi/12.3.1/../../../../arm-none-eabi/lib/thumb/v7e-m+fp/hard/libm.a(libm_a-sf_tanh.o)
                0x08003fd0                tanhf
 .text.finitef  0x080040a4       0x14 /opt/st/stm32cubeide_1.15.0/plugins/com.st.stm32cube.ide.mcu.externaltools.gnu-tools-for-stm32.12.3.rel1.linux64_1.0.100.202403111256/tools/bin/../lib/gcc/arm-none-eabi/12.3.1/../../../../arm-none-eabi/lib/thumb/v7e-m+fp/hard/libm.a(libm_a-sf_finite.o)
                0x080040a4                finitef
 .text.expm1f   0x080040b8      0x250 /opt/st/stm32cubeide_1.15.0/plugins/com.st.stm32cube.ide.mcu.externaltools.gnu-tools-for-stm32.12.3.rel1.linux64_1.0.100.202403111256/tools/bin/../lib/gcc/arm-none-eabi/12.3.1/../../../../arm-none-eabi/lib/thumb/v7e-m+fp/hard/libm.a(libm_a-sf_expm1.o)
                0x080040b8                expm1f
 .text.with_errnof
                0x08004308       0x1c /opt/st/stm32cubeide_1.15.0/plugins/com.st.stm32cube.ide.mcu.externaltools.gnu-tools-for-stm32.12.3.rel1.linux64_1.0.100.202403111256/tools/bin/../lib/gcc/arm-none-eabi/12.3.1/../../../../arm-none-eabi/lib/thumb/v7e-m+fp/hard/libm.a(libm_a-math_errf.o)
 .text.xflowf   0x08004324       0x16 /opt/st/stm32cubeide_1.15.0/plugins/com.st.stm32cube.ide.mcu.externaltools.gnu-tools-for-stm32.12.3.rel1.linux64_1.0.100.202403111256/tools/bin/../lib/gcc/arm-none-eabi/12.3.1/../../../../arm-none-eabi/lib/thumb/v7e-m+fp/hard/libm.a(libm_a-math_errf.o)
 *fill*         0x0800433a        0x2 
 .text.__math_uflowf
                0x0800433c        0xc /opt/st/stm32cubeide_1.15.0/plugins/com.st.stm32cube.ide.mcu.externaltools.gnu-tools-for-stm32.12.3.rel1.linux64_1.0.100.202403111256/tools/bin/../lib/gcc/arm-none-eabi/12.3.1/../../../../arm-none-eabi/lib/thumb/v7e-m+fp/hard/libm.a(libm_a-math_errf.o)
                0x0800433c                __math_uflowf
 .text.__math_oflowf
                0x08004348        0xc /opt/st/stm32cubeide_1.15.0/plugins/com.st.stm32cube.ide.mcu.externaltools.gnu-tools-for-stm32.12.3.rel1.linux64_1.0.100.202403111256/tools/bin/../lib/gcc/arm-none-eabi/12.3.1/../../../../arm-none-eabi/lib/thumb/v7e-m+fp/hard/libm.a(libm_a-math_errf.o)
                0x08004348                __math_oflowf
 .text.__ieee754_expf
                0x08004354      0x19c /opt/st/stm32cubeide_1.15.0/plugins/com.st.stm32cube.ide.mcu.externaltools.gnu-tools-for-stm32.12.3.rel1.linux64_1.0.100.202403111256/tools/bin/../lib/gcc/arm-none-eabi/12.3.1/../../../../arm-none-eabi/lib/thumb/v7e-m+fp/hard/libm.a(libm_a-ef_exp.o)
                0x08004354                __ieee754_expf
 *(.glue_7)
 .glue_7        0x080044f0        0x0 linker stubs
 *(.glue_7t)
 .glue_7t       0x080044f0        0x0 linker stubs
 *(.eh_frame)
 .eh_frame      0x080044f0        0x0 /opt/st/stm32cubeide_1.15.0/plugins/com.st.stm32cube.ide.mcu.externaltools.gnu-tools-for-stm32.12.3.rel1.linux64_1.0.100.202403111256/tools/bin/../lib/gcc/arm-none-eabi/12.3.1/thumb/v7e-m+fp/hard/crtbegin.o
 *(.init)
 .init          0x080044f0        0x4 /opt/st/stm32cubeide_1.15.0/plugins/com.st.stm32cube.ide.mcu.externaltools.gnu-tools-for-stm32.12.3.rel1.linux64_1.0.100.202403111256/tools/bin/../lib/gcc/arm-none-eabi/12.3.1/thumb/v7e-m+fp/hard/crti.o
                0x080044f0                _init
 .init          0x080044f4        0x8 /opt/st/stm32cubeide_1.15.0/plugins/com.st.stm32cube.ide.mcu.externaltools.gnu-tools-for-stm32.12.3.rel1.linux64_1.0.100.202403111256/tools/bin/../lib/gcc/arm-none-eabi/12.3.1/thumb/v7e-m+fp/hard/crtn.o
 *(.fini)
 .fini          0x080044fc        0x4 /opt/st/stm32cubeide_1.15.0/plugins/com.st.stm32cube.ide.mcu.externaltools.gnu-tools-for-stm32.12.3.rel1.linux64_1.0.100.202403111256/tools/bin/../lib/gcc/arm-none-eabi/12.3.1/thumb/v7e-m+fp/hard/crti.o
                0x080044fc                _fini
 .fini          0x08004500        0x8 /opt/st/stm32cubeide_1.15.0/plugins/com.st.stm32cube.ide.mcu.externaltools.gnu-tools-for-stm32.12.3.rel1.linux64_1.0.100.202403111256/tools/bin/../lib/gcc/arm-none-eabi/12.3.1/thumb/v7e-m+fp/hard/crtn.o
                0x08004508                        . = ALIGN (0x4)
                0x08004508                        _etext = .

.vfp11_veneer   0x08004508        0x0
 .vfp11_veneer  0x08004508        0x0 linker stubs

.v4_bx          0x08004508        0x0
 .v4_bx         0x08004508        0x0 linker stubs

.iplt           0x08004508        0x0
 .iplt          0x08004508        0x0 /opt/st/stm32cubeide_1.15.0/plugins/com.st.stm32cube.ide.mcu.externaltools.gnu-tools-for-stm32.12.3.rel1.linux64_1.0.100.202403111256/tools/bin/../lib/gcc/arm-none-eabi/12.3.1/thumb/v7e-m+fp/hard/crtbegin.o

.rodata         0x08004520     0x5940
                0x08004520                        . = ALIGN (0x4)
 *(.rodata)
 .rodata        0x08004520       0x10 network_data.o
 *(.rodata*)
 *fill*         0x08004530       0x10 
 .rodata.s_network_weights_array_u64
                0x08004540     0x58c8 network_data_params.o
                0x08004540                s_network_weights_array_u64
 .rodata.backward_lstm_chain
                0x08009e08        0x8 network.o
 .rodata.forward_lstm_chain
                0x08009e10        0x8 network.o
 .rodata.bidirectional_chain
                0x08009e18        0x8 network.o
 .rodata.global_max_pooling1d_pool_chain
                0x08009e20        0x8 network.o
 .rodata.dense_dense_chain
                0x08009e28        0x8 network.o
 .rodata.dense_chain
                0x08009e30        0x8 network.o
 .rodata.dense_1_dense_chain
                0x08009e38        0x8 network.o
 .rodata.dense_1_chain
                0x08009e40        0x8 network.o
 .rodata.ln2LO  0x08009e48        0x8 /opt/st/stm32cubeide_1.15.0/plugins/com.st.stm32cube.ide.mcu.externaltools.gnu-tools-for-stm32.12.3.rel1.linux64_1.0.100.202403111256/tools/bin/../lib/gcc/arm-none-eabi/12.3.1/../../../../arm-none-eabi/lib/thumb/v7e-m+fp/hard/libm.a(libm_a-ef_exp.o)
 .rodata.ln2HI  0x08009e50        0x8 /opt/st/stm32cubeide_1.15.0/plugins/com.st.stm32cube.ide.mcu.externaltools.gnu-tools-for-stm32.12.3.rel1.linux64_1.0.100.202403111256/tools/bin/../lib/gcc/arm-none-eabi/12.3.1/../../../../arm-none-eabi/lib/thumb/v7e-m+fp/hard/libm.a(libm_a-ef_exp.o)
 .rodata.halF   0x08009e58        0x8 /opt/st/stm32cubeide_1.15.0/plugins/com.st.stm32cube.ide.mcu.externaltools.gnu-tools-for-stm32.12.3.rel1.linux64_1.0.100.202403111256/tools/bin/../lib/gcc/arm-none-eabi/12.3.1/../../../../arm-none-eabi/lib/thumb/v7e-m+fp/hard/libm.a(libm_a-ef_exp.o)
                0x08009e60                        . = ALIGN (0x4)

.rel.dyn        0x08009e60        0x0
 .rel.iplt      0x08009e60        0x0 /opt/st/stm32cubeide_1.15.0/plugins/com.st.stm32cube.ide.mcu.externaltools.gnu-tools-for-stm32.12.3.rel1.linux64_1.0.100.202403111256/tools/bin/../lib/gcc/arm-none-eabi/12.3.1/thumb/v7e-m+fp/hard/crtbegin.o

.ARM.extab      0x08009e60        0x0
                0x08009e60                        . = ALIGN (0x4)
 *(.ARM.extab* .gnu.linkonce.armextab.*)
                0x08009e60                        . = ALIGN (0x4)

.ARM            0x08009e60        0x0
                0x08009e60                        . = ALIGN (0x4)
                0x08009e60                        __exidx_start = .
 *(.ARM.exidx*)
                0x08009e60                        __exidx_end = .
                0x08009e60                        . = ALIGN (0x4)

.preinit_array  0x08009e60        0x0
                0x08009e60                        . = ALIGN (0x4)
                0x08009e60                        PROVIDE (__preinit_array_start = .)
 *(.preinit_array*)
                0x08009e60                        PROVIDE (__preinit_array_end = .)
                0x08009e60                        . = ALIGN (0x4)

.init_array     0x08009e60        0x4
                0x08009e60                        . = ALIGN (0x4)
                0x08009e60                        PROVIDE (__init_array_start = .)
 *(SORT_BY_NAME(.init_array.*))
 *(.init_array*)
 .init_array    0x08009e60        0x4 /opt/st/stm32cubeide_1.15.0/plugins/com.st.stm32cube.ide.mcu.externaltools.gnu-tools-for-stm32.12.3.rel1.linux64_1.0.100.202403111256/tools/bin/../lib/gcc/arm-none-eabi/12.3.1/thumb/v7e-m+fp/hard/crtbegin.o
                0x08009e64                        PROVIDE (__init_array_end = .)
                0x08009e64                        . = ALIGN (0x4)

.fini_array     0x08009e64        0x4
                0x08009e64                        . = ALIGN (0x4)
                [!provide]                        PROVIDE (__fini_array_start = .)
 *(SORT_BY_NAME(.fini_array.*))
 *(.fini_array*)
 .fini_array    0x08009e64        0x4 /opt/st/stm32cubeide_1.15.0/plugins/com.st.stm32cube.ide.mcu.externaltools.gnu-tools-for-stm32.12.3.rel1.linux64_1.0.100.202403111256/tools/bin/../lib/gcc/arm-none-eabi/12.3.1/thumb/v7e-m+fp/hard/crtbegin.o
                [!provide]                        PROVIDE (__fini_array_end = .)
                0x08009e68                        . = ALIGN (0x4)
                0x08009e68                        _sidata = LOADADDR (.data)

.data           0x20000000      0xb94 load address 0x08009e68
                0x20000000                        . = ALIGN (0x4)
                0x20000000                        _sdata = .
 *(.data)
 *(.data*)
 .data.g_network_data_map_weights
                0x20000000       0x1c network_data.o
                0x20000000                g_network_data_map_weights
 .data.__compound_literal.1
                0x2000001c       0x10 network_data.o
 .data.g_network_data_map_activations
                0x2000002c       0x1c network_data.o
                0x2000002c                g_network_data_map_activations
 .data.__compound_literal.0
                0x20000048       0x10 network_data.o
 .data.g_network
                0x20000058       0x4c network.o
 .data.__compound_literal.99
                0x200000a4       0x18 network.o
 .data.__compound_literal.98
                0x200000bc        0xc network.o
 .data.__compound_literal.94
                0x200000c8        0x4 network.o
 .data.__compound_literal.93
                0x200000cc        0xc network.o
 .data.__compound_literal.89
                0x200000d8        0x4 network.o
 .data.__compound_literal.88
                0x200000dc       0x1c network.o
 .data.__compound_literal.87
                0x200000f8       0x10 network.o
 .data.__compound_literal.86
                0x20000108       0x1c network.o
 .data.__compound_literal.85
                0x20000124       0x10 network.o
 .data.backward_lstm_layer
                0x20000134       0x44 network.o
 .data.__compound_literal.84
                0x20000178       0x30 network.o
 .data.__compound_literal.83
                0x200001a8        0x4 network.o
 .data.__compound_literal.82
                0x200001ac       0x24 network.o
 .data.__compound_literal.81
                0x200001d0        0x4 network.o
 .data.__compound_literal.80
                0x200001d4        0x4 network.o
 .data.forward_lstm_layer
                0x200001d8       0x44 network.o
 .data.__compound_literal.79
                0x2000021c       0x30 network.o
 .data.__compound_literal.78
                0x2000024c        0x4 network.o
 .data.__compound_literal.77
                0x20000250       0x24 network.o
 .data.__compound_literal.76
                0x20000274        0x4 network.o
 .data.__compound_literal.75
                0x20000278        0x4 network.o
 .data.bidirectional_layer
                0x2000027c       0x20 network.o
 .data.__compound_literal.74
                0x2000029c       0x30 network.o
 .data.__compound_literal.71
                0x200002cc        0x4 network.o
 .data.__compound_literal.70
                0x200002d0        0x8 network.o
 .data.global_max_pooling1d_pool_layer
                0x200002d8       0x38 network.o
 .data.__compound_literal.68
                0x20000310       0x30 network.o
 .data.__compound_literal.65
                0x20000340        0x4 network.o
 .data.__compound_literal.64
                0x20000344        0x4 network.o
 .data.dense_dense_layer
                0x20000348       0x1c network.o
 .data.__compound_literal.63
                0x20000364       0x30 network.o
 .data.__compound_literal.61
                0x20000394        0x8 network.o
 .data.__compound_literal.60
                0x2000039c        0x4 network.o
 .data.__compound_literal.59
                0x200003a0        0x4 network.o
 .data.dense_layer
                0x200003a4       0x20 network.o
 .data.__compound_literal.58
                0x200003c4       0x30 network.o
 .data.__compound_literal.55
                0x200003f4        0x4 network.o
 .data.__compound_literal.54
                0x200003f8        0x4 network.o
 .data.dense_1_dense_layer
                0x200003fc       0x1c network.o
 .data.__compound_literal.53
                0x20000418       0x30 network.o
 .data.__compound_literal.51
                0x20000448        0x8 network.o
 .data.__compound_literal.50
                0x20000450        0x4 network.o
 .data.__compound_literal.49
                0x20000454        0x4 network.o
 .data.dense_1_layer
                0x20000458       0x20 network.o
 .data.__compound_literal.48
                0x20000478       0x30 network.o
 .data.__compound_literal.45
                0x200004a8        0x4 network.o
 .data.__compound_literal.44
                0x200004ac        0x4 network.o
 .data.dense_1_dense_weights
                0x200004b0       0x1c network.o
 .data.__compound_literal.43
                0x200004cc       0x10 network.o
 .data.__compound_literal.42
                0x200004dc       0x10 network.o
 .data.dense_dense_bias
                0x200004ec       0x1c network.o
 .data.__compound_literal.41
                0x20000508       0x10 network.o
 .data.__compound_literal.40
                0x20000518       0x10 network.o
 .data.dense_dense_weights
                0x20000528       0x1c network.o
 .data.__compound_literal.39
                0x20000544       0x10 network.o
 .data.__compound_literal.38
                0x20000554       0x10 network.o
 .data.forward_lstm_bias
                0x20000564       0x1c network.o
 .data.__compound_literal.37
                0x20000580       0x10 network.o
 .data.__compound_literal.36
                0x20000590       0x10 network.o
 .data.forward_lstm_recurrent
                0x200005a0       0x1c network.o
 .data.__compound_literal.35
                0x200005bc       0x10 network.o
 .data.__compound_literal.34
                0x200005cc       0x10 network.o
 .data.forward_lstm_kernel
                0x200005dc       0x1c network.o
 .data.__compound_literal.33
                0x200005f8       0x10 network.o
 .data.__compound_literal.32
                0x20000608       0x10 network.o
 .data.backward_lstm_bias
                0x20000618       0x1c network.o
 .data.__compound_literal.31
                0x20000634       0x10 network.o
 .data.__compound_literal.30
                0x20000644       0x10 network.o
 .data.backward_lstm_peephole
                0x20000654       0x1c network.o
 .data.__compound_literal.29
                0x20000670       0x10 network.o
 .data.__compound_literal.28
                0x20000680       0x10 network.o
 .data.backward_lstm_recurrent
                0x20000690       0x1c network.o
 .data.__compound_literal.27
                0x200006ac       0x10 network.o
 .data.__compound_literal.26
                0x200006bc       0x10 network.o
 .data.backward_lstm_kernel
                0x200006cc       0x1c network.o
 .data.__compound_literal.25
                0x200006e8       0x10 network.o
 .data.__compound_literal.24
                0x200006f8       0x10 network.o
 .data.dense_1_output
                0x20000708       0x1c network.o
 .data.__compound_literal.23
                0x20000724       0x10 network.o
 .data.__compound_literal.22
                0x20000734       0x10 network.o
 .data.dense_1_dense_output
                0x20000744       0x1c network.o
 .data.__compound_literal.21
                0x20000760       0x10 network.o
 .data.__compound_literal.20
                0x20000770       0x10 network.o
 .data.dense_output
                0x20000780       0x1c network.o
 .data.__compound_literal.19
                0x2000079c       0x10 network.o
 .data.__compound_literal.18
                0x200007ac       0x10 network.o
 .data.dense_dense_output
                0x200007bc       0x1c network.o
 .data.__compound_literal.17
                0x200007d8       0x10 network.o
 .data.__compound_literal.16
                0x200007e8       0x10 network.o
 .data.global_max_pooling1d_pool_output
                0x200007f8       0x1c network.o
 .data.__compound_literal.15
                0x20000814       0x10 network.o
 .data.__compound_literal.14
                0x20000824       0x10 network.o
 .data.bidirectional_output
                0x20000834       0x1c network.o
 .data.__compound_literal.13
                0x20000850       0x10 network.o
 .data.__compound_literal.12
                0x20000860       0x10 network.o
 .data.forward_lstm_output0
                0x20000870       0x1c network.o
 .data.__compound_literal.11
                0x2000088c       0x10 network.o
 .data.__compound_literal.10
                0x2000089c       0x10 network.o
 .data.backward_lstm_output0
                0x200008ac       0x1c network.o
 .data.__compound_literal.9
                0x200008c8       0x10 network.o
 .data.__compound_literal.8
                0x200008d8       0x10 network.o
 .data.input_0_output
                0x200008e8       0x1c network.o
 .data.__compound_literal.7
                0x20000904       0x10 network.o
 .data.__compound_literal.6
                0x20000914       0x10 network.o
 .data.forward_lstm_scratch0
                0x20000924       0x1c network.o
 .data.__compound_literal.5
                0x20000940       0x10 network.o
 .data.__compound_literal.4
                0x20000950       0x10 network.o
 .data.backward_lstm_scratch0
                0x20000960       0x1c network.o
 .data.__compound_literal.3
                0x2000097c       0x10 network.o
 .data.__compound_literal.2
                0x2000098c       0x10 network.o
 .data.dense_1_dense_bias
                0x2000099c       0x1c network.o
 .data.__compound_literal.1
                0x200009b8       0x10 network.o
 .data.__compound_literal.0
                0x200009c8       0x10 network.o
 .data.forward_lstm_scratch0_array
                0x200009d8       0x10 network.o
 .data.backward_lstm_scratch0_array
                0x200009e8       0x10 network.o
 .data.dense_1_dense_bias_array
                0x200009f8       0x10 network.o
 .data.dense_1_dense_weights_array
                0x20000a08       0x10 network.o
 .data.dense_dense_bias_array
                0x20000a18       0x10 network.o
 .data.dense_dense_weights_array
                0x20000a28       0x10 network.o
 .data.forward_lstm_bias_array
                0x20000a38       0x10 network.o
 .data.forward_lstm_recurrent_array
                0x20000a48       0x10 network.o
 .data.forward_lstm_kernel_array
                0x20000a58       0x10 network.o
 .data.backward_lstm_bias_array
                0x20000a68       0x10 network.o
 .data.backward_lstm_peephole_array
                0x20000a78       0x10 network.o
 .data.backward_lstm_recurrent_array
                0x20000a88       0x10 network.o
 .data.backward_lstm_kernel_array
                0x20000a98       0x10 network.o
 .data.dense_1_output_array
                0x20000aa8       0x10 network.o
 .data.dense_1_dense_output_array
                0x20000ab8       0x10 network.o
 .data.dense_output_array
                0x20000ac8       0x10 network.o
 .data.dense_dense_output_array
                0x20000ad8       0x10 network.o
 .data.global_max_pooling1d_pool_output_array
                0x20000ae8       0x10 network.o
 .data.bidirectional_output_array
                0x20000af8       0x10 network.o
 .data.forward_lstm_output0_array
                0x20000b08       0x10 network.o
 .data.backward_lstm_output0_array
                0x20000b18       0x10 network.o
 .data.input_0_output_array
                0x20000b28       0x10 network.o
 .data._impure_ptr
                0x20000b38        0x4 /opt/st/stm32cubeide_1.15.0/plugins/com.st.stm32cube.ide.mcu.externaltools.gnu-tools-for-stm32.12.3.rel1.linux64_1.0.100.202403111256/tools/bin/../lib/gcc/arm-none-eabi/12.3.1/../../../../arm-none-eabi/lib/thumb/v7e-m+fp/hard/libc_nano.a(libc_a-impure.o)
                0x20000b38                _impure_ptr
 .data._impure_data
                0x20000b3c       0x4c /opt/st/stm32cubeide_1.15.0/plugins/com.st.stm32cube.ide.mcu.externaltools.gnu-tools-for-stm32.12.3.rel1.linux64_1.0.100.202403111256/tools/bin/../lib/gcc/arm-none-eabi/12.3.1/../../../../arm-none-eabi/lib/thumb/v7e-m+fp/hard/libc_nano.a(libc_a-impure.o)
                0x20000b3c                _impure_data
 .data.tiny     0x20000b88        0x4 /opt/st/stm32cubeide_1.15.0/plugins/com.st.stm32cube.ide.mcu.externaltools.gnu-tools-for-stm32.12.3.rel1.linux64_1.0.100.202403111256/tools/bin/../lib/gcc/arm-none-eabi/12.3.1/../../../../arm-none-eabi/lib/thumb/v7e-m+fp/hard/libm.a(libm_a-sf_tanh.o)
 .data.two      0x20000b8c        0x4 /opt/st/stm32cubeide_1.15.0/plugins/com.st.stm32cube.ide.mcu.externaltools.gnu-tools-for-stm32.12.3.rel1.linux64_1.0.100.202403111256/tools/bin/../lib/gcc/arm-none-eabi/12.3.1/../../../../arm-none-eabi/lib/thumb/v7e-m+fp/hard/libm.a(libm_a-sf_tanh.o)
 .data.one      0x20000b90        0x4 /opt/st/stm32cubeide_1.15.0/plugins/com.st.stm32cube.ide.mcu.externaltools.gnu-tools-for-stm32.12.3.rel1.linux64_1.0.100.202403111256/tools/bin/../lib/gcc/arm-none-eabi/12.3.1/../../../../arm-none-eabi/lib/thumb/v7e-m+fp/hard/libm.a(libm_a-sf_tanh.o)
                0x20000b94                        . = ALIGN (0x4)
                0x20000b94                        _edata = .

.igot.plt       0x20000b94        0x0 load address 0x0800a9fc
 .igot.plt      0x20000b94        0x0 /opt/st/stm32cubeide_1.15.0/plugins/com.st.stm32cube.ide.mcu.externaltools.gnu-tools-for-stm32.12.3.rel1.linux64_1.0.100.202403111256/tools/bin/../lib/gcc/arm-none-eabi/12.3.1/thumb/v7e-m+fp/hard/crtbegin.o
                0x20000b94                        . = ALIGN (0x4)

.bss            0x20000ba0     0x3654 load address 0x0800a9fc
                0x20000ba0                        _sbss = .
                0x20000ba0                        __bss_start__ = _sbss
 *(.bss)
 .bss           0x20000ba0       0x1c /opt/st/stm32cubeide_1.15.0/plugins/com.st.stm32cube.ide.mcu.externaltools.gnu-tools-for-stm32.12.3.rel1.linux64_1.0.100.202403111256/tools/bin/../lib/gcc/arm-none-eabi/12.3.1/thumb/v7e-m+fp/hard/crtbegin.o
 *(.bss*)
 .bss.ai_output
                0x20000bbc        0x4 stm32_app_main.o
 .bss.ai_input  0x20000bc0        0x4 stm32_app_main.o
 *fill*         0x20000bc4       0x1c 
 .bss.activations_1
                0x20000be0     0x3430 stm32_app_main.o
 .bss.network   0x20004010        0x4 stm32_app_main.o
 .bss.__compound_literal.97
                0x20004014        0x8 network.o
 .bss.__compound_literal.96
                0x2000401c       0x10 network.o
 .bss.__compound_literal.95
                0x2000402c       0x1c network.o
 .bss.__compound_literal.92
                0x20004048        0x8 network.o
 .bss.__compound_literal.91
                0x20004050       0x10 network.o
 .bss.__compound_literal.90
                0x20004060       0x1c network.o
 .bss.__compound_literal.73
                0x2000407c        0x4 network.o
 .bss.__compound_literal.72
                0x20004080        0x4 network.o
 .bss.__compound_literal.69
                0x20004084       0x10 network.o
 .bss.__compound_literal.67
                0x20004094        0x4 network.o
 .bss.__compound_literal.66
                0x20004098        0x4 network.o
 .bss.__compound_literal.62
                0x2000409c        0x4 network.o
 .bss.__compound_literal.57
                0x200040a0        0x4 network.o
 .bss.__compound_literal.56
                0x200040a4        0x4 network.o
 .bss.__compound_literal.52
                0x200040a8        0x4 network.o
 .bss.__compound_literal.47
                0x200040ac        0x4 network.o
 .bss.__compound_literal.46
                0x200040b0        0x4 network.o
 .bss.g_network_weights_map
                0x200040b4        0x4 network.o
 .bss.g_network_activations_map
                0x200040b8        0x4 network.o
 .bss.__sf      0x200040bc      0x138 /opt/st/stm32cubeide_1.15.0/plugins/com.st.stm32cube.ide.mcu.externaltools.gnu-tools-for-stm32.12.3.rel1.linux64_1.0.100.202403111256/tools/bin/../lib/gcc/arm-none-eabi/12.3.1/../../../../arm-none-eabi/lib/thumb/v7e-m+fp/hard/libc_nano.a(libc_a-findfp.o)
                0x200040bc                __sf
 *(COMMON)
                0x200041f4                        . = ALIGN (0x4)
                0x200041f4                        _ebss = .
                0x200041f4                        __bss_end__ = _ebss

._user_heap_stack
                0x200041f4     0x3004 load address 0x0800a9fc
                0x200041f8                        . = ALIGN (0x8)
 *fill*         0x200041f4        0x4 
                [!provide]                        PROVIDE (end = .)
                0x200041f8                        PROVIDE (_end = .)
                0x200061f8                        . = (. + _Min_Heap_Size)
 *fill*         0x200041f8     0x2000 
                0x200071f8                        . = (. + _Min_Stack_Size)
 *fill*         0x200061f8     0x1000 
                0x200071f8                        . = ALIGN (0x8)

/DISCARD/
 libc.a(*)
 libm.a(*)
 libgcc.a(*)

.ARM.attributes
                0x00000000       0x30
 *(.ARM.attributes)
 .ARM.attributes
                0x00000000       0x22 /opt/st/stm32cubeide_1.15.0/plugins/com.st.stm32cube.ide.mcu.externaltools.gnu-tools-for-stm32.12.3.rel1.linux64_1.0.100.202403111256/tools/bin/../lib/gcc/arm-none-eabi/12.3.1/thumb/v7e-m+fp/hard/crti.o
 .ARM.attributes
                0x00000022       0x34 /opt/st/stm32cubeide_1.15.0/plugins/com.st.stm32cube.ide.mcu.externaltools.gnu-tools-for-stm32.12.3.rel1.linux64_1.0.100.202403111256/tools/bin/../lib/gcc/arm-none-eabi/12.3.1/thumb/v7e-m+fp/hard/crtbegin.o
 .ARM.attributes
                0x00000056       0x34 network_data_params.o
 .ARM.attributes
                0x0000008a       0x34 stm32_app_main.o
 .ARM.attributes
                0x000000be       0x34 network_data.o
 .ARM.attributes
                0x000000f2       0x21 startup_stm32xx.o
 .ARM.attributes
                0x00000113       0x34 network.o
 .ARM.attributes
                0x00000147       0x30 /home/docker/STM32Cube/Repository/Packs/STMicroelectronics/X-CUBE-AI/9.0.0/Middlewares/ST/AI/Lib/GCC/ARMCortexM4/NetworkRuntime900_CM4_GCC.a(ai_platform.o)
 .ARM.attributes
                0x00000177       0x30 /home/docker/STM32Cube/Repository/Packs/STMicroelectronics/X-CUBE-AI/9.0.0/Middlewares/ST/AI/Lib/GCC/ARMCortexM4/NetworkRuntime900_CM4_GCC.a(ai_platform_interface.o)
 .ARM.attributes
                0x000001a7       0x30 /home/docker/STM32Cube/Repository/Packs/STMicroelectronics/X-CUBE-AI/9.0.0/Middlewares/ST/AI/Lib/GCC/ARMCortexM4/NetworkRuntime900_CM4_GCC.a(core_common.o)
 .ARM.attributes
                0x000001d7       0x30 /home/docker/STM32Cube/Repository/Packs/STMicroelectronics/X-CUBE-AI/9.0.0/Middlewares/ST/AI/Lib/GCC/ARMCortexM4/NetworkRuntime900_CM4_GCC.a(layers.o)
 .ARM.attributes
                0x00000207       0x30 /home/docker/STM32Cube/Repository/Packs/STMicroelectronics/X-CUBE-AI/9.0.0/Middlewares/ST/AI/Lib/GCC/ARMCortexM4/NetworkRuntime900_CM4_GCC.a(layers_conv2d_generic_float.o)
 .ARM.attributes
                0x00000237       0x30 /home/docker/STM32Cube/Repository/Packs/STMicroelectronics/X-CUBE-AI/9.0.0/Middlewares/ST/AI/Lib/GCC/ARMCortexM4/NetworkRuntime900_CM4_GCC.a(layers_generic_float.o)
 .ARM.attributes
                0x00000267       0x30 /home/docker/STM32Cube/Repository/Packs/STMicroelectronics/X-CUBE-AI/9.0.0/Middlewares/ST/AI/Lib/GCC/ARMCortexM4/NetworkRuntime900_CM4_GCC.a(layers_nl_generic_float.o)
 .ARM.attributes
                0x00000297       0x30 /home/docker/STM32Cube/Repository/Packs/STMicroelectronics/X-CUBE-AI/9.0.0/Middlewares/ST/AI/Lib/GCC/ARMCortexM4/NetworkRuntime900_CM4_GCC.a(layers_pool_generic_float.o)
 .ARM.attributes
                0x000002c7       0x30 /home/docker/STM32Cube/Repository/Packs/STMicroelectronics/X-CUBE-AI/9.0.0/Middlewares/ST/AI/Lib/GCC/ARMCortexM4/NetworkRuntime900_CM4_GCC.a(layers_rnn_generic_float.o)
 .ARM.attributes
                0x000002f7       0x30 /home/docker/STM32Cube/Repository/Packs/STMicroelectronics/X-CUBE-AI/9.0.0/Middlewares/ST/AI/Lib/GCC/ARMCortexM4/NetworkRuntime900_CM4_GCC.a(lite_nl_relu_if32of32.o)
 .ARM.attributes
                0x00000327       0x30 /home/docker/STM32Cube/Repository/Packs/STMicroelectronics/X-CUBE-AI/9.0.0/Middlewares/ST/AI/Lib/GCC/ARMCortexM4/NetworkRuntime900_CM4_GCC.a(lite_dense_if32.o)
 .ARM.attributes
                0x00000357       0x30 /home/docker/STM32Cube/Repository/Packs/STMicroelectronics/X-CUBE-AI/9.0.0/Middlewares/ST/AI/Lib/GCC/ARMCortexM4/NetworkRuntime900_CM4_GCC.a(st_int8_fill.o)
 .ARM.attributes
                0x00000387       0x30 /home/docker/STM32Cube/Repository/Packs/STMicroelectronics/X-CUBE-AI/9.0.0/Middlewares/ST/AI/Lib/GCC/ARMCortexM4/NetworkRuntime900_CM4_GCC.a(ai_datatypes_format.o)
 .ARM.attributes
                0x000003b7       0x30 /home/docker/STM32Cube/Repository/Packs/STMicroelectronics/X-CUBE-AI/9.0.0/Middlewares/ST/AI/Lib/GCC/ARMCortexM4/NetworkRuntime900_CM4_GCC.a(ai_datatypes_internal.o)
 .ARM.attributes
                0x000003e7       0x34 /opt/st/stm32cubeide_1.15.0/plugins/com.st.stm32cube.ide.mcu.externaltools.gnu-tools-for-stm32.12.3.rel1.linux64_1.0.100.202403111256/tools/bin/../lib/gcc/arm-none-eabi/12.3.1/../../../../arm-none-eabi/lib/thumb/v7e-m+fp/hard/libc_nano.a(libc_a-findfp.o)
 .ARM.attributes
                0x0000041b       0x34 /opt/st/stm32cubeide_1.15.0/plugins/com.st.stm32cube.ide.mcu.externaltools.gnu-tools-for-stm32.12.3.rel1.linux64_1.0.100.202403111256/tools/bin/../lib/gcc/arm-none-eabi/12.3.1/../../../../arm-none-eabi/lib/thumb/v7e-m+fp/hard/libc_nano.a(libc_a-memset.o)
 .ARM.attributes
                0x0000044f       0x34 /opt/st/stm32cubeide_1.15.0/plugins/com.st.stm32cube.ide.mcu.externaltools.gnu-tools-for-stm32.12.3.rel1.linux64_1.0.100.202403111256/tools/bin/../lib/gcc/arm-none-eabi/12.3.1/../../../../arm-none-eabi/lib/thumb/v7e-m+fp/hard/libc_nano.a(libc_a-impure.o)
 .ARM.attributes
                0x00000483       0x34 /opt/st/stm32cubeide_1.15.0/plugins/com.st.stm32cube.ide.mcu.externaltools.gnu-tools-for-stm32.12.3.rel1.linux64_1.0.100.202403111256/tools/bin/../lib/gcc/arm-none-eabi/12.3.1/../../../../arm-none-eabi/lib/thumb/v7e-m+fp/hard/libc_nano.a(libc_a-errno.o)
 .ARM.attributes
                0x000004b7       0x34 /opt/st/stm32cubeide_1.15.0/plugins/com.st.stm32cube.ide.mcu.externaltools.gnu-tools-for-stm32.12.3.rel1.linux64_1.0.100.202403111256/tools/bin/../lib/gcc/arm-none-eabi/12.3.1/../../../../arm-none-eabi/lib/thumb/v7e-m+fp/hard/libc_nano.a(libc_a-init.o)
 .ARM.attributes
                0x000004eb       0x22 /opt/st/stm32cubeide_1.15.0/plugins/com.st.stm32cube.ide.mcu.externaltools.gnu-tools-for-stm32.12.3.rel1.linux64_1.0.100.202403111256/tools/bin/../lib/gcc/arm-none-eabi/12.3.1/thumb/v7e-m+fp/hard/crtn.o
 .ARM.attributes
                0x0000050d       0x34 /opt/st/stm32cubeide_1.15.0/plugins/com.st.stm32cube.ide.mcu.externaltools.gnu-tools-for-stm32.12.3.rel1.linux64_1.0.100.202403111256/tools/bin/../lib/gcc/arm-none-eabi/12.3.1/../../../../arm-none-eabi/lib/thumb/v7e-m+fp/hard/libm.a(libm_a-wf_exp.o)
 .ARM.attributes
                0x00000541       0x34 /opt/st/stm32cubeide_1.15.0/plugins/com.st.stm32cube.ide.mcu.externaltools.gnu-tools-for-stm32.12.3.rel1.linux64_1.0.100.202403111256/tools/bin/../lib/gcc/arm-none-eabi/12.3.1/../../../../arm-none-eabi/lib/thumb/v7e-m+fp/hard/libm.a(libm_a-sf_fabs.o)
 .ARM.attributes
                0x00000575       0x34 /opt/st/stm32cubeide_1.15.0/plugins/com.st.stm32cube.ide.mcu.externaltools.gnu-tools-for-stm32.12.3.rel1.linux64_1.0.100.202403111256/tools/bin/../lib/gcc/arm-none-eabi/12.3.1/../../../../arm-none-eabi/lib/thumb/v7e-m+fp/hard/libm.a(libm_a-sf_tanh.o)
 .ARM.attributes
                0x000005a9       0x34 /opt/st/stm32cubeide_1.15.0/plugins/com.st.stm32cube.ide.mcu.externaltools.gnu-tools-for-stm32.12.3.rel1.linux64_1.0.100.202403111256/tools/bin/../lib/gcc/arm-none-eabi/12.3.1/../../../../arm-none-eabi/lib/thumb/v7e-m+fp/hard/libm.a(libm_a-sf_finite.o)
 .ARM.attributes
                0x000005dd       0x34 /opt/st/stm32cubeide_1.15.0/plugins/com.st.stm32cube.ide.mcu.externaltools.gnu-tools-for-stm32.12.3.rel1.linux64_1.0.100.202403111256/tools/bin/../lib/gcc/arm-none-eabi/12.3.1/../../../../arm-none-eabi/lib/thumb/v7e-m+fp/hard/libm.a(libm_a-sf_expm1.o)
 .ARM.attributes
                0x00000611       0x34 /opt/st/stm32cubeide_1.15.0/plugins/com.st.stm32cube.ide.mcu.externaltools.gnu-tools-for-stm32.12.3.rel1.linux64_1.0.100.202403111256/tools/bin/../lib/gcc/arm-none-eabi/12.3.1/../../../../arm-none-eabi/lib/thumb/v7e-m+fp/hard/libm.a(libm_a-math_errf.o)
 .ARM.attributes
                0x00000645       0x34 /opt/st/stm32cubeide_1.15.0/plugins/com.st.stm32cube.ide.mcu.externaltools.gnu-tools-for-stm32.12.3.rel1.linux64_1.0.100.202403111256/tools/bin/../lib/gcc/arm-none-eabi/12.3.1/../../../../arm-none-eabi/lib/thumb/v7e-m+fp/hard/libm.a(libm_a-ef_exp.o)
OUTPUT(network.elf elf32-littlearm)
LOAD linker stubs
LOAD /opt/st/stm32cubeide_1.15.0/plugins/com.st.stm32cube.ide.mcu.externaltools.gnu-tools-for-stm32.12.3.rel1.linux64_1.0.100.202403111256/tools/bin/../lib/gcc/arm-none-eabi/12.3.1/../../../../arm-none-eabi/lib/thumb/v7e-m+fp/hard/libc.a
LOAD /opt/st/stm32cubeide_1.15.0/plugins/com.st.stm32cube.ide.mcu.externaltools.gnu-tools-for-stm32.12.3.rel1.linux64_1.0.100.202403111256/tools/bin/../lib/gcc/arm-none-eabi/12.3.1/../../../../arm-none-eabi/lib/thumb/v7e-m+fp/hard/libm.a
LOAD /opt/st/stm32cubeide_1.15.0/plugins/com.st.stm32cube.ide.mcu.externaltools.gnu-tools-for-stm32.12.3.rel1.linux64_1.0.100.202403111256/tools/bin/../lib/gcc/arm-none-eabi/12.3.1/thumb/v7e-m+fp/hard/libgcc.a

.debug_info     0x00000000     0x3358
 .debug_info    0x00000000      0x15c network_data_params.o
 .debug_info    0x0000015c      0x59a stm32_app_main.o
 .debug_info    0x000006f6      0x68d network_data.o
 .debug_info    0x00000d83       0x32 startup_stm32xx.o
 .debug_info    0x00000db5     0x25a3 network.o

.debug_abbrev   0x00000000      0x8eb
 .debug_abbrev  0x00000000       0xb7 network_data_params.o
 .debug_abbrev  0x000000b7      0x1e1 stm32_app_main.o
 .debug_abbrev  0x00000298      0x206 network_data.o
 .debug_abbrev  0x0000049e       0x24 startup_stm32xx.o
 .debug_abbrev  0x000004c2      0x429 network.o

.debug_aranges  0x00000000      0x128
 .debug_aranges
                0x00000000       0x18 network_data_params.o
 .debug_aranges
                0x00000018       0x40 stm32_app_main.o
 .debug_aranges
                0x00000058       0x38 network_data.o
 .debug_aranges
                0x00000090       0x28 startup_stm32xx.o
 .debug_aranges
                0x000000b8       0x70 network.o

.debug_macro    0x00000000     0x3dcf
 .debug_macro   0x00000000       0xf0 network_data_params.o
 .debug_macro   0x000000f0      0xa9c network_data_params.o
 .debug_macro   0x00000b8c       0x22 network_data_params.o
 .debug_macro   0x00000bae       0x8e network_data_params.o
 .debug_macro   0x00000c3c       0x51 network_data_params.o
 .debug_macro   0x00000c8d      0x103 network_data_params.o
 .debug_macro   0x00000d90       0x6a network_data_params.o
 .debug_macro   0x00000dfa      0x1df network_data_params.o
 .debug_macro   0x00000fd9      0x189 network_data_params.o
 .debug_macro   0x00001162       0x74 network_data_params.o
 .debug_macro   0x000011d6       0x2a network_data_params.o
 .debug_macro   0x00001200       0x3c network_data_params.o
 .debug_macro   0x0000123c       0x3a network_data_params.o
 .debug_macro   0x00001276       0x35 network_data_params.o
 .debug_macro   0x000012ab      0x4cc network_data_params.o
 .debug_macro   0x00001777       0x46 network_data_params.o
 .debug_macro   0x000017bd       0x22 network_data_params.o
 .debug_macro   0x000017df      0x32e network_data_params.o
 .debug_macro   0x00001b0d       0x46 network_data_params.o
 .debug_macro   0x00001b53      0x1fd stm32_app_main.o
 .debug_macro   0x00001d50       0x6e stm32_app_main.o
 .debug_macro   0x00001dbe       0x94 stm32_app_main.o
 .debug_macro   0x00001e52       0x34 stm32_app_main.o
 .debug_macro   0x00001e86       0x16 stm32_app_main.o
 .debug_macro   0x00001e9c       0x57 stm32_app_main.o
 .debug_macro   0x00001ef3       0x9e stm32_app_main.o
 .debug_macro   0x00001f91      0x369 stm32_app_main.o
 .debug_macro   0x000022fa      0x10b stm32_app_main.o
 .debug_macro   0x00002405       0x10 stm32_app_main.o
 .debug_macro   0x00002415       0x16 stm32_app_main.o
 .debug_macro   0x0000242b       0x43 stm32_app_main.o
 .debug_macro   0x0000246e       0x34 stm32_app_main.o
 .debug_macro   0x000024a2       0x10 stm32_app_main.o
 .debug_macro   0x000024b2       0x58 stm32_app_main.o
 .debug_macro   0x0000250a      0x1de stm32_app_main.o
 .debug_macro   0x000026e8       0x16 stm32_app_main.o
 .debug_macro   0x000026fe       0x16 stm32_app_main.o
 .debug_macro   0x00002714      0x170 stm32_app_main.o
 .debug_macro   0x00002884       0x16 stm32_app_main.o
 .debug_macro   0x0000289a       0x16 stm32_app_main.o
 .debug_macro   0x000028b0       0x29 stm32_app_main.o
 .debug_macro   0x000028d9       0x16 stm32_app_main.o
 .debug_macro   0x000028ef       0x20 stm32_app_main.o
 .debug_macro   0x0000290f       0x7c stm32_app_main.o
 .debug_macro   0x0000298b       0x10 stm32_app_main.o
 .debug_macro   0x0000299b       0x22 stm32_app_main.o
 .debug_macro   0x000029bd       0x8e stm32_app_main.o
 .debug_macro   0x00002a4b       0x4c stm32_app_main.o
 .debug_macro   0x00002a97       0x10 stm32_app_main.o
 .debug_macro   0x00002aa7      0x1fc network_data.o
 .debug_macro   0x00002ca3       0x16 network_data.o
 .debug_macro   0x00002cb9       0x10 network_data.o
 .debug_macro   0x00002cc9       0x22 network_data.o
 .debug_macro   0x00002ceb       0x10 network_data.o
 .debug_macro   0x00002cfb       0xc7 network_data.o
 .debug_macro   0x00002dc2      0x229 network_data.o
 .debug_macro   0x00002feb       0x2e network_data.o
 .debug_macro   0x00003019       0xbc network_data.o
 .debug_macro   0x000030d5      0x1e7 network_data.o
 .debug_macro   0x000032bc      0x457 network.o
 .debug_macro   0x00003713      0x19b network.o
 .debug_macro   0x000038ae      0x1f5 network.o
 .debug_macro   0x00003aa3       0x42 network.o
 .debug_macro   0x00003ae5       0x34 network.o
 .debug_macro   0x00003b19       0xeb network.o
 .debug_macro   0x00003c04       0x16 network.o
 .debug_macro   0x00003c1a       0x4d network.o
 .debug_macro   0x00003c67       0x25 network.o
 .debug_macro   0x00003c8c       0x12 network.o
 .debug_macro   0x00003c9e       0x16 network.o
 .debug_macro   0x00003cb4       0x7c network.o
 .debug_macro   0x00003d30       0x22 network.o
 .debug_macro   0x00003d52       0x10 network.o
 .debug_macro   0x00003d62       0x11 network.o
 .debug_macro   0x00003d73       0x2e network.o
 .debug_macro   0x00003da1       0x2e network.o

.debug_line     0x00000000     0x211f
 .debug_line    0x00000000      0x47d network_data_params.o
 .debug_line    0x0000047d      0x695 stm32_app_main.o
 .debug_line    0x00000b12      0x64e network_data.o
 .debug_line    0x00001160       0xed startup_stm32xx.o
 .debug_line    0x0000124d      0xed2 network.o

.debug_str      0x00000000    0x1428c
 .debug_str     0x00000000     0x789d network_data_params.o
                               0x7b4d (size before relaxing)
 .debug_str     0x0000789d     0x378e stm32_app_main.o
                               0xb250 (size before relaxing)
 .debug_str     0x0000b02b     0x4268 network_data.o
                               0xe8d5 (size before relaxing)
 .debug_str     0x0000f293       0xab startup_stm32xx.o
                                 0xff (size before relaxing)
 .debug_str     0x0000f33e     0x4f4e network.o
                              0x13bc6 (size before relaxing)

.comment        0x00000000       0x86
 .comment       0x00000000       0x43 network_data_params.o
                                 0x44 (size before relaxing)
 .comment       0x00000043       0x44 stm32_app_main.o
 .comment       0x00000043       0x44 network_data.o
 .comment       0x00000043       0x44 network.o
 .comment       0x00000043       0x43 /home/docker/STM32Cube/Repository/Packs/STMicroelectronics/X-CUBE-AI/9.0.0/Middlewares/ST/AI/Lib/GCC/ARMCortexM4/NetworkRuntime900_CM4_GCC.a(ai_platform.o)
                                 0x44 (size before relaxing)
 .comment       0x00000086       0x44 /home/docker/STM32Cube/Repository/Packs/STMicroelectronics/X-CUBE-AI/9.0.0/Middlewares/ST/AI/Lib/GCC/ARMCortexM4/NetworkRuntime900_CM4_GCC.a(ai_platform_interface.o)
 .comment       0x00000086       0x44 /home/docker/STM32Cube/Repository/Packs/STMicroelectronics/X-CUBE-AI/9.0.0/Middlewares/ST/AI/Lib/GCC/ARMCortexM4/NetworkRuntime900_CM4_GCC.a(core_common.o)
 .comment       0x00000086       0x44 /home/docker/STM32Cube/Repository/Packs/STMicroelectronics/X-CUBE-AI/9.0.0/Middlewares/ST/AI/Lib/GCC/ARMCortexM4/NetworkRuntime900_CM4_GCC.a(layers.o)
 .comment       0x00000086       0x44 /home/docker/STM32Cube/Repository/Packs/STMicroelectronics/X-CUBE-AI/9.0.0/Middlewares/ST/AI/Lib/GCC/ARMCortexM4/NetworkRuntime900_CM4_GCC.a(layers_conv2d_generic_float.o)
 .comment       0x00000086       0x44 /home/docker/STM32Cube/Repository/Packs/STMicroelectronics/X-CUBE-AI/9.0.0/Middlewares/ST/AI/Lib/GCC/ARMCortexM4/NetworkRuntime900_CM4_GCC.a(layers_generic_float.o)
 .comment       0x00000086       0x44 /home/docker/STM32Cube/Repository/Packs/STMicroelectronics/X-CUBE-AI/9.0.0/Middlewares/ST/AI/Lib/GCC/ARMCortexM4/NetworkRuntime900_CM4_GCC.a(layers_nl_generic_float.o)
 .comment       0x00000086       0x44 /home/docker/STM32Cube/Repository/Packs/STMicroelectronics/X-CUBE-AI/9.0.0/Middlewares/ST/AI/Lib/GCC/ARMCortexM4/NetworkRuntime900_CM4_GCC.a(layers_pool_generic_float.o)
 .comment       0x00000086       0x44 /home/docker/STM32Cube/Repository/Packs/STMicroelectronics/X-CUBE-AI/9.0.0/Middlewares/ST/AI/Lib/GCC/ARMCortexM4/NetworkRuntime900_CM4_GCC.a(layers_rnn_generic_float.o)
 .comment       0x00000086       0x44 /home/docker/STM32Cube/Repository/Packs/STMicroelectronics/X-CUBE-AI/9.0.0/Middlewares/ST/AI/Lib/GCC/ARMCortexM4/NetworkRuntime900_CM4_GCC.a(lite_nl_relu_if32of32.o)
 .comment       0x00000086       0x44 /home/docker/STM32Cube/Repository/Packs/STMicroelectronics/X-CUBE-AI/9.0.0/Middlewares/ST/AI/Lib/GCC/ARMCortexM4/NetworkRuntime900_CM4_GCC.a(lite_dense_if32.o)
 .comment       0x00000086       0x44 /home/docker/STM32Cube/Repository/Packs/STMicroelectronics/X-CUBE-AI/9.0.0/Middlewares/ST/AI/Lib/GCC/ARMCortexM4/NetworkRuntime900_CM4_GCC.a(st_int8_fill.o)
 .comment       0x00000086       0x44 /home/docker/STM32Cube/Repository/Packs/STMicroelectronics/X-CUBE-AI/9.0.0/Middlewares/ST/AI/Lib/GCC/ARMCortexM4/NetworkRuntime900_CM4_GCC.a(ai_datatypes_format.o)
 .comment       0x00000086       0x44 /home/docker/STM32Cube/Repository/Packs/STMicroelectronics/X-CUBE-AI/9.0.0/Middlewares/ST/AI/Lib/GCC/ARMCortexM4/NetworkRuntime900_CM4_GCC.a(ai_datatypes_internal.o)

.debug_ranges   0x00000000      0x130
 .debug_ranges  0x00000000       0x30 stm32_app_main.o
 .debug_ranges  0x00000030       0x28 network_data.o
 .debug_ranges  0x00000058       0x20 startup_stm32xx.o
 .debug_ranges  0x00000078       0xb8 network.o

.debug_frame    0x00000000      0x580
 .debug_frame   0x00000000       0x80 stm32_app_main.o
 .debug_frame   0x00000080       0x84 network_data.o
 .debug_frame   0x00000104      0x148 network.o
 .debug_frame   0x0000024c      0x144 /opt/st/stm32cubeide_1.15.0/plugins/com.st.stm32cube.ide.mcu.externaltools.gnu-tools-for-stm32.12.3.rel1.linux64_1.0.100.202403111256/tools/bin/../lib/gcc/arm-none-eabi/12.3.1/../../../../arm-none-eabi/lib/thumb/v7e-m+fp/hard/libc_nano.a(libc_a-findfp.o)
 .debug_frame   0x00000390       0x20 /opt/st/stm32cubeide_1.15.0/plugins/com.st.stm32cube.ide.mcu.externaltools.gnu-tools-for-stm32.12.3.rel1.linux64_1.0.100.202403111256/tools/bin/../lib/gcc/arm-none-eabi/12.3.1/../../../../arm-none-eabi/lib/thumb/v7e-m+fp/hard/libc_nano.a(libc_a-memset.o)
 .debug_frame   0x000003b0       0x20 /opt/st/stm32cubeide_1.15.0/plugins/com.st.stm32cube.ide.mcu.externaltools.gnu-tools-for-stm32.12.3.rel1.linux64_1.0.100.202403111256/tools/bin/../lib/gcc/arm-none-eabi/12.3.1/../../../../arm-none-eabi/lib/thumb/v7e-m+fp/hard/libc_nano.a(libc_a-errno.o)
 .debug_frame   0x000003d0       0x2c /opt/st/stm32cubeide_1.15.0/plugins/com.st.stm32cube.ide.mcu.externaltools.gnu-tools-for-stm32.12.3.rel1.linux64_1.0.100.202403111256/tools/bin/../lib/gcc/arm-none-eabi/12.3.1/../../../../arm-none-eabi/lib/thumb/v7e-m+fp/hard/libc_nano.a(libc_a-init.o)
 .debug_frame   0x000003fc       0x3c /opt/st/stm32cubeide_1.15.0/plugins/com.st.stm32cube.ide.mcu.externaltools.gnu-tools-for-stm32.12.3.rel1.linux64_1.0.100.202403111256/tools/bin/../lib/gcc/arm-none-eabi/12.3.1/../../../../arm-none-eabi/lib/thumb/v7e-m+fp/hard/libm.a(libm_a-wf_exp.o)
 .debug_frame   0x00000438       0x20 /opt/st/stm32cubeide_1.15.0/plugins/com.st.stm32cube.ide.mcu.externaltools.gnu-tools-for-stm32.12.3.rel1.linux64_1.0.100.202403111256/tools/bin/../lib/gcc/arm-none-eabi/12.3.1/../../../../arm-none-eabi/lib/thumb/v7e-m+fp/hard/libm.a(libm_a-sf_fabs.o)
 .debug_frame   0x00000458       0x40 /opt/st/stm32cubeide_1.15.0/plugins/com.st.stm32cube.ide.mcu.externaltools.gnu-tools-for-stm32.12.3.rel1.linux64_1.0.100.202403111256/tools/bin/../lib/gcc/arm-none-eabi/12.3.1/../../../../arm-none-eabi/lib/thumb/v7e-m+fp/hard/libm.a(libm_a-sf_tanh.o)
 .debug_frame   0x00000498       0x20 /opt/st/stm32cubeide_1.15.0/plugins/com.st.stm32cube.ide.mcu.externaltools.gnu-tools-for-stm32.12.3.rel1.linux64_1.0.100.202403111256/tools/bin/../lib/gcc/arm-none-eabi/12.3.1/../../../../arm-none-eabi/lib/thumb/v7e-m+fp/hard/libm.a(libm_a-sf_finite.o)
 .debug_frame   0x000004b8       0x20 /opt/st/stm32cubeide_1.15.0/plugins/com.st.stm32cube.ide.mcu.externaltools.gnu-tools-for-stm32.12.3.rel1.linux64_1.0.100.202403111256/tools/bin/../lib/gcc/arm-none-eabi/12.3.1/../../../../arm-none-eabi/lib/thumb/v7e-m+fp/hard/libm.a(libm_a-sf_expm1.o)
 .debug_frame   0x000004d8       0x88 /opt/st/stm32cubeide_1.15.0/plugins/com.st.stm32cube.ide.mcu.externaltools.gnu-tools-for-stm32.12.3.rel1.linux64_1.0.100.202403111256/tools/bin/../lib/gcc/arm-none-eabi/12.3.1/../../../../arm-none-eabi/lib/thumb/v7e-m+fp/hard/libm.a(libm_a-math_errf.o)
 .debug_frame   0x00000560       0x20 /opt/st/stm32cubeide_1.15.0/plugins/com.st.stm32cube.ide.mcu.externaltools.gnu-tools-for-stm32.12.3.rel1.linux64_1.0.100.202403111256/tools/bin/../lib/gcc/arm-none-eabi/12.3.1/../../../../arm-none-eabi/lib/thumb/v7e-m+fp/hard/libm.a(libm_a-ef_exp.o)

.debug_loc      0x00000000      0x8b1
 .debug_loc     0x00000000      0x139 network_data.o
 .debug_loc     0x00000139      0x778 network.o

Cross Reference Table

Symbol                                            File
ActivationValFloat                                /home/docker/STM32Cube/Repository/Packs/STMicroelectronics/X-CUBE-AI/9.0.0/Middlewares/ST/AI/Lib/GCC/ARMCortexM4/NetworkRuntime900_CM4_GCC.a(layers_generic_float.o)
ApplyTimeWeightBiasAndActivation                  /home/docker/STM32Cube/Repository/Packs/STMicroelectronics/X-CUBE-AI/9.0.0/Middlewares/ST/AI/Lib/GCC/ARMCortexM4/NetworkRuntime900_CM4_GCC.a(layers_generic_float.o)
BusFault_Handler                                  startup_stm32xx.o
DebugMon_Handler                                  startup_stm32xx.o
Default_Handler                                   startup_stm32xx.o
HardFault_Handler                                 startup_stm32xx.o
MemManage_Handler                                 startup_stm32xx.o
NMI_Handler                                       startup_stm32xx.o
PendSV_Handler                                    startup_stm32xx.o
Reset_Handler                                     startup_stm32xx.o
SVC_Handler                                       startup_stm32xx.o
SysTick_Handler                                   startup_stm32xx.o
SystemInit                                        stm32_app_main.o
                                                  startup_stm32xx.o
UsageFault_Handler                                startup_stm32xx.o
_Min_Stack_Size                                   sysmem.o
__adddf3                                          /opt/st/stm32cubeide_1.15.0/plugins/com.st.stm32cube.ide.mcu.externaltools.gnu-tools-for-stm32.12.3.rel1.linux64_1.0.100.202403111256/tools/bin/../lib/gcc/arm-none-eabi/12.3.1/thumb/v7e-m+fp/hard/libgcc.a(_arm_addsubdf3.o)
__aeabi_cdcmpeq                                   /opt/st/stm32cubeide_1.15.0/plugins/com.st.stm32cube.ide.mcu.externaltools.gnu-tools-for-stm32.12.3.rel1.linux64_1.0.100.202403111256/tools/bin/../lib/gcc/arm-none-eabi/12.3.1/thumb/v7e-m+fp/hard/libgcc.a(_arm_cmpdf2.o)
__aeabi_cdcmple                                   /opt/st/stm32cubeide_1.15.0/plugins/com.st.stm32cube.ide.mcu.externaltools.gnu-tools-for-stm32.12.3.rel1.linux64_1.0.100.202403111256/tools/bin/../lib/gcc/arm-none-eabi/12.3.1/thumb/v7e-m+fp/hard/libgcc.a(_arm_cmpdf2.o)
__aeabi_cdrcmple                                  /opt/st/stm32cubeide_1.15.0/plugins/com.st.stm32cube.ide.mcu.externaltools.gnu-tools-for-stm32.12.3.rel1.linux64_1.0.100.202403111256/tools/bin/../lib/gcc/arm-none-eabi/12.3.1/thumb/v7e-m+fp/hard/libgcc.a(_arm_cmpdf2.o)
__aeabi_d2f                                       /opt/st/stm32cubeide_1.15.0/plugins/com.st.stm32cube.ide.mcu.externaltools.gnu-tools-for-stm32.12.3.rel1.linux64_1.0.100.202403111256/tools/bin/../lib/gcc/arm-none-eabi/12.3.1/thumb/v7e-m+fp/hard/libgcc.a(_arm_truncdfsf2.o)
                                                  /opt/st/stm32cubeide_1.15.0/plugins/com.st.stm32cube.ide.mcu.externaltools.gnu-tools-for-stm32.12.3.rel1.linux64_1.0.100.202403111256/tools/bin/../lib/gcc/arm-none-eabi/12.3.1/../../../../arm-none-eabi/lib/thumb/v7e-m+fp/hard/libm.a(libm_a-sf_erf.o)
__aeabi_d2uiz                                     /opt/st/stm32cubeide_1.15.0/plugins/com.st.stm32cube.ide.mcu.externaltools.gnu-tools-for-stm32.12.3.rel1.linux64_1.0.100.202403111256/tools/bin/../lib/gcc/arm-none-eabi/12.3.1/thumb/v7e-m+fp/hard/libgcc.a(_arm_fixunsdfsi.o)
                                                  /opt/st/stm32cubeide_1.15.0/plugins/com.st.stm32cube.ide.mcu.externaltools.gnu-tools-for-stm32.12.3.rel1.linux64_1.0.100.202403111256/tools/bin/../lib/gcc/arm-none-eabi/12.3.1/thumb/v7e-m+fp/hard/libgcc.a(_fixunssfdi.o)
__aeabi_dadd                                      /opt/st/stm32cubeide_1.15.0/plugins/com.st.stm32cube.ide.mcu.externaltools.gnu-tools-for-stm32.12.3.rel1.linux64_1.0.100.202403111256/tools/bin/../lib/gcc/arm-none-eabi/12.3.1/thumb/v7e-m+fp/hard/libgcc.a(_arm_addsubdf3.o)
__aeabi_dcmpeq                                    /opt/st/stm32cubeide_1.15.0/plugins/com.st.stm32cube.ide.mcu.externaltools.gnu-tools-for-stm32.12.3.rel1.linux64_1.0.100.202403111256/tools/bin/../lib/gcc/arm-none-eabi/12.3.1/thumb/v7e-m+fp/hard/libgcc.a(_arm_cmpdf2.o)
                                                  /opt/st/stm32cubeide_1.15.0/plugins/com.st.stm32cube.ide.mcu.externaltools.gnu-tools-for-stm32.12.3.rel1.linux64_1.0.100.202403111256/tools/bin/../lib/gcc/arm-none-eabi/12.3.1/../../../../arm-none-eabi/lib/thumb/v7e-m+fp/hard/libm.a(libm_a-math_err.o)
__aeabi_dcmpge                                    /opt/st/stm32cubeide_1.15.0/plugins/com.st.stm32cube.ide.mcu.externaltools.gnu-tools-for-stm32.12.3.rel1.linux64_1.0.100.202403111256/tools/bin/../lib/gcc/arm-none-eabi/12.3.1/thumb/v7e-m+fp/hard/libgcc.a(_arm_cmpdf2.o)
__aeabi_dcmpgt                                    /opt/st/stm32cubeide_1.15.0/plugins/com.st.stm32cube.ide.mcu.externaltools.gnu-tools-for-stm32.12.3.rel1.linux64_1.0.100.202403111256/tools/bin/../lib/gcc/arm-none-eabi/12.3.1/thumb/v7e-m+fp/hard/libgcc.a(_arm_cmpdf2.o)
__aeabi_dcmple                                    /opt/st/stm32cubeide_1.15.0/plugins/com.st.stm32cube.ide.mcu.externaltools.gnu-tools-for-stm32.12.3.rel1.linux64_1.0.100.202403111256/tools/bin/../lib/gcc/arm-none-eabi/12.3.1/thumb/v7e-m+fp/hard/libgcc.a(_arm_cmpdf2.o)
                                                  /opt/st/stm32cubeide_1.15.0/plugins/com.st.stm32cube.ide.mcu.externaltools.gnu-tools-for-stm32.12.3.rel1.linux64_1.0.100.202403111256/tools/bin/../lib/gcc/arm-none-eabi/12.3.1/../../../../arm-none-eabi/lib/thumb/v7e-m+fp/hard/libm.a(libm_a-math_err.o)
__aeabi_dcmplt                                    /opt/st/stm32cubeide_1.15.0/plugins/com.st.stm32cube.ide.mcu.externaltools.gnu-tools-for-stm32.12.3.rel1.linux64_1.0.100.202403111256/tools/bin/../lib/gcc/arm-none-eabi/12.3.1/thumb/v7e-m+fp/hard/libgcc.a(_arm_cmpdf2.o)
__aeabi_dcmpun                                    /opt/st/stm32cubeide_1.15.0/plugins/com.st.stm32cube.ide.mcu.externaltools.gnu-tools-for-stm32.12.3.rel1.linux64_1.0.100.202403111256/tools/bin/../lib/gcc/arm-none-eabi/12.3.1/thumb/v7e-m+fp/hard/libgcc.a(_arm_unorddf2.o)
                                                  /opt/st/stm32cubeide_1.15.0/plugins/com.st.stm32cube.ide.mcu.externaltools.gnu-tools-for-stm32.12.3.rel1.linux64_1.0.100.202403111256/tools/bin/../lib/gcc/arm-none-eabi/12.3.1/../../../../arm-none-eabi/lib/thumb/v7e-m+fp/hard/libm.a(libm_a-math_err.o)
__aeabi_ddiv                                      /opt/st/stm32cubeide_1.15.0/plugins/com.st.stm32cube.ide.mcu.externaltools.gnu-tools-for-stm32.12.3.rel1.linux64_1.0.100.202403111256/tools/bin/../lib/gcc/arm-none-eabi/12.3.1/thumb/v7e-m+fp/hard/libgcc.a(_arm_muldivdf3.o)
                                                  /opt/st/stm32cubeide_1.15.0/plugins/com.st.stm32cube.ide.mcu.externaltools.gnu-tools-for-stm32.12.3.rel1.linux64_1.0.100.202403111256/tools/bin/../lib/gcc/arm-none-eabi/12.3.1/../../../../arm-none-eabi/lib/thumb/v7e-m+fp/hard/libm.a(libm_a-math_err.o)
__aeabi_dmul                                      /opt/st/stm32cubeide_1.15.0/plugins/com.st.stm32cube.ide.mcu.externaltools.gnu-tools-for-stm32.12.3.rel1.linux64_1.0.100.202403111256/tools/bin/../lib/gcc/arm-none-eabi/12.3.1/thumb/v7e-m+fp/hard/libgcc.a(_arm_muldivdf3.o)
                                                  /opt/st/stm32cubeide_1.15.0/plugins/com.st.stm32cube.ide.mcu.externaltools.gnu-tools-for-stm32.12.3.rel1.linux64_1.0.100.202403111256/tools/bin/../lib/gcc/arm-none-eabi/12.3.1/thumb/v7e-m+fp/hard/libgcc.a(_arm_muldf3.o)
                                                  /opt/st/stm32cubeide_1.15.0/plugins/com.st.stm32cube.ide.mcu.externaltools.gnu-tools-for-stm32.12.3.rel1.linux64_1.0.100.202403111256/tools/bin/../lib/gcc/arm-none-eabi/12.3.1/../../../../arm-none-eabi/lib/thumb/v7e-m+fp/hard/libm.a(libm_a-math_err.o)
                                                  /opt/st/stm32cubeide_1.15.0/plugins/com.st.stm32cube.ide.mcu.externaltools.gnu-tools-for-stm32.12.3.rel1.linux64_1.0.100.202403111256/tools/bin/../lib/gcc/arm-none-eabi/12.3.1/thumb/v7e-m+fp/hard/libgcc.a(_fixunssfdi.o)
__aeabi_drsub                                     /opt/st/stm32cubeide_1.15.0/plugins/com.st.stm32cube.ide.mcu.externaltools.gnu-tools-for-stm32.12.3.rel1.linux64_1.0.100.202403111256/tools/bin/../lib/gcc/arm-none-eabi/12.3.1/thumb/v7e-m+fp/hard/libgcc.a(_arm_addsubdf3.o)
__aeabi_dsub                                      /opt/st/stm32cubeide_1.15.0/plugins/com.st.stm32cube.ide.mcu.externaltools.gnu-tools-for-stm32.12.3.rel1.linux64_1.0.100.202403111256/tools/bin/../lib/gcc/arm-none-eabi/12.3.1/thumb/v7e-m+fp/hard/libgcc.a(_arm_addsubdf3.o)
                                                  /opt/st/stm32cubeide_1.15.0/plugins/com.st.stm32cube.ide.mcu.externaltools.gnu-tools-for-stm32.12.3.rel1.linux64_1.0.100.202403111256/tools/bin/../lib/gcc/arm-none-eabi/12.3.1/../../../../arm-none-eabi/lib/thumb/v7e-m+fp/hard/libm.a(libm_a-math_err.o)
                                                  /opt/st/stm32cubeide_1.15.0/plugins/com.st.stm32cube.ide.mcu.externaltools.gnu-tools-for-stm32.12.3.rel1.linux64_1.0.100.202403111256/tools/bin/../lib/gcc/arm-none-eabi/12.3.1/thumb/v7e-m+fp/hard/libgcc.a(_fixunssfdi.o)
__aeabi_f2d                                       /opt/st/stm32cubeide_1.15.0/plugins/com.st.stm32cube.ide.mcu.externaltools.gnu-tools-for-stm32.12.3.rel1.linux64_1.0.100.202403111256/tools/bin/../lib/gcc/arm-none-eabi/12.3.1/thumb/v7e-m+fp/hard/libgcc.a(_arm_addsubdf3.o)
                                                  /opt/st/stm32cubeide_1.15.0/plugins/com.st.stm32cube.ide.mcu.externaltools.gnu-tools-for-stm32.12.3.rel1.linux64_1.0.100.202403111256/tools/bin/../lib/gcc/arm-none-eabi/12.3.1/thumb/v7e-m+fp/hard/libgcc.a(_fixunssfdi.o)
__aeabi_f2lz                                      /opt/st/stm32cubeide_1.15.0/plugins/com.st.stm32cube.ide.mcu.externaltools.gnu-tools-for-stm32.12.3.rel1.linux64_1.0.100.202403111256/tools/bin/../lib/gcc/arm-none-eabi/12.3.1/thumb/v7e-m+fp/hard/libgcc.a(_fixsfdi.o)
                                                  /home/docker/STM32Cube/Repository/Packs/STMicroelectronics/X-CUBE-AI/9.0.0/Middlewares/ST/AI/Lib/GCC/ARMCortexM4/NetworkRuntime900_CM4_GCC.a(st_align_factor.o)
__aeabi_f2ulz                                     /opt/st/stm32cubeide_1.15.0/plugins/com.st.stm32cube.ide.mcu.externaltools.gnu-tools-for-stm32.12.3.rel1.linux64_1.0.100.202403111256/tools/bin/../lib/gcc/arm-none-eabi/12.3.1/thumb/v7e-m+fp/hard/libgcc.a(_fixunssfdi.o)
                                                  /opt/st/stm32cubeide_1.15.0/plugins/com.st.stm32cube.ide.mcu.externaltools.gnu-tools-for-stm32.12.3.rel1.linux64_1.0.100.202403111256/tools/bin/../lib/gcc/arm-none-eabi/12.3.1/thumb/v7e-m+fp/hard/libgcc.a(_fixsfdi.o)
__aeabi_i2d                                       /opt/st/stm32cubeide_1.15.0/plugins/com.st.stm32cube.ide.mcu.externaltools.gnu-tools-for-stm32.12.3.rel1.linux64_1.0.100.202403111256/tools/bin/../lib/gcc/arm-none-eabi/12.3.1/thumb/v7e-m+fp/hard/libgcc.a(_arm_addsubdf3.o)
__aeabi_l2d                                       /opt/st/stm32cubeide_1.15.0/plugins/com.st.stm32cube.ide.mcu.externaltools.gnu-tools-for-stm32.12.3.rel1.linux64_1.0.100.202403111256/tools/bin/../lib/gcc/arm-none-eabi/12.3.1/thumb/v7e-m+fp/hard/libgcc.a(_arm_addsubdf3.o)
__aeabi_ui2d                                      /opt/st/stm32cubeide_1.15.0/plugins/com.st.stm32cube.ide.mcu.externaltools.gnu-tools-for-stm32.12.3.rel1.linux64_1.0.100.202403111256/tools/bin/../lib/gcc/arm-none-eabi/12.3.1/thumb/v7e-m+fp/hard/libgcc.a(_arm_addsubdf3.o)
                                                  /opt/st/stm32cubeide_1.15.0/plugins/com.st.stm32cube.ide.mcu.externaltools.gnu-tools-for-stm32.12.3.rel1.linux64_1.0.100.202403111256/tools/bin/../lib/gcc/arm-none-eabi/12.3.1/thumb/v7e-m+fp/hard/libgcc.a(_fixunssfdi.o)
__aeabi_ul2d                                      /opt/st/stm32cubeide_1.15.0/plugins/com.st.stm32cube.ide.mcu.externaltools.gnu-tools-for-stm32.12.3.rel1.linux64_1.0.100.202403111256/tools/bin/../lib/gcc/arm-none-eabi/12.3.1/thumb/v7e-m+fp/hard/libgcc.a(_arm_addsubdf3.o)
__bss_end__                                       /opt/st/stm32cubeide_1.15.0/plugins/com.st.stm32cube.ide.mcu.externaltools.gnu-tools-for-stm32.12.3.rel1.linux64_1.0.100.202403111256/tools/bin/../lib/gcc/arm-none-eabi/12.3.1/../../../../arm-none-eabi/lib/thumb/v7e-m+fp/hard/crt0.o
__bss_start__                                     /opt/st/stm32cubeide_1.15.0/plugins/com.st.stm32cube.ide.mcu.externaltools.gnu-tools-for-stm32.12.3.rel1.linux64_1.0.100.202403111256/tools/bin/../lib/gcc/arm-none-eabi/12.3.1/../../../../arm-none-eabi/lib/thumb/v7e-m+fp/hard/crt0.o
__call_exitprocs                                  /opt/st/stm32cubeide_1.15.0/plugins/com.st.stm32cube.ide.mcu.externaltools.gnu-tools-for-stm32.12.3.rel1.linux64_1.0.100.202403111256/tools/bin/../lib/gcc/arm-none-eabi/12.3.1/../../../../arm-none-eabi/lib/thumb/v7e-m+fp/hard/libc_nano.a(libc_a-exit.o)
__cmpdf2                                          /opt/st/stm32cubeide_1.15.0/plugins/com.st.stm32cube.ide.mcu.externaltools.gnu-tools-for-stm32.12.3.rel1.linux64_1.0.100.202403111256/tools/bin/../lib/gcc/arm-none-eabi/12.3.1/thumb/v7e-m+fp/hard/libgcc.a(_arm_cmpdf2.o)
__deregister_frame_info                           /opt/st/stm32cubeide_1.15.0/plugins/com.st.stm32cube.ide.mcu.externaltools.gnu-tools-for-stm32.12.3.rel1.linux64_1.0.100.202403111256/tools/bin/../lib/gcc/arm-none-eabi/12.3.1/thumb/v7e-m+fp/hard/crtbegin.o
__divdf3                                          /opt/st/stm32cubeide_1.15.0/plugins/com.st.stm32cube.ide.mcu.externaltools.gnu-tools-for-stm32.12.3.rel1.linux64_1.0.100.202403111256/tools/bin/../lib/gcc/arm-none-eabi/12.3.1/thumb/v7e-m+fp/hard/libgcc.a(_arm_muldivdf3.o)
__dso_handle                                      /opt/st/stm32cubeide_1.15.0/plugins/com.st.stm32cube.ide.mcu.externaltools.gnu-tools-for-stm32.12.3.rel1.linux64_1.0.100.202403111256/tools/bin/../lib/gcc/arm-none-eabi/12.3.1/thumb/v7e-m+fp/hard/crtbegin.o
__eqdf2                                           /opt/st/stm32cubeide_1.15.0/plugins/com.st.stm32cube.ide.mcu.externaltools.gnu-tools-for-stm32.12.3.rel1.linux64_1.0.100.202403111256/tools/bin/../lib/gcc/arm-none-eabi/12.3.1/thumb/v7e-m+fp/hard/libgcc.a(_arm_cmpdf2.o)
__errno                                           /opt/st/stm32cubeide_1.15.0/plugins/com.st.stm32cube.ide.mcu.externaltools.gnu-tools-for-stm32.12.3.rel1.linux64_1.0.100.202403111256/tools/bin/../lib/gcc/arm-none-eabi/12.3.1/../../../../arm-none-eabi/lib/thumb/v7e-m+fp/hard/libc_nano.a(libc_a-errno.o)
                                                  /opt/st/stm32cubeide_1.15.0/plugins/com.st.stm32cube.ide.mcu.externaltools.gnu-tools-for-stm32.12.3.rel1.linux64_1.0.100.202403111256/tools/bin/../lib/gcc/arm-none-eabi/12.3.1/../../../../arm-none-eabi/lib/thumb/v7e-m+fp/hard/libm.a(libm_a-math_errf.o)
                                                  /opt/st/stm32cubeide_1.15.0/plugins/com.st.stm32cube.ide.mcu.externaltools.gnu-tools-for-stm32.12.3.rel1.linux64_1.0.100.202403111256/tools/bin/../lib/gcc/arm-none-eabi/12.3.1/../../../../arm-none-eabi/lib/thumb/v7e-m+fp/hard/libm.a(libm_a-math_err.o)
                                                  /opt/st/stm32cubeide_1.15.0/plugins/com.st.stm32cube.ide.mcu.externaltools.gnu-tools-for-stm32.12.3.rel1.linux64_1.0.100.202403111256/tools/bin/../lib/gcc/arm-none-eabi/12.3.1/../../../../arm-none-eabi/lib/thumb/v7e-m+fp/hard/libm.a(libm_a-wf_sinh.o)
                                                  /opt/st/stm32cubeide_1.15.0/plugins/com.st.stm32cube.ide.mcu.externaltools.gnu-tools-for-stm32.12.3.rel1.linux64_1.0.100.202403111256/tools/bin/../lib/gcc/arm-none-eabi/12.3.1/../../../../arm-none-eabi/lib/thumb/v7e-m+fp/hard/libm.a(libm_a-wf_pow.o)
                                                  /opt/st/stm32cubeide_1.15.0/plugins/com.st.stm32cube.ide.mcu.externaltools.gnu-tools-for-stm32.12.3.rel1.linux64_1.0.100.202403111256/tools/bin/../lib/gcc/arm-none-eabi/12.3.1/../../../../arm-none-eabi/lib/thumb/v7e-m+fp/hard/libm.a(libm_a-wf_log.o)
                                                  /opt/st/stm32cubeide_1.15.0/plugins/com.st.stm32cube.ide.mcu.externaltools.gnu-tools-for-stm32.12.3.rel1.linux64_1.0.100.202403111256/tools/bin/../lib/gcc/arm-none-eabi/12.3.1/../../../../arm-none-eabi/lib/thumb/v7e-m+fp/hard/libm.a(libm_a-wf_fmod.o)
                                                  /opt/st/stm32cubeide_1.15.0/plugins/com.st.stm32cube.ide.mcu.externaltools.gnu-tools-for-stm32.12.3.rel1.linux64_1.0.100.202403111256/tools/bin/../lib/gcc/arm-none-eabi/12.3.1/../../../../arm-none-eabi/lib/thumb/v7e-m+fp/hard/libm.a(libm_a-wf_exp.o)
                                                  /opt/st/stm32cubeide_1.15.0/plugins/com.st.stm32cube.ide.mcu.externaltools.gnu-tools-for-stm32.12.3.rel1.linux64_1.0.100.202403111256/tools/bin/../lib/gcc/arm-none-eabi/12.3.1/../../../../arm-none-eabi/lib/thumb/v7e-m+fp/hard/libm.a(libm_a-wf_cosh.o)
                                                  /opt/st/stm32cubeide_1.15.0/plugins/com.st.stm32cube.ide.mcu.externaltools.gnu-tools-for-stm32.12.3.rel1.linux64_1.0.100.202403111256/tools/bin/../lib/gcc/arm-none-eabi/12.3.1/../../../../arm-none-eabi/lib/thumb/v7e-m+fp/hard/libm.a(libm_a-wf_atanh.o)
                                                  /opt/st/stm32cubeide_1.15.0/plugins/com.st.stm32cube.ide.mcu.externaltools.gnu-tools-for-stm32.12.3.rel1.linux64_1.0.100.202403111256/tools/bin/../lib/gcc/arm-none-eabi/12.3.1/../../../../arm-none-eabi/lib/thumb/v7e-m+fp/hard/libm.a(libm_a-wf_asin.o)
                                                  /opt/st/stm32cubeide_1.15.0/plugins/com.st.stm32cube.ide.mcu.externaltools.gnu-tools-for-stm32.12.3.rel1.linux64_1.0.100.202403111256/tools/bin/../lib/gcc/arm-none-eabi/12.3.1/../../../../arm-none-eabi/lib/thumb/v7e-m+fp/hard/libm.a(libm_a-wf_acosh.o)
                                                  /opt/st/stm32cubeide_1.15.0/plugins/com.st.stm32cube.ide.mcu.externaltools.gnu-tools-for-stm32.12.3.rel1.linux64_1.0.100.202403111256/tools/bin/../lib/gcc/arm-none-eabi/12.3.1/../../../../arm-none-eabi/lib/thumb/v7e-m+fp/hard/libm.a(libm_a-wf_acos.o)
                                                  sysmem.o
__extendsfdf2                                     /opt/st/stm32cubeide_1.15.0/plugins/com.st.stm32cube.ide.mcu.externaltools.gnu-tools-for-stm32.12.3.rel1.linux64_1.0.100.202403111256/tools/bin/../lib/gcc/arm-none-eabi/12.3.1/thumb/v7e-m+fp/hard/libgcc.a(_arm_addsubdf3.o)
__fixsfdi                                         /opt/st/stm32cubeide_1.15.0/plugins/com.st.stm32cube.ide.mcu.externaltools.gnu-tools-for-stm32.12.3.rel1.linux64_1.0.100.202403111256/tools/bin/../lib/gcc/arm-none-eabi/12.3.1/thumb/v7e-m+fp/hard/libgcc.a(_fixsfdi.o)
__fixunsdfsi                                      /opt/st/stm32cubeide_1.15.0/plugins/com.st.stm32cube.ide.mcu.externaltools.gnu-tools-for-stm32.12.3.rel1.linux64_1.0.100.202403111256/tools/bin/../lib/gcc/arm-none-eabi/12.3.1/thumb/v7e-m+fp/hard/libgcc.a(_arm_fixunsdfsi.o)
__fixunssfdi                                      /opt/st/stm32cubeide_1.15.0/plugins/com.st.stm32cube.ide.mcu.externaltools.gnu-tools-for-stm32.12.3.rel1.linux64_1.0.100.202403111256/tools/bin/../lib/gcc/arm-none-eabi/12.3.1/thumb/v7e-m+fp/hard/libgcc.a(_fixunssfdi.o)
__floatdidf                                       /opt/st/stm32cubeide_1.15.0/plugins/com.st.stm32cube.ide.mcu.externaltools.gnu-tools-for-stm32.12.3.rel1.linux64_1.0.100.202403111256/tools/bin/../lib/gcc/arm-none-eabi/12.3.1/thumb/v7e-m+fp/hard/libgcc.a(_arm_addsubdf3.o)
__floatsidf                                       /opt/st/stm32cubeide_1.15.0/plugins/com.st.stm32cube.ide.mcu.externaltools.gnu-tools-for-stm32.12.3.rel1.linux64_1.0.100.202403111256/tools/bin/../lib/gcc/arm-none-eabi/12.3.1/thumb/v7e-m+fp/hard/libgcc.a(_arm_addsubdf3.o)
__floatundidf                                     /opt/st/stm32cubeide_1.15.0/plugins/com.st.stm32cube.ide.mcu.externaltools.gnu-tools-for-stm32.12.3.rel1.linux64_1.0.100.202403111256/tools/bin/../lib/gcc/arm-none-eabi/12.3.1/thumb/v7e-m+fp/hard/libgcc.a(_arm_addsubdf3.o)
__floatunsidf                                     /opt/st/stm32cubeide_1.15.0/plugins/com.st.stm32cube.ide.mcu.externaltools.gnu-tools-for-stm32.12.3.rel1.linux64_1.0.100.202403111256/tools/bin/../lib/gcc/arm-none-eabi/12.3.1/thumb/v7e-m+fp/hard/libgcc.a(_arm_addsubdf3.o)
__fp_lock_all                                     /opt/st/stm32cubeide_1.15.0/plugins/com.st.stm32cube.ide.mcu.externaltools.gnu-tools-for-stm32.12.3.rel1.linux64_1.0.100.202403111256/tools/bin/../lib/gcc/arm-none-eabi/12.3.1/../../../../arm-none-eabi/lib/thumb/v7e-m+fp/hard/libc_nano.a(libc_a-findfp.o)
__fp_unlock_all                                   /opt/st/stm32cubeide_1.15.0/plugins/com.st.stm32cube.ide.mcu.externaltools.gnu-tools-for-stm32.12.3.rel1.linux64_1.0.100.202403111256/tools/bin/../lib/gcc/arm-none-eabi/12.3.1/../../../../arm-none-eabi/lib/thumb/v7e-m+fp/hard/libc_nano.a(libc_a-findfp.o)
__gedf2                                           /opt/st/stm32cubeide_1.15.0/plugins/com.st.stm32cube.ide.mcu.externaltools.gnu-tools-for-stm32.12.3.rel1.linux64_1.0.100.202403111256/tools/bin/../lib/gcc/arm-none-eabi/12.3.1/thumb/v7e-m+fp/hard/libgcc.a(_arm_cmpdf2.o)
__gtdf2                                           /opt/st/stm32cubeide_1.15.0/plugins/com.st.stm32cube.ide.mcu.externaltools.gnu-tools-for-stm32.12.3.rel1.linux64_1.0.100.202403111256/tools/bin/../lib/gcc/arm-none-eabi/12.3.1/thumb/v7e-m+fp/hard/libgcc.a(_arm_cmpdf2.o)
__ieee754_acosf                                   /opt/st/stm32cubeide_1.15.0/plugins/com.st.stm32cube.ide.mcu.externaltools.gnu-tools-for-stm32.12.3.rel1.linux64_1.0.100.202403111256/tools/bin/../lib/gcc/arm-none-eabi/12.3.1/../../../../arm-none-eabi/lib/thumb/v7e-m+fp/hard/libm.a(libm_a-ef_acos.o)
                                                  /opt/st/stm32cubeide_1.15.0/plugins/com.st.stm32cube.ide.mcu.externaltools.gnu-tools-for-stm32.12.3.rel1.linux64_1.0.100.202403111256/tools/bin/../lib/gcc/arm-none-eabi/12.3.1/../../../../arm-none-eabi/lib/thumb/v7e-m+fp/hard/libm.a(libm_a-wf_acos.o)
__ieee754_acoshf                                  /opt/st/stm32cubeide_1.15.0/plugins/com.st.stm32cube.ide.mcu.externaltools.gnu-tools-for-stm32.12.3.rel1.linux64_1.0.100.202403111256/tools/bin/../lib/gcc/arm-none-eabi/12.3.1/../../../../arm-none-eabi/lib/thumb/v7e-m+fp/hard/libm.a(libm_a-ef_acosh.o)
                                                  /opt/st/stm32cubeide_1.15.0/plugins/com.st.stm32cube.ide.mcu.externaltools.gnu-tools-for-stm32.12.3.rel1.linux64_1.0.100.202403111256/tools/bin/../lib/gcc/arm-none-eabi/12.3.1/../../../../arm-none-eabi/lib/thumb/v7e-m+fp/hard/libm.a(libm_a-wf_acosh.o)
__ieee754_asinf                                   /opt/st/stm32cubeide_1.15.0/plugins/com.st.stm32cube.ide.mcu.externaltools.gnu-tools-for-stm32.12.3.rel1.linux64_1.0.100.202403111256/tools/bin/../lib/gcc/arm-none-eabi/12.3.1/../../../../arm-none-eabi/lib/thumb/v7e-m+fp/hard/libm.a(libm_a-ef_asin.o)
                                                  /opt/st/stm32cubeide_1.15.0/plugins/com.st.stm32cube.ide.mcu.externaltools.gnu-tools-for-stm32.12.3.rel1.linux64_1.0.100.202403111256/tools/bin/../lib/gcc/arm-none-eabi/12.3.1/../../../../arm-none-eabi/lib/thumb/v7e-m+fp/hard/libm.a(libm_a-wf_asin.o)
__ieee754_atanhf                                  /opt/st/stm32cubeide_1.15.0/plugins/com.st.stm32cube.ide.mcu.externaltools.gnu-tools-for-stm32.12.3.rel1.linux64_1.0.100.202403111256/tools/bin/../lib/gcc/arm-none-eabi/12.3.1/../../../../arm-none-eabi/lib/thumb/v7e-m+fp/hard/libm.a(libm_a-ef_atanh.o)
                                                  /opt/st/stm32cubeide_1.15.0/plugins/com.st.stm32cube.ide.mcu.externaltools.gnu-tools-for-stm32.12.3.rel1.linux64_1.0.100.202403111256/tools/bin/../lib/gcc/arm-none-eabi/12.3.1/../../../../arm-none-eabi/lib/thumb/v7e-m+fp/hard/libm.a(libm_a-wf_atanh.o)
__ieee754_coshf                                   /opt/st/stm32cubeide_1.15.0/plugins/com.st.stm32cube.ide.mcu.externaltools.gnu-tools-for-stm32.12.3.rel1.linux64_1.0.100.202403111256/tools/bin/../lib/gcc/arm-none-eabi/12.3.1/../../../../arm-none-eabi/lib/thumb/v7e-m+fp/hard/libm.a(libm_a-ef_cosh.o)
                                                  /opt/st/stm32cubeide_1.15.0/plugins/com.st.stm32cube.ide.mcu.externaltools.gnu-tools-for-stm32.12.3.rel1.linux64_1.0.100.202403111256/tools/bin/../lib/gcc/arm-none-eabi/12.3.1/../../../../arm-none-eabi/lib/thumb/v7e-m+fp/hard/libm.a(libm_a-wf_cosh.o)
__ieee754_expf                                    /opt/st/stm32cubeide_1.15.0/plugins/com.st.stm32cube.ide.mcu.externaltools.gnu-tools-for-stm32.12.3.rel1.linux64_1.0.100.202403111256/tools/bin/../lib/gcc/arm-none-eabi/12.3.1/../../../../arm-none-eabi/lib/thumb/v7e-m+fp/hard/libm.a(libm_a-ef_exp.o)
                                                  /opt/st/stm32cubeide_1.15.0/plugins/com.st.stm32cube.ide.mcu.externaltools.gnu-tools-for-stm32.12.3.rel1.linux64_1.0.100.202403111256/tools/bin/../lib/gcc/arm-none-eabi/12.3.1/../../../../arm-none-eabi/lib/thumb/v7e-m+fp/hard/libm.a(libm_a-ef_sinh.o)
                                                  /opt/st/stm32cubeide_1.15.0/plugins/com.st.stm32cube.ide.mcu.externaltools.gnu-tools-for-stm32.12.3.rel1.linux64_1.0.100.202403111256/tools/bin/../lib/gcc/arm-none-eabi/12.3.1/../../../../arm-none-eabi/lib/thumb/v7e-m+fp/hard/libm.a(libm_a-ef_cosh.o)
                                                  /opt/st/stm32cubeide_1.15.0/plugins/com.st.stm32cube.ide.mcu.externaltools.gnu-tools-for-stm32.12.3.rel1.linux64_1.0.100.202403111256/tools/bin/../lib/gcc/arm-none-eabi/12.3.1/../../../../arm-none-eabi/lib/thumb/v7e-m+fp/hard/libm.a(libm_a-sf_erf.o)
                                                  /opt/st/stm32cubeide_1.15.0/plugins/com.st.stm32cube.ide.mcu.externaltools.gnu-tools-for-stm32.12.3.rel1.linux64_1.0.100.202403111256/tools/bin/../lib/gcc/arm-none-eabi/12.3.1/../../../../arm-none-eabi/lib/thumb/v7e-m+fp/hard/libm.a(libm_a-wf_exp.o)
__ieee754_fmodf                                   /opt/st/stm32cubeide_1.15.0/plugins/com.st.stm32cube.ide.mcu.externaltools.gnu-tools-for-stm32.12.3.rel1.linux64_1.0.100.202403111256/tools/bin/../lib/gcc/arm-none-eabi/12.3.1/../../../../arm-none-eabi/lib/thumb/v7e-m+fp/hard/libm.a(libm_a-ef_fmod.o)
                                                  /opt/st/stm32cubeide_1.15.0/plugins/com.st.stm32cube.ide.mcu.externaltools.gnu-tools-for-stm32.12.3.rel1.linux64_1.0.100.202403111256/tools/bin/../lib/gcc/arm-none-eabi/12.3.1/../../../../arm-none-eabi/lib/thumb/v7e-m+fp/hard/libm.a(libm_a-wf_fmod.o)